Archive member included to satisfy reference by file (symbol)

/usr/lib/gcc/arm-none-eabi/9.2.1/../../../arm-none-eabi/lib/thumb/v7e-m+fp/hard/libc.a(lib_a-atexit.o)
                              /usr/lib/gcc/arm-none-eabi/9.2.1/../../../arm-none-eabi/lib/thumb/v7e-m+fp/hard/crt0.o (atexit)
/usr/lib/gcc/arm-none-eabi/9.2.1/../../../arm-none-eabi/lib/thumb/v7e-m+fp/hard/libc.a(lib_a-exit.o)
                              /usr/lib/gcc/arm-none-eabi/9.2.1/../../../arm-none-eabi/lib/thumb/v7e-m+fp/hard/crt0.o (exit)
/usr/lib/gcc/arm-none-eabi/9.2.1/../../../arm-none-eabi/lib/thumb/v7e-m+fp/hard/libc.a(lib_a-fini.o)
                              /usr/lib/gcc/arm-none-eabi/9.2.1/../../../arm-none-eabi/lib/thumb/v7e-m+fp/hard/crt0.o (__libc_fini_array)
/usr/lib/gcc/arm-none-eabi/9.2.1/../../../arm-none-eabi/lib/thumb/v7e-m+fp/hard/libc.a(lib_a-impure.o)
                              /usr/lib/gcc/arm-none-eabi/9.2.1/../../../arm-none-eabi/lib/thumb/v7e-m+fp/hard/libc.a(lib_a-exit.o) (_global_impure_ptr)
/usr/lib/gcc/arm-none-eabi/9.2.1/../../../arm-none-eabi/lib/thumb/v7e-m+fp/hard/libc.a(lib_a-memcmp.o)
                              build/kernel/components/finsh/shell.o (memcmp)
/usr/lib/gcc/arm-none-eabi/9.2.1/../../../arm-none-eabi/lib/thumb/v7e-m+fp/hard/libc.a(lib_a-memcpy.o)
                              build/packages/fal-v0.5.0/src/fal_rtt.o (memcpy)
/usr/lib/gcc/arm-none-eabi/9.2.1/../../../arm-none-eabi/lib/thumb/v7e-m+fp/hard/libc.a(lib_a-memset.o)
                              /usr/lib/gcc/arm-none-eabi/9.2.1/../../../arm-none-eabi/lib/thumb/v7e-m+fp/hard/crt0.o (memset)
/usr/lib/gcc/arm-none-eabi/9.2.1/../../../arm-none-eabi/lib/thumb/v7e-m+fp/hard/libc.a(lib_a-strcmp.o)
                              build/packages/fal-v0.5.0/src/fal_partition.o (strcmp)
/usr/lib/gcc/arm-none-eabi/9.2.1/../../../arm-none-eabi/lib/thumb/v7e-m+fp/hard/libc.a(lib_a-strcpy.o)
                              build/kernel/components/finsh/shell.o (strcpy)
/usr/lib/gcc/arm-none-eabi/9.2.1/../../../arm-none-eabi/lib/thumb/v7e-m+fp/hard/libc.a(lib_a-strlen.o)
                              build/kernel/components/finsh/msh.o (strlen)
/usr/lib/gcc/arm-none-eabi/9.2.1/../../../arm-none-eabi/lib/thumb/v7e-m+fp/hard/libc.a(lib_a-strncmp.o)
                              build/kernel/components/finsh/msh.o (strncmp)
/usr/lib/gcc/arm-none-eabi/9.2.1/../../../arm-none-eabi/lib/thumb/v7e-m+fp/hard/libc.a(lib_a-strncpy.o)
                              build/kernel/components/finsh/shell.o (strncpy)
/usr/lib/gcc/arm-none-eabi/9.2.1/../../../arm-none-eabi/lib/thumb/v7e-m+fp/hard/libc.a(lib_a-strtol.o)
                              build/packages/fal-v0.5.0/src/fal_rtt.o (strtol)
/usr/lib/gcc/arm-none-eabi/9.2.1/../../../arm-none-eabi/lib/thumb/v7e-m+fp/hard/libc.a(lib_a-__atexit.o)
                              /usr/lib/gcc/arm-none-eabi/9.2.1/../../../arm-none-eabi/lib/thumb/v7e-m+fp/hard/libc.a(lib_a-atexit.o) (__register_exitproc)
/usr/lib/gcc/arm-none-eabi/9.2.1/../../../arm-none-eabi/lib/thumb/v7e-m+fp/hard/libc.a(lib_a-__call_atexit.o)
                              /usr/lib/gcc/arm-none-eabi/9.2.1/../../../arm-none-eabi/lib/thumb/v7e-m+fp/hard/libc.a(lib_a-exit.o) (__call_exitprocs)
/usr/lib/gcc/arm-none-eabi/9.2.1/../../../arm-none-eabi/lib/thumb/v7e-m+fp/hard/libc.a(lib_a-ctype_.o)
                              /usr/lib/gcc/arm-none-eabi/9.2.1/../../../arm-none-eabi/lib/thumb/v7e-m+fp/hard/libc.a(lib_a-strtol.o) (_ctype_)
/usr/lib/gcc/arm-none-eabi/9.2.1/thumb/v7e-m+fp/hard/libgcc.a(_aeabi_ldivmod.o)
                              build/kernel/components/libc/compilers/common/time.o (__aeabi_ldivmod)
/usr/lib/gcc/arm-none-eabi/9.2.1/thumb/v7e-m+fp/hard/libgcc.a(_aeabi_uldivmod.o)
                              /home/demo_t/workspace/rtt_4_0_gcba/bsp/stm32/libraries/STM32F4xx_HAL/STM32F4xx_HAL_Driver/Src/stm32f4xx_hal_uart.o (__aeabi_uldivmod)
/usr/lib/gcc/arm-none-eabi/9.2.1/thumb/v7e-m+fp/hard/libgcc.a(_udivmoddi4.o)
                              /usr/lib/gcc/arm-none-eabi/9.2.1/thumb/v7e-m+fp/hard/libgcc.a(_aeabi_ldivmod.o) (__udivmoddi4)
/usr/lib/gcc/arm-none-eabi/9.2.1/thumb/v7e-m+fp/hard/libgcc.a(_dvmd_tls.o)
                              /usr/lib/gcc/arm-none-eabi/9.2.1/thumb/v7e-m+fp/hard/libgcc.a(_aeabi_ldivmod.o) (__aeabi_ldiv0)

Allocating common symbols
Common symbol       size              file

rt_interrupt_to_thread
                    0x4               build/kernel/libcpu/arm/cortex-m4/cpuport.o
rt_interrupt_from_thread
                    0x4               build/kernel/libcpu/arm/cortex-m4/cpuport.o
shell               0x4               build/kernel/components/finsh/shell.o
rt_thread_switch_interrupt_flag
                    0x4               build/kernel/libcpu/arm/cortex-m4/cpuport.o
uwTick              0x4               /home/demo_t/workspace/rtt_4_0_gcba/bsp/stm32/libraries/STM32F4xx_HAL/STM32F4xx_HAL_Driver/Src/stm32f4xx_hal.o
[...]
Memory Configuration

Name             Origin             Length             Attributes
ROM              0x0000000008000000 0x0000000000100000 xr
RAM              0x0000000020000000 0x0000000000020000 rw
*default*        0x0000000000000000 0xffffffffffffffff

Linker script and memory map

LOAD /usr/lib/gcc/arm-none-eabi/9.2.1/thumb/v7e-m+fp/hard/crti.o
LOAD /usr/lib/gcc/arm-none-eabi/9.2.1/thumb/v7e-m+fp/hard/crtbegin.o
LOAD /usr/lib/gcc/arm-none-eabi/9.2.1/../../../arm-none-eabi/lib/thumb/v7e-m+fp/hard/crt0.o
LOAD build/board/board.o
LOAD /home/demo_t/workspace/rtt_4_0_gcba/bsp/stm32/libraries/STM32F4xx_HAL/CMSIS/Device/ST/STM32F4xx/Source/Templates/gcc/startup_stm32f407xx.o
LOAD build/board/CubeMX_Config/Src/stm32f4xx_hal_msp.o
LOAD build/applications/main.o
LOAD build/packages/_hello/src/hello.o
LOAD build/kernel/src/kservice.o
LOAD build/kernel/src/memheap.o
LOAD build/kernel/src/scheduler.o
LOAD build/kernel/src/irq.o
LOAD build/kernel/src/components.o
LOAD build/kernel/src/clock.o
LOAD build/kernel/src/device.o
LOAD build/kernel/src/thread.o
LOAD build/kernel/src/ipc.o
LOAD build/kernel/src/idle.o
LOAD build/kernel/src/mem.o
LOAD build/kernel/src/mempool.o
LOAD build/kernel/src/timer.o
LOAD build/kernel/src/object.o
LOAD build/kernel/libcpu/arm/common/div0.o
LOAD build/kernel/libcpu/arm/common/backtrace.o
LOAD build/kernel/libcpu/arm/common/showmem.o
LOAD build/kernel/libcpu/arm/cortex-m4/cpuport.o
LOAD build/kernel/libcpu/arm/cortex-m4/context_gcc.o
LOAD build/kernel/components/finsh/msh.o
LOAD build/kernel/components/finsh/shell.o
LOAD build/kernel/components/libc/compilers/newlib/syscalls.o
LOAD build/kernel/components/libc/compilers/common/time.o
LOAD build/kernel/components/libc/compilers/common/stdlib.o
LOAD build/kernel/components/drivers/misc/pin.o
LOAD build/kernel/components/drivers/serial/serial.o
LOAD build/kernel/components/drivers/ipc/dataqueue.o
LOAD build/kernel/components/drivers/ipc/pipe.o
LOAD build/kernel/components/drivers/ipc/completion.o
LOAD build/kernel/components/drivers/ipc/waitqueue.o
LOAD build/kernel/components/drivers/ipc/workqueue.o
LOAD build/kernel/components/drivers/ipc/ringbuffer.o
LOAD build/kernel/components/drivers/ipc/ringblk_buf.o
LOAD /home/demo_t/workspace/rtt_4_0_gcba/bsp/stm32/libraries/STM32F4xx_HAL/STM32F4xx_HAL_Driver/Src/stm32f4xx_hal_dma_ex.o
LOAD /home/demo_t/workspace/rtt_4_0_gcba/bsp/stm32/libraries/STM32F4xx_HAL/CMSIS/Device/ST/STM32F4xx/Source/Templates/system_stm32f4xx.o
LOAD /home/demo_t/workspace/rtt_4_0_gcba/bsp/stm32/libraries/STM32F4xx_HAL/STM32F4xx_HAL_Driver/Src/stm32f4xx_hal_cortex.o
LOAD /home/demo_t/workspace/rtt_4_0_gcba/bsp/stm32/libraries/STM32F4xx_HAL/STM32F4xx_HAL_Driver/Src/stm32f4xx_hal_pwr_ex.o
LOAD /home/demo_t/workspace/rtt_4_0_gcba/bsp/stm32/libraries/STM32F4xx_HAL/STM32F4xx_HAL_Driver/Src/stm32f4xx_hal_dma.o
LOAD /home/demo_t/workspace/rtt_4_0_gcba/bsp/stm32/libraries/STM32F4xx_HAL/STM32F4xx_HAL_Driver/Src/stm32f4xx_hal_flash_ramfunc.o
LOAD /home/demo_t/workspace/rtt_4_0_gcba/bsp/stm32/libraries/STM32F4xx_HAL/STM32F4xx_HAL_Driver/Src/stm32f4xx_hal_rng.o
LOAD /home/demo_t/workspace/rtt_4_0_gcba/bsp/stm32/libraries/STM32F4xx_HAL/STM32F4xx_HAL_Driver/Src/stm32f4xx_hal_cryp.o
LOAD /home/demo_t/workspace/rtt_4_0_gcba/bsp/stm32/libraries/STM32F4xx_HAL/STM32F4xx_HAL_Driver/Src/stm32f4xx_hal_crc.o
LOAD /home/demo_t/workspace/rtt_4_0_gcba/bsp/stm32/libraries/STM32F4xx_HAL/STM32F4xx_HAL_Driver/Src/stm32f4xx_hal_cryp_ex.o
LOAD /home/demo_t/workspace/rtt_4_0_gcba/bsp/stm32/libraries/STM32F4xx_HAL/STM32F4xx_HAL_Driver/Src/stm32f4xx_hal_gpio.o
LOAD /home/demo_t/workspace/rtt_4_0_gcba/bsp/stm32/libraries/STM32F4xx_HAL/STM32F4xx_HAL_Driver/Src/stm32f4xx_hal_flash_ex.o
LOAD /home/demo_t/workspace/rtt_4_0_gcba/bsp/stm32/libraries/STM32F4xx_HAL/STM32F4xx_HAL_Driver/Src/stm32f4xx_hal.o
LOAD /home/demo_t/workspace/rtt_4_0_gcba/bsp/stm32/libraries/STM32F4xx_HAL/STM32F4xx_HAL_Driver/Src/stm32f4xx_hal_cec.o
LOAD /home/demo_t/workspace/rtt_4_0_gcba/bsp/stm32/libraries/STM32F4xx_HAL/STM32F4xx_HAL_Driver/Src/stm32f4xx_hal_rcc_ex.o
LOAD /home/demo_t/workspace/rtt_4_0_gcba/bsp/stm32/libraries/STM32F4xx_HAL/STM32F4xx_HAL_Driver/Src/stm32f4xx_hal_uart.o
LOAD /home/demo_t/workspace/rtt_4_0_gcba/bsp/stm32/libraries/STM32F4xx_HAL/STM32F4xx_HAL_Driver/Src/stm32f4xx_hal_usart.o
LOAD /home/demo_t/workspace/rtt_4_0_gcba/bsp/stm32/libraries/STM32F4xx_HAL/STM32F4xx_HAL_Driver/Src/stm32f4xx_hal_flash.o
LOAD /home/demo_t/workspace/rtt_4_0_gcba/bsp/stm32/libraries/STM32F4xx_HAL/STM32F4xx_HAL_Driver/Src/stm32f4xx_hal_pwr.o
LOAD /home/demo_t/workspace/rtt_4_0_gcba/bsp/stm32/libraries/STM32F4xx_HAL/STM32F4xx_HAL_Driver/Src/stm32f4xx_hal_rcc.o
LOAD /home/demo_t/workspace/rtt_4_0_gcba/bsp/stm32/libraries/HAL_Drivers/drv_flash/drv_flash_f4.o
LOAD /home/demo_t/workspace/rtt_4_0_gcba/bsp/stm32/libraries/HAL_Drivers/drv_gpio.o
LOAD /home/demo_t/workspace/rtt_4_0_gcba/bsp/stm32/libraries/HAL_Drivers/drv_common.o
LOAD /home/demo_t/workspace/rtt_4_0_gcba/bsp/stm32/libraries/HAL_Drivers/drv_usart.o
LOAD build/packages/fal-v0.5.0/src/fal_partition.o
LOAD build/packages/fal-v0.5.0/src/fal_rtt.o
LOAD build/packages/fal-v0.5.0/src/fal_flash.o
LOAD build/packages/fal-v0.5.0/src/fal.o
LOAD /usr/lib/gcc/arm-none-eabi/9.2.1/../../../arm-none-eabi/lib/thumb/v7e-m+fp/hard/libm.a
LOAD /usr/lib/gcc/arm-none-eabi/9.2.1/../../../arm-none-eabi/lib/thumb/v7e-m+fp/hard/libc.a
START GROUP
LOAD /usr/lib/gcc/arm-none-eabi/9.2.1/thumb/v7e-m+fp/hard/libgcc.a
LOAD /usr/lib/gcc/arm-none-eabi/9.2.1/../../../arm-none-eabi/lib/thumb/v7e-m+fp/hard/libc.a
END GROUP
LOAD /usr/lib/gcc/arm-none-eabi/9.2.1/thumb/v7e-m+fp/hard/crtend.o
LOAD /usr/lib/gcc/arm-none-eabi/9.2.1/thumb/v7e-m+fp/hard/crtn.o
                0x0000000000000200                _system_stack_size = 0x200

.text           0x0000000008000000    0x109dc
                0x0000000008000000                . = ALIGN (0x4)
                0x0000000008000000                _stext = .
 *(.isr_vector)
 .isr_vector    0x0000000008000000      0x188 /home/demo_t/workspace/rtt_4_0_gcba/bsp/stm32/libraries/STM32F4xx_HAL/CMSIS/Device/ST/STM32F4xx/Source/Templates/gcc/startup_stm32f407xx.o
                0x0000000008000000                g_pfnVectors
                0x0000000008000188                . = ALIGN (0x4)
 *(.text)
 .text          0x0000000008000188       0x88 /usr/lib/gcc/arm-none-eabi/9.2.1/thumb/v7e-m+fp/hard/crtbegin.o
 .text          0x0000000008000210      0x13c build/kernel/libcpu/arm/cortex-m4/context_gcc.o
                0x0000000008000210                rt_hw_interrupt_disable
                0x0000000008000218                rt_hw_interrupt_enable
                0x000000000800021e                rt_hw_context_switch_interrupt
                0x000000000800021e                rt_hw_context_switch
                0x000000000800023e                PendSV_Handler
                0x00000000080002aa                rt_hw_context_switch_to
                0x00000000080002f0                rt_hw_interrupt_thread_switch
                0x00000000080002f4                HardFault_Handler
 .text          0x000000000800034c        0xc /usr/lib/gcc/arm-none-eabi/9.2.1/../../../arm-none-eabi/lib/thumb/v7e-m+fp/hard/libc.a(lib_a-atexit.o)
                0x000000000800034c                atexit
 .text          0x0000000008000358       0x34 /usr/lib/gcc/arm-none-eabi/9.2.1/../../../arm-none-eabi/lib/thumb/v7e-m+fp/hard/libc.a(lib_a-fini.o)
                0x0000000008000358                __libc_fini_array
 .text          0x000000000800038c       0x60 /usr/lib/gcc/arm-none-eabi/9.2.1/../../../arm-none-eabi/lib/thumb/v7e-m+fp/hard/libc.a(lib_a-memcmp.o)
                0x000000000800038c                memcmp
 .text          0x00000000080003ec       0xa0 /usr/lib/gcc/arm-none-eabi/9.2.1/../../../arm-none-eabi/lib/thumb/v7e-m+fp/hard/libc.a(lib_a-memset.o)
                0x00000000080003ec                memset
 *fill*         0x000000000800048c       0x14 00000000
 .text          0x00000000080004a0      0x2dc /usr/lib/gcc/arm-none-eabi/9.2.1/../../../arm-none-eabi/lib/thumb/v7e-m+fp/hard/libc.a(lib_a-strcmp.o)
                0x00000000080004a8                strcmp
 *fill*         0x000000000800077c        0x4 00000000
 .text          0x0000000008000780       0xdc /usr/lib/gcc/arm-none-eabi/9.2.1/../../../arm-none-eabi/lib/thumb/v7e-m+fp/hard/libc.a(lib_a-strlen.o)
                0x0000000008000780                strlen
 .text          0x000000000800085c       0xa4 /usr/lib/gcc/arm-none-eabi/9.2.1/../../../arm-none-eabi/lib/thumb/v7e-m+fp/hard/libc.a(lib_a-strncmp.o)
                0x000000000800085c                strncmp
 .text          0x0000000008000900       0x74 /usr/lib/gcc/arm-none-eabi/9.2.1/../../../arm-none-eabi/lib/thumb/v7e-m+fp/hard/libc.a(lib_a-strncpy.o)
                0x0000000008000900                strncpy
 .text          0x0000000008000974      0x168 /usr/lib/gcc/arm-none-eabi/9.2.1/../../../arm-none-eabi/lib/thumb/v7e-m+fp/hard/libc.a(lib_a-strtol.o)
                0x0000000008000aa8                _strtol_r
                0x0000000008000aac                strtol_l
                0x0000000008000ac4                strtol
 .text          0x0000000008000adc       0x68 /usr/lib/gcc/arm-none-eabi/9.2.1/../../../arm-none-eabi/lib/thumb/v7e-m+fp/hard/libc.a(lib_a-__atexit.o)
                0x0000000008000adc                __register_exitproc
 .text          0x0000000008000b44       0x30 /usr/lib/gcc/arm-none-eabi/9.2.1/thumb/v7e-m+fp/hard/libgcc.a(_aeabi_uldivmod.o)
                0x0000000008000b44                __aeabi_uldivmod
 .text          0x0000000008000b74      0x2c4 /usr/lib/gcc/arm-none-eabi/9.2.1/thumb/v7e-m+fp/hard/libgcc.a(_udivmoddi4.o)
                0x0000000008000b74                __udivmoddi4
 .text          0x0000000008000e38        0x4 /usr/lib/gcc/arm-none-eabi/9.2.1/thumb/v7e-m+fp/hard/libgcc.a(_dvmd_tls.o)
                0x0000000008000e38                __aeabi_ldiv0
                0x0000000008000e38                __aeabi_idiv0
 *(.text.*)
 .text.SystemClock_Config
                0x0000000008000e3c      0x11c build/board/board.o
                0x0000000008000e3c                SystemClock_Config
 .text.Reset_Handler
                0x0000000008000f58       0x50 /home/demo_t/workspace/rtt_4_0_gcba/bsp/stm32/libraries/STM32F4xx_HAL/CMSIS/Device/ST/STM32F4xx/Source/Templates/gcc/startup_stm32f407xx.o
                0x0000000008000f58                Reset_Handler
 .text.Default_Handler
                0x0000000008000fa8        0x2 /home/demo_t/workspace/rtt_4_0_gcba/bsp/stm32/libraries/STM32F4xx_HAL/CMSIS/Device/ST/STM32F4xx/Source/Templates/gcc/startup_stm32f407xx.o
                0x0000000008000fa8                RTC_Alarm_IRQHandler
                0x0000000008000fa8                HASH_RNG_IRQHandler
                0x0000000008000fa8                TIM8_CC_IRQHandler
                0x0000000008000fa8                DebugMon_Handler
                0x0000000008000fa8                TIM1_CC_IRQHandler
                0x0000000008000fa8                DMA2_Stream5_IRQHandler
                0x0000000008000fa8                DMA1_Stream5_IRQHandler
                0x0000000008000fa8                PVD_IRQHandler
                0x0000000008000fa8                SDIO_IRQHandler
                0x0000000008000fa8                TAMP_STAMP_IRQHandler
                0x0000000008000fa8                NMI_Handler
                0x0000000008000fa8                CAN2_RX1_IRQHandler
                0x0000000008000fa8                TIM8_TRG_COM_TIM14_IRQHandler
                0x0000000008000fa8                TIM1_UP_TIM10_IRQHandler
                0x0000000008000fa8                TIM8_UP_TIM13_IRQHandler
                0x0000000008000fa8                I2C3_ER_IRQHandler
                0x0000000008000fa8                I2C2_EV_IRQHandler
                0x0000000008000fa8                DMA1_Stream2_IRQHandler
                0x0000000008000fa8                CAN1_RX0_IRQHandler
                0x0000000008000fa8                FPU_IRQHandler
                0x0000000008000fa8                OTG_HS_WKUP_IRQHandler
                0x0000000008000fa8                UsageFault_Handler
                0x0000000008000fa8                CAN2_SCE_IRQHandler
                0x0000000008000fa8                DMA2_Stream2_IRQHandler
                0x0000000008000fa8                SPI1_IRQHandler
                0x0000000008000fa8                TIM6_DAC_IRQHandler
                0x0000000008000fa8                TIM1_BRK_TIM9_IRQHandler
                0x0000000008000fa8                DCMI_IRQHandler
                0x0000000008000fa8                CAN2_RX0_IRQHandler
                0x0000000008000fa8                DMA2_Stream3_IRQHandler
                0x0000000008000fa8                USART6_IRQHandler
                0x0000000008000fa8                USART3_IRQHandler
                0x0000000008000fa8                CAN1_RX1_IRQHandler
                0x0000000008000fa8                UART5_IRQHandler
                0x0000000008000fa8                DMA2_Stream0_IRQHandler
                0x0000000008000fa8                TIM4_IRQHandler
                0x0000000008000fa8                I2C1_EV_IRQHandler
                0x0000000008000fa8                DMA1_Stream6_IRQHandler
                0x0000000008000fa8                DMA1_Stream1_IRQHandler
                0x0000000008000fa8                UART4_IRQHandler
                0x0000000008000fa8                TIM3_IRQHandler
                0x0000000008000fa8                RCC_IRQHandler
                0x0000000008000fa8                TIM8_BRK_TIM12_IRQHandler
                0x0000000008000fa8                Default_Handler
                0x0000000008000fa8                ADC_IRQHandler
                0x0000000008000fa8                DMA1_Stream7_IRQHandler
                0x0000000008000fa8                TIM7_IRQHandler
                0x0000000008000fa8                CAN2_TX_IRQHandler
                0x0000000008000fa8                TIM5_IRQHandler
                0x0000000008000fa8                DMA2_Stream7_IRQHandler
                0x0000000008000fa8                I2C3_EV_IRQHandler
                0x0000000008000fa8                RTC_WKUP_IRQHandler
                0x0000000008000fa8                ETH_WKUP_IRQHandler
                0x0000000008000fa8                SPI2_IRQHandler
                0x0000000008000fa8                OTG_HS_EP1_IN_IRQHandler
                0x0000000008000fa8                MemManage_Handler
                0x0000000008000fa8                DMA1_Stream0_IRQHandler
                0x0000000008000fa8                CAN1_TX_IRQHandler
                0x0000000008000fa8                SVC_Handler
                0x0000000008000fa8                FSMC_IRQHandler
                0x0000000008000fa8                ETH_IRQHandler
                0x0000000008000fa8                OTG_HS_EP1_OUT_IRQHandler
                0x0000000008000fa8                WWDG_IRQHandler
                0x0000000008000fa8                TIM2_IRQHandler
                0x0000000008000fa8                OTG_FS_WKUP_IRQHandler
                0x0000000008000fa8                TIM1_TRG_COM_TIM11_IRQHandler
                0x0000000008000fa8                OTG_HS_IRQHandler
                0x0000000008000fa8                USART2_IRQHandler
                0x0000000008000fa8                I2C2_ER_IRQHandler
                0x0000000008000fa8                DMA2_Stream1_IRQHandler
                0x0000000008000fa8                CAN1_SCE_IRQHandler
                0x0000000008000fa8                FLASH_IRQHandler
                0x0000000008000fa8                DMA2_Stream4_IRQHandler
                0x0000000008000fa8                BusFault_Handler
                0x0000000008000fa8                OTG_FS_IRQHandler
                0x0000000008000fa8                SPI3_IRQHandler
                0x0000000008000fa8                DMA1_Stream4_IRQHandler
                0x0000000008000fa8                I2C1_ER_IRQHandler
                0x0000000008000fa8                DMA2_Stream6_IRQHandler
                0x0000000008000fa8                DMA1_Stream3_IRQHandler
 *fill*         0x0000000008000faa        0x2 00000000
 .text.HAL_MspInit
                0x0000000008000fac       0x50 build/board/CubeMX_Config/Src/stm32f4xx_hal_msp.o
                0x0000000008000fac                HAL_MspInit
 .text.HAL_UART_MspInit
                0x0000000008000ffc       0xf8 build/board/CubeMX_Config/Src/stm32f4xx_hal_msp.o
                0x0000000008000ffc                HAL_UART_MspInit
 .text.HAL_UART_MspDeInit
                0x00000000080010f4       0x60 build/board/CubeMX_Config/Src/stm32f4xx_hal_msp.o
                0x00000000080010f4                HAL_UART_MspDeInit
 .text.main     0x0000000008001154       0x54 build/applications/main.o
                0x0000000008001154                main
 .text.hello_func
                0x00000000080011a8       0x14 build/packages/_hello/src/hello.o
                0x00000000080011a8                hello_func
 .text.hello_init
                0x00000000080011bc       0x14 build/packages/_hello/src/hello.o
                0x00000000080011bc                hello_init
 .text.rt_set_errno
                0x00000000080011d0       0x40 build/kernel/src/kservice.o
                0x00000000080011d0                rt_set_errno
 .text._rt_errno
                0x0000000008001210       0x34 build/kernel/src/kservice.o
                0x0000000008001210                _rt_errno
 .text.rt_memset
                0x0000000008001244       0xb6 build/kernel/src/kservice.o
                0x0000000008001244                rt_memset
 .text.rt_memcpy
                0x00000000080012fa       0xd2 build/kernel/src/kservice.o
                0x00000000080012fa                rt_memcpy
 .text.rt_memmove
                0x00000000080013cc       0x82 build/kernel/src/kservice.o
                0x00000000080013cc                rt_memmove
 .text.rt_strncpy
                0x000000000800144e       0x64 build/kernel/src/kservice.o
                0x000000000800144e                rt_strncpy
 .text.rt_strncmp
                0x00000000080014b2       0x4a build/kernel/src/kservice.o
                0x00000000080014b2                rt_strncmp
 .text.rt_strcmp
                0x00000000080014fc       0x44 build/kernel/src/kservice.o
                0x00000000080014fc                rt_strcmp
 .text.rt_strlen
                0x0000000008001540       0x2e build/kernel/src/kservice.o
                0x0000000008001540                rt_strlen
 *fill*         0x000000000800156e        0x2 00000000
 .text.rt_show_version
                0x0000000008001570       0x4c build/kernel/src/kservice.o
                0x0000000008001570                rt_show_version
 .text.divide   0x00000000080015bc       0x68 build/kernel/src/kservice.o
 .text.skip_atoi
                0x0000000008001624       0x40 build/kernel/src/kservice.o
 .text.print_number
                0x0000000008001664      0x1dc build/kernel/src/kservice.o
 .text.rt_vsnprintf
                0x0000000008001840      0x4ac build/kernel/src/kservice.o
                0x0000000008001840                rt_vsnprintf
 .text.rt_vsprintf
                0x0000000008001cec       0x24 build/kernel/src/kservice.o
                0x0000000008001cec                rt_vsprintf
 .text.rt_sprintf
                0x0000000008001d10       0x2c build/kernel/src/kservice.o
                0x0000000008001d10                rt_sprintf
 .text.rt_console_get_device
                0x0000000008001d3c       0x18 build/kernel/src/kservice.o
                0x0000000008001d3c                rt_console_get_device
 .text.rt_console_set_device
                0x0000000008001d54       0x58 build/kernel/src/kservice.o
                0x0000000008001d54                rt_console_set_device
 .text.rt_hw_console_output
                0x0000000008001dac       0x14 build/kernel/src/kservice.o
                0x0000000008001dac                rt_hw_console_output
 .text.rt_kprintf
                0x0000000008001dc0       0x60 build/kernel/src/kservice.o
                0x0000000008001dc0                rt_kprintf
 .text._heap_lock_init
                0x0000000008001e20       0x1c build/kernel/src/kservice.o
 .text._heap_lock
                0x0000000008001e3c       0x28 build/kernel/src/kservice.o
 .text._heap_unlock
                0x0000000008001e64       0x40 build/kernel/src/kservice.o
 .text.rt_system_heap_init
                0x0000000008001ea4       0x5c build/kernel/src/kservice.o
                0x0000000008001ea4                rt_system_heap_init
 .text.rt_malloc
                0x0000000008001f00       0x2c build/kernel/src/kservice.o
                0x0000000008001f00                rt_malloc
 .text.rt_calloc
                0x0000000008001f2c       0x3c build/kernel/src/kservice.o
                0x0000000008001f2c                rt_calloc
 .text.rt_free  0x0000000008001f68       0x22 build/kernel/src/kservice.o
                0x0000000008001f68                rt_free
 *fill*         0x0000000008001f8a        0x2 00000000
 .text.__rt_ffs
                0x0000000008001f8c       0x70 build/kernel/src/kservice.o
                0x0000000008001f8c                __rt_ffs
 .text.rt_assert_handler
                0x0000000008001ffc       0x4c build/kernel/src/kservice.o
                0x0000000008001ffc                rt_assert_handler
 .text.rt_memheap_init
                0x0000000008002048      0x148 build/kernel/src/memheap.o
                0x0000000008002048                rt_memheap_init
 .text.rt_memheap_alloc
                0x0000000008002190      0x22c build/kernel/src/memheap.o
                0x0000000008002190                rt_memheap_alloc
 .text.rt_memheap_free
                0x00000000080023bc      0x1d4 build/kernel/src/memheap.o
                0x00000000080023bc                rt_memheap_free
 .text._memheap_alloc
                0x0000000008002590       0x1e build/kernel/src/memheap.o
                0x0000000008002590                _memheap_alloc
 .text._memheap_free
                0x00000000080025ae       0x16 build/kernel/src/memheap.o
                0x00000000080025ae                _memheap_free
 .text.rt_list_init
                0x00000000080025c4       0x22 build/kernel/src/scheduler.o
 .text.rt_list_insert_before
                0x00000000080025e6       0x32 build/kernel/src/scheduler.o
 .text.rt_list_remove
                0x0000000008002618       0x36 build/kernel/src/scheduler.o
 .text.rt_list_isempty
                0x000000000800264e       0x24 build/kernel/src/scheduler.o
 *fill*         0x0000000008002672        0x2 00000000
 .text._rt_scheduler_stack_check
                0x0000000008002674       0x94 build/kernel/src/scheduler.o
 .text._scheduler_get_highest_priority_thread
                0x0000000008002708       0x38 build/kernel/src/scheduler.o
 .text.rt_system_scheduler_init
                0x0000000008002740       0x38 build/kernel/src/scheduler.o
                0x0000000008002740                rt_system_scheduler_init
 .text.rt_system_scheduler_start
                0x0000000008002778       0x38 build/kernel/src/scheduler.o
                0x0000000008002778                rt_system_scheduler_start
 .text.rt_schedule
                0x00000000080027b0      0x170 build/kernel/src/scheduler.o
                0x00000000080027b0                rt_schedule
 .text.rt_schedule_insert_thread
                0x0000000008002920       0xac build/kernel/src/scheduler.o
                0x0000000008002920                rt_schedule_insert_thread
 .text.rt_schedule_remove_thread
                0x00000000080029cc       0x70 build/kernel/src/scheduler.o
                0x00000000080029cc                rt_schedule_remove_thread
 .text.rt_enter_critical
                0x0000000008002a3c       0x2c build/kernel/src/scheduler.o
                0x0000000008002a3c                rt_enter_critical
 .text.rt_exit_critical
                0x0000000008002a68       0x54 build/kernel/src/scheduler.o
                0x0000000008002a68                rt_exit_critical
 .text.rt_critical_level
                0x0000000008002abc       0x1c build/kernel/src/scheduler.o
                0x0000000008002abc                rt_critical_level
 .text.rt_interrupt_enter
                0x0000000008002ad8       0x2c build/kernel/src/irq.o
                0x0000000008002ad8                rt_interrupt_enter
 .text.rt_interrupt_leave
                0x0000000008002b04       0x2c build/kernel/src/irq.o
                0x0000000008002b04                rt_interrupt_leave
 .text.rt_interrupt_get_nest
                0x0000000008002b30       0x28 build/kernel/src/irq.o
                0x0000000008002b30                rt_interrupt_get_nest
 .text.rti_start
                0x0000000008002b58       0x10 build/kernel/src/components.o
 .text.rti_board_start
                0x0000000008002b68       0x10 build/kernel/src/components.o
 .text.rti_board_end
                0x0000000008002b78       0x10 build/kernel/src/components.o
 .text.rti_end  0x0000000008002b88       0x10 build/kernel/src/components.o
 .text.rt_components_board_init
                0x0000000008002b98       0x50 build/kernel/src/components.o
                0x0000000008002b98                rt_components_board_init
 .text.rt_components_init
                0x0000000008002be8       0x5c build/kernel/src/components.o
                0x0000000008002be8                rt_components_init
 .text.entry    0x0000000008002c44        0xe build/kernel/src/components.o
                0x0000000008002c44                entry
 .text.main_thread_entry
                0x0000000008002c52       0x18 build/kernel/src/components.o
                0x0000000008002c52                main_thread_entry
 *fill*         0x0000000008002c6a        0x2 00000000
 .text.rt_application_init
                0x0000000008002c6c       0x4c build/kernel/src/components.o
                0x0000000008002c6c                rt_application_init
 .text.rtthread_startup
                0x0000000008002cb8       0x2e build/kernel/src/components.o
                0x0000000008002cb8                rtthread_startup
 *fill*         0x0000000008002ce6        0x2 00000000
 .text.rt_tick_get
                0x0000000008002ce8       0x18 build/kernel/src/clock.o
                0x0000000008002ce8                rt_tick_get
 .text.rt_tick_increase
                0x0000000008002d00       0x6c build/kernel/src/clock.o
                0x0000000008002d00                rt_tick_increase
 .text.rt_tick_from_millisecond
                0x0000000008002d6c       0x74 build/kernel/src/clock.o
                0x0000000008002d6c                rt_tick_from_millisecond
 .text.rt_device_register
                0x0000000008002de0       0x54 build/kernel/src/device.o
                0x0000000008002de0                rt_device_register
 .text.rt_device_find
                0x0000000008002e34       0x1a build/kernel/src/device.o
                0x0000000008002e34                rt_device_find
 *fill*         0x0000000008002e4e        0x2 00000000
 .text.rt_device_open
                0x0000000008002e50      0x118 build/kernel/src/device.o
                0x0000000008002e50                rt_device_open
 .text.rt_device_close
                0x0000000008002f68       0x9c build/kernel/src/device.o
                0x0000000008002f68                rt_device_close
 .text.rt_device_read
                0x0000000008003004       0x88 build/kernel/src/device.o
                0x0000000008003004                rt_device_read
 .text.rt_device_write
                0x000000000800308c       0x88 build/kernel/src/device.o
                0x000000000800308c                rt_device_write
 .text.rt_device_set_rx_indicate
                0x0000000008003114       0x54 build/kernel/src/device.o
                0x0000000008003114                rt_device_set_rx_indicate
 .text.rt_list_init
                0x0000000008003168       0x22 build/kernel/src/thread.o
 .text.rt_list_remove
                0x000000000800318a       0x36 build/kernel/src/thread.o
 .text._thread_exit
                0x00000000080031c0       0x42 build/kernel/src/thread.o
 *fill*         0x0000000008003202        0x2 00000000
 .text._thread_timeout
                0x0000000008003204       0x8c build/kernel/src/thread.o
 .text._thread_init
                0x0000000008003290       0xf0 build/kernel/src/thread.o
 .text.rt_thread_init
                0x0000000008003380       0x70 build/kernel/src/thread.o
                0x0000000008003380                rt_thread_init
 .text.rt_thread_self
                0x00000000080033f0       0x18 build/kernel/src/thread.o
                0x00000000080033f0                rt_thread_self
 .text.rt_thread_startup
                0x0000000008003408       0x94 build/kernel/src/thread.o
                0x0000000008003408                rt_thread_startup
 .text.rt_thread_detach
                0x000000000800349c       0xb0 build/kernel/src/thread.o
                0x000000000800349c                rt_thread_detach
 .text.rt_thread_create
                0x000000000800354c       0x62 build/kernel/src/thread.o
                0x000000000800354c                rt_thread_create
 *fill*         0x00000000080035ae        0x2 00000000
 .text.rt_thread_delete
                0x00000000080035b0       0xb0 build/kernel/src/thread.o
                0x00000000080035b0                rt_thread_delete
 .text.rt_thread_sleep
                0x0000000008003660       0x94 build/kernel/src/thread.o
                0x0000000008003660                rt_thread_sleep
 .text.rt_thread_mdelay
                0x00000000080036f4       0x20 build/kernel/src/thread.o
                0x00000000080036f4                rt_thread_mdelay
 .text.rt_thread_control
                0x0000000008003714       0xfc build/kernel/src/thread.o
                0x0000000008003714                rt_thread_control
 .text.rt_thread_suspend
                0x0000000008003810       0xb4 build/kernel/src/thread.o
                0x0000000008003810                rt_thread_suspend
 .text.rt_thread_resume
                0x00000000080038c4       0x84 build/kernel/src/thread.o
                0x00000000080038c4                rt_thread_resume
 .text.rt_list_init
                0x0000000008003948       0x22 build/kernel/src/ipc.o
 .text.rt_list_insert_before
                0x000000000800396a       0x32 build/kernel/src/ipc.o
 .text.rt_list_isempty
                0x000000000800399c       0x24 build/kernel/src/ipc.o
 .text._ipc_object_init
                0x00000000080039c0       0x1c build/kernel/src/ipc.o
 .text._ipc_list_suspend
                0x00000000080039dc       0xa4 build/kernel/src/ipc.o
 .text._ipc_list_resume
                0x0000000008003a80       0x20 build/kernel/src/ipc.o
 .text.rt_sem_init
                0x0000000008003aa0       0x88 build/kernel/src/ipc.o
                0x0000000008003aa0                rt_sem_init
 .text.rt_sem_take
                0x0000000008003b28      0x168 build/kernel/src/ipc.o
                0x0000000008003b28                rt_sem_take
 .text.rt_sem_release
                0x0000000008003c90       0xa4 build/kernel/src/ipc.o
                0x0000000008003c90                rt_sem_release
 .text.rt_mutex_init
                0x0000000008003d34       0x64 build/kernel/src/ipc.o
                0x0000000008003d34                rt_mutex_init
 .text.rt_mutex_take
                0x0000000008003d98      0x1f0 build/kernel/src/ipc.o
                0x0000000008003d98                rt_mutex_take
 .text.rt_mutex_release
                0x0000000008003f88      0x1a8 build/kernel/src/ipc.o
                0x0000000008003f88                rt_mutex_release
 .text.rt_list_insert_after
                0x0000000008004130       0x32 build/kernel/src/idle.o
 .text.rt_list_remove
                0x0000000008004162       0x36 build/kernel/src/idle.o
 .text.rt_thread_defunct_enqueue
                0x0000000008004198       0x20 build/kernel/src/idle.o
                0x0000000008004198                rt_thread_defunct_enqueue
 .text.rt_thread_defunct_dequeue
                0x00000000080041b8       0x44 build/kernel/src/idle.o
                0x00000000080041b8                rt_thread_defunct_dequeue
 .text.rt_defunct_execute
                0x00000000080041fc       0x54 build/kernel/src/idle.o
 .text.rt_thread_idle_entry
                0x0000000008004250       0x38 build/kernel/src/idle.o
 .text.rt_thread_idle_init
                0x0000000008004288       0x78 build/kernel/src/idle.o
                0x0000000008004288                rt_thread_idle_init
 .text.rt_list_init
                0x0000000008004300       0x22 build/kernel/src/timer.o
 .text.rt_list_insert_after
                0x0000000008004322       0x32 build/kernel/src/timer.o
 .text.rt_list_remove
                0x0000000008004354       0x36 build/kernel/src/timer.o
 .text.rt_list_isempty
                0x000000000800438a       0x24 build/kernel/src/timer.o
 .text._timer_init
                0x00000000080043ae       0x6a build/kernel/src/timer.o
 .text._timer_remove
                0x0000000008004418       0x36 build/kernel/src/timer.o
 *fill*         0x000000000800444e        0x2 00000000
 .text.rt_timer_init
                0x0000000008004450       0x7c build/kernel/src/timer.o
                0x0000000008004450                rt_timer_init
 .text.rt_timer_detach
                0x00000000080044cc       0x90 build/kernel/src/timer.o
                0x00000000080044cc                rt_timer_detach
 .text.rt_timer_start
                0x000000000800455c      0x1c8 build/kernel/src/timer.o
                0x000000000800455c                rt_timer_start
 .text.rt_timer_stop
                0x0000000008004724       0x7c build/kernel/src/timer.o
                0x0000000008004724                rt_timer_stop
 .text.rt_timer_control
                0x00000000080047a0       0xdc build/kernel/src/timer.o
                0x00000000080047a0                rt_timer_control
 .text.rt_timer_check
                0x000000000800487c       0xe0 build/kernel/src/timer.o
                0x000000000800487c                rt_timer_check
 .text.rt_system_timer_init
                0x000000000800495c       0x34 build/kernel/src/timer.o
                0x000000000800495c                rt_system_timer_init
 .text.rt_system_timer_thread_init
                0x0000000008004990        0xe build/kernel/src/timer.o
                0x0000000008004990                rt_system_timer_thread_init
 .text.rt_list_insert_after
                0x000000000800499e       0x32 build/kernel/src/object.o
 .text.rt_list_remove
                0x00000000080049d0       0x36 build/kernel/src/object.o
 *fill*         0x0000000008004a06        0x2 00000000
 .text.rt_object_get_information
                0x0000000008004a08       0x48 build/kernel/src/object.o
                0x0000000008004a08                rt_object_get_information
 .text.rt_object_init
                0x0000000008004a50       0xb8 build/kernel/src/object.o
                0x0000000008004a50                rt_object_init
 .text.rt_object_detach
                0x0000000008004b08       0x48 build/kernel/src/object.o
                0x0000000008004b08                rt_object_detach
 .text.rt_object_allocate
                0x0000000008004b50       0xc4 build/kernel/src/object.o
                0x0000000008004b50                rt_object_allocate
 .text.rt_object_delete
                0x0000000008004c14       0x68 build/kernel/src/object.o
                0x0000000008004c14                rt_object_delete
 .text.rt_object_is_systemobject
                0x0000000008004c7c       0x3c build/kernel/src/object.o
                0x0000000008004c7c                rt_object_is_systemobject
 .text.rt_object_get_type
                0x0000000008004cb8       0x34 build/kernel/src/object.o
                0x0000000008004cb8                rt_object_get_type
 .text.rt_object_find
                0x0000000008004cec       0xb4 build/kernel/src/object.o
                0x0000000008004cec                rt_object_find
 .text.rt_hw_stack_init
                0x0000000008004da0       0x90 build/kernel/libcpu/arm/cortex-m4/cpuport.o
                0x0000000008004da0                rt_hw_stack_init
 .text.usage_fault_track
                0x0000000008004e30       0xc4 build/kernel/libcpu/arm/cortex-m4/cpuport.o
 .text.bus_fault_track
                0x0000000008004ef4       0xcc build/kernel/libcpu/arm/cortex-m4/cpuport.o
 .text.mem_manage_fault_track
                0x0000000008004fc0       0xb4 build/kernel/libcpu/arm/cortex-m4/cpuport.o
 .text.hard_fault_track
                0x0000000008005074       0x78 build/kernel/libcpu/arm/cortex-m4/cpuport.o
 .text.rt_hw_hard_fault_exception
                0x00000000080050ec      0x180 build/kernel/libcpu/arm/cortex-m4/cpuport.o
                0x00000000080050ec                rt_hw_hard_fault_exception
 .text.rt_hw_cpu_reset
                0x000000000800526c       0x1c build/kernel/libcpu/arm/cortex-m4/cpuport.o
                0x000000000800526c                rt_hw_cpu_reset
 .text.msh_help
                0x0000000008005288       0x5c build/kernel/components/finsh/msh.o
                0x0000000008005288                msh_help
 .text.msh_split
                0x00000000080052e4      0x170 build/kernel/components/finsh/msh.o
 .text.msh_get_cmd
                0x0000000008005454       0x64 build/kernel/components/finsh/msh.o
 .text._msh_exec_cmd
                0x00000000080054b8       0xd4 build/kernel/components/finsh/msh.o
 .text.msh_exec
                0x000000000800558c       0x8c build/kernel/components/finsh/msh.o
                0x000000000800558c                msh_exec
 .text.str_common
                0x0000000008005618       0x4a build/kernel/components/finsh/msh.o
 *fill*         0x0000000008005662        0x2 00000000
 .text.msh_auto_complete
                0x0000000008005664       0xb0 build/kernel/components/finsh/msh.o
                0x0000000008005664                msh_auto_complete
 .text.finsh_get_prompt
                0x0000000008005714       0x7c build/kernel/components/finsh/shell.o
                0x0000000008005714                finsh_get_prompt
 .text.finsh_set_prompt_mode
                0x0000000008005790       0x48 build/kernel/components/finsh/shell.o
                0x0000000008005790                finsh_set_prompt_mode
 .text.finsh_getchar
                0x00000000080057d8       0x6c build/kernel/components/finsh/shell.o
                0x00000000080057d8                finsh_getchar
 .text.finsh_rx_ind
                0x0000000008005844       0x3c build/kernel/components/finsh/shell.o
 .text.finsh_set_device
                0x0000000008005880       0xd8 build/kernel/components/finsh/shell.o
                0x0000000008005880                finsh_set_device
 .text.shell_auto_complete
                0x0000000008005958       0x34 build/kernel/components/finsh/shell.o
 .text.shell_handle_history
                0x000000000800598c       0x34 build/kernel/components/finsh/shell.o
 .text.shell_push_history
                0x00000000080059c0      0x15e build/kernel/components/finsh/shell.o
 *fill*         0x0000000008005b1e        0x2 00000000
 .text.finsh_thread_entry
                0x0000000008005b20      0x5d0 build/kernel/components/finsh/shell.o
                0x0000000008005b20                finsh_thread_entry
 .text.finsh_system_function_init
                0x00000000080060f0       0x2c build/kernel/components/finsh/shell.o
                0x00000000080060f0                finsh_system_function_init
 .text.finsh_system_init
                0x000000000800611c       0x9c build/kernel/components/finsh/shell.o
                0x000000000800611c                finsh_system_init
 .text.__libc_init_array
                0x00000000080061b8        0xe build/kernel/components/libc/compilers/newlib/syscalls.o
                0x00000000080061b8                __libc_init_array
 .text.__errno  0x00000000080061c6        0xe build/kernel/components/libc/compilers/newlib/syscalls.o
                0x00000000080061c6                __errno
 .text._pin_read
                0x00000000080061d4       0x60 build/kernel/components/drivers/misc/pin.o
 .text._pin_write
                0x0000000008006234       0x5c build/kernel/components/drivers/misc/pin.o
 .text._pin_control
                0x0000000008006290       0x58 build/kernel/components/drivers/misc/pin.o
 .text.rt_device_pin_register
                0x00000000080062e8       0x74 build/kernel/components/drivers/misc/pin.o
                0x00000000080062e8                rt_device_pin_register
 .text.rt_pin_mode
                0x000000000800635c       0x40 build/kernel/components/drivers/misc/pin.o
                0x000000000800635c                rt_pin_mode
 .text.rt_pin_write
                0x000000000800639c       0x40 build/kernel/components/drivers/misc/pin.o
                0x000000000800639c                rt_pin_write
 .text._serial_poll_rx
                0x00000000080063dc       0x80 build/kernel/components/drivers/serial/serial.o
 .text._serial_poll_tx
                0x000000000800645c       0x7c build/kernel/components/drivers/serial/serial.o
 .text._serial_int_rx
                0x00000000080064d8       0xd8 build/kernel/components/drivers/serial/serial.o
 .text._serial_int_tx
                0x00000000080065b0       0xc4 build/kernel/components/drivers/serial/serial.o
 .text._serial_check_buffer_size
                0x0000000008006674       0x38 build/kernel/components/drivers/serial/serial.o
 .text._serial_fifo_calc_recved_len
                0x00000000080066ac       0x88 build/kernel/components/drivers/serial/serial.o
 .text.rt_dma_calc_recved_len
                0x0000000008006734       0x18 build/kernel/components/drivers/serial/serial.o
 .text.rt_dma_recv_update_get_index
                0x000000000800674c       0xa4 build/kernel/components/drivers/serial/serial.o
 .text.rt_dma_recv_update_put_index
                0x00000000080067f0       0xf8 build/kernel/components/drivers/serial/serial.o
 .text._serial_dma_rx
                0x00000000080068e8      0x198 build/kernel/components/drivers/serial/serial.o
 .text._serial_dma_tx
                0x0000000008006a80       0x70 build/kernel/components/drivers/serial/serial.o
 .text.rt_serial_init
                0x0000000008006af0       0x5c build/kernel/components/drivers/serial/serial.o
 .text.rt_serial_open
                0x0000000008006b4c      0x36c build/kernel/components/drivers/serial/serial.o
 .text.rt_serial_close
                0x0000000008006eb8      0x1e0 build/kernel/components/drivers/serial/serial.o
 .text.rt_serial_read
                0x0000000008007098       0x84 build/kernel/components/drivers/serial/serial.o
 .text.rt_serial_write
                0x000000000800711c       0x84 build/kernel/components/drivers/serial/serial.o
 .text.rt_serial_control
                0x00000000080071a0       0xd8 build/kernel/components/drivers/serial/serial.o
 .text.rt_hw_serial_register
                0x0000000008007278       0x9c build/kernel/components/drivers/serial/serial.o
                0x0000000008007278                rt_hw_serial_register
 .text.rt_hw_serial_isr
                0x0000000008007314      0x260 build/kernel/components/drivers/serial/serial.o
                0x0000000008007314                rt_hw_serial_isr
 .text.rt_list_init
                0x0000000008007574       0x22 build/kernel/components/drivers/ipc/dataqueue.o
 .text.rt_list_insert_before
                0x0000000008007596       0x32 build/kernel/components/drivers/ipc/dataqueue.o
 .text.rt_list_isempty
                0x00000000080075c8       0x24 build/kernel/components/drivers/ipc/dataqueue.o
 .text.rt_data_queue_init
                0x00000000080075ec       0xc0 build/kernel/components/drivers/ipc/dataqueue.o
                0x00000000080075ec                rt_data_queue_init
 .text.rt_data_queue_push
                0x00000000080076ac      0x250 build/kernel/components/drivers/ipc/dataqueue.o
                0x00000000080076ac                rt_data_queue_push
 .text.rt_data_queue_pop
                0x00000000080078fc      0x2ac build/kernel/components/drivers/ipc/dataqueue.o
                0x00000000080078fc                rt_data_queue_pop
 .text.rt_data_queue_peek
                0x0000000008007ba8       0xa4 build/kernel/components/drivers/ipc/dataqueue.o
                0x0000000008007ba8                rt_data_queue_peek
 .text.rt_data_queue_reset
                0x0000000008007c4c       0xfc build/kernel/components/drivers/ipc/dataqueue.o
                0x0000000008007c4c                rt_data_queue_reset
 .text.rt_data_queue_deinit
                0x0000000008007d48       0x70 build/kernel/components/drivers/ipc/dataqueue.o
                0x0000000008007d48                rt_data_queue_deinit
 .text.rt_data_queue_len
                0x0000000008007db8       0xc4 build/kernel/components/drivers/ipc/dataqueue.o
                0x0000000008007db8                rt_data_queue_len
 .text.rt_list_init
                0x0000000008007e7c       0x22 build/kernel/components/drivers/ipc/completion.o
 .text.rt_list_insert_before
                0x0000000008007e9e       0x32 build/kernel/components/drivers/ipc/completion.o
 .text.rt_list_isempty
                0x0000000008007ed0       0x24 build/kernel/components/drivers/ipc/completion.o
 .text.rt_completion_init
                0x0000000008007ef4       0x44 build/kernel/components/drivers/ipc/completion.o
                0x0000000008007ef4                rt_completion_init
 .text.rt_completion_wait
                0x0000000008007f38      0x15c build/kernel/components/drivers/ipc/completion.o
                0x0000000008007f38                rt_completion_wait
 .text.rt_completion_done
                0x0000000008008094       0x70 build/kernel/components/drivers/ipc/completion.o
                0x0000000008008094                rt_completion_done
 .text.SystemInit
                0x0000000008008104       0x24 /home/demo_t/workspace/rtt_4_0_gcba/bsp/stm32/libraries/STM32F4xx_HAL/CMSIS/Device/ST/STM32F4xx/Source/Templates/system_stm32f4xx.o
                0x0000000008008104                SystemInit
 .text.__NVIC_SetPriorityGrouping
                0x0000000008008128       0x48 /home/demo_t/workspace/rtt_4_0_gcba/bsp/stm32/libraries/STM32F4xx_HAL/STM32F4xx_HAL_Driver/Src/stm32f4xx_hal_cortex.o
 .text.__NVIC_GetPriorityGrouping
                0x0000000008008170       0x1c /home/demo_t/workspace/rtt_4_0_gcba/bsp/stm32/libraries/STM32F4xx_HAL/STM32F4xx_HAL_Driver/Src/stm32f4xx_hal_cortex.o
 .text.__NVIC_EnableIRQ
                0x000000000800818c       0x3c /home/demo_t/workspace/rtt_4_0_gcba/bsp/stm32/libraries/STM32F4xx_HAL/STM32F4xx_HAL_Driver/Src/stm32f4xx_hal_cortex.o
 .text.__NVIC_DisableIRQ
                0x00000000080081c8       0x48 /home/demo_t/workspace/rtt_4_0_gcba/bsp/stm32/libraries/STM32F4xx_HAL/STM32F4xx_HAL_Driver/Src/stm32f4xx_hal_cortex.o
 .text.__NVIC_SetPriority
                0x0000000008008210       0x54 /home/demo_t/workspace/rtt_4_0_gcba/bsp/stm32/libraries/STM32F4xx_HAL/STM32F4xx_HAL_Driver/Src/stm32f4xx_hal_cortex.o
 .text.NVIC_EncodePriority
                0x0000000008008264       0x66 /home/demo_t/workspace/rtt_4_0_gcba/bsp/stm32/libraries/STM32F4xx_HAL/STM32F4xx_HAL_Driver/Src/stm32f4xx_hal_cortex.o
 *fill*         0x00000000080082ca        0x2 00000000
 .text.SysTick_Config
                0x00000000080082cc       0x44 /home/demo_t/workspace/rtt_4_0_gcba/bsp/stm32/libraries/STM32F4xx_HAL/STM32F4xx_HAL_Driver/Src/stm32f4xx_hal_cortex.o
 .text.HAL_NVIC_SetPriorityGrouping
                0x0000000008008310       0x16 /home/demo_t/workspace/rtt_4_0_gcba/bsp/stm32/libraries/STM32F4xx_HAL/STM32F4xx_HAL_Driver/Src/stm32f4xx_hal_cortex.o
                0x0000000008008310                HAL_NVIC_SetPriorityGrouping
 .text.HAL_NVIC_SetPriority
                0x0000000008008326       0x38 /home/demo_t/workspace/rtt_4_0_gcba/bsp/stm32/libraries/STM32F4xx_HAL/STM32F4xx_HAL_Driver/Src/stm32f4xx_hal_cortex.o
                0x0000000008008326                HAL_NVIC_SetPriority
 .text.HAL_NVIC_EnableIRQ
                0x000000000800835e       0x1c /home/demo_t/workspace/rtt_4_0_gcba/bsp/stm32/libraries/STM32F4xx_HAL/STM32F4xx_HAL_Driver/Src/stm32f4xx_hal_cortex.o
                0x000000000800835e                HAL_NVIC_EnableIRQ
 .text.HAL_NVIC_DisableIRQ
                0x000000000800837a       0x1c /home/demo_t/workspace/rtt_4_0_gcba/bsp/stm32/libraries/STM32F4xx_HAL/STM32F4xx_HAL_Driver/Src/stm32f4xx_hal_cortex.o
                0x000000000800837a                HAL_NVIC_DisableIRQ
 .text.HAL_SYSTICK_Config
                0x0000000008008396       0x18 /home/demo_t/workspace/rtt_4_0_gcba/bsp/stm32/libraries/STM32F4xx_HAL/STM32F4xx_HAL_Driver/Src/stm32f4xx_hal_cortex.o
                0x0000000008008396                HAL_SYSTICK_Config
 *fill*         0x00000000080083ae        0x2 00000000
 .text.HAL_DMA_Init
                0x00000000080083b0      0x15c /home/demo_t/workspace/rtt_4_0_gcba/bsp/stm32/libraries/STM32F4xx_HAL/STM32F4xx_HAL_Driver/Src/stm32f4xx_hal_dma.o
                0x00000000080083b0                HAL_DMA_Init
 .text.HAL_DMA_DeInit
                0x000000000800850c       0xbc /home/demo_t/workspace/rtt_4_0_gcba/bsp/stm32/libraries/STM32F4xx_HAL/STM32F4xx_HAL_Driver/Src/stm32f4xx_hal_dma.o
                0x000000000800850c                HAL_DMA_DeInit
 .text.HAL_DMA_Start_IT
                0x00000000080085c8       0xb0 /home/demo_t/workspace/rtt_4_0_gcba/bsp/stm32/libraries/STM32F4xx_HAL/STM32F4xx_HAL_Driver/Src/stm32f4xx_hal_dma.o
                0x00000000080085c8                HAL_DMA_Start_IT
 .text.HAL_DMA_Abort
                0x0000000008008678       0xe0 /home/demo_t/workspace/rtt_4_0_gcba/bsp/stm32/libraries/STM32F4xx_HAL/STM32F4xx_HAL_Driver/Src/stm32f4xx_hal_dma.o
                0x0000000008008678                HAL_DMA_Abort
 .text.HAL_DMA_Abort_IT
                0x0000000008008758       0x44 /home/demo_t/workspace/rtt_4_0_gcba/bsp/stm32/libraries/STM32F4xx_HAL/STM32F4xx_HAL_Driver/Src/stm32f4xx_hal_dma.o
                0x0000000008008758                HAL_DMA_Abort_IT
 .text.DMA_SetConfig
                0x000000000800879c       0x5c /home/demo_t/workspace/rtt_4_0_gcba/bsp/stm32/libraries/STM32F4xx_HAL/STM32F4xx_HAL_Driver/Src/stm32f4xx_hal_dma.o
 .text.DMA_CalcBaseAndBitshift
                0x00000000080087f8       0x6c /home/demo_t/workspace/rtt_4_0_gcba/bsp/stm32/libraries/STM32F4xx_HAL/STM32F4xx_HAL_Driver/Src/stm32f4xx_hal_dma.o
 .text.DMA_CheckFifoParam
                0x0000000008008864       0xf8 /home/demo_t/workspace/rtt_4_0_gcba/bsp/stm32/libraries/STM32F4xx_HAL/STM32F4xx_HAL_Driver/Src/stm32f4xx_hal_dma.o
 .text.HAL_GPIO_Init
                0x000000000800895c      0x338 /home/demo_t/workspace/rtt_4_0_gcba/bsp/stm32/libraries/STM32F4xx_HAL/STM32F4xx_HAL_Driver/Src/stm32f4xx_hal_gpio.o
                0x000000000800895c                HAL_GPIO_Init
 .text.HAL_GPIO_DeInit
                0x0000000008008c94      0x1f8 /home/demo_t/workspace/rtt_4_0_gcba/bsp/stm32/libraries/STM32F4xx_HAL/STM32F4xx_HAL_Driver/Src/stm32f4xx_hal_gpio.o
                0x0000000008008c94                HAL_GPIO_DeInit
 .text.HAL_GPIO_ReadPin
                0x0000000008008e8c       0x30 /home/demo_t/workspace/rtt_4_0_gcba/bsp/stm32/libraries/STM32F4xx_HAL/STM32F4xx_HAL_Driver/Src/stm32f4xx_hal_gpio.o
                0x0000000008008e8c                HAL_GPIO_ReadPin
 .text.HAL_GPIO_WritePin
                0x0000000008008ebc       0x32 /home/demo_t/workspace/rtt_4_0_gcba/bsp/stm32/libraries/STM32F4xx_HAL/STM32F4xx_HAL_Driver/Src/stm32f4xx_hal_gpio.o
                0x0000000008008ebc                HAL_GPIO_WritePin
 *fill*         0x0000000008008eee        0x2 00000000
 .text.HAL_GPIO_EXTI_IRQHandler
                0x0000000008008ef0       0x30 /home/demo_t/workspace/rtt_4_0_gcba/bsp/stm32/libraries/STM32F4xx_HAL/STM32F4xx_HAL_Driver/Src/stm32f4xx_hal_gpio.o
                0x0000000008008ef0                HAL_GPIO_EXTI_IRQHandler
 .text.HAL_FLASHEx_Erase
                0x0000000008008f20       0xe0 /home/demo_t/workspace/rtt_4_0_gcba/bsp/stm32/libraries/STM32F4xx_HAL/STM32F4xx_HAL_Driver/Src/stm32f4xx_hal_flash_ex.o
                0x0000000008008f20                HAL_FLASHEx_Erase
 .text.FLASH_MassErase
                0x0000000008009000       0x48 /home/demo_t/workspace/rtt_4_0_gcba/bsp/stm32/libraries/STM32F4xx_HAL/STM32F4xx_HAL_Driver/Src/stm32f4xx_hal_flash_ex.o
 .text.FLASH_Erase_Sector
                0x0000000008009048       0x90 /home/demo_t/workspace/rtt_4_0_gcba/bsp/stm32/libraries/STM32F4xx_HAL/STM32F4xx_HAL_Driver/Src/stm32f4xx_hal_flash_ex.o
                0x0000000008009048                FLASH_Erase_Sector
 .text.FLASH_FlushCaches
                0x00000000080090d8       0x8c /home/demo_t/workspace/rtt_4_0_gcba/bsp/stm32/libraries/STM32F4xx_HAL/STM32F4xx_HAL_Driver/Src/stm32f4xx_hal_flash_ex.o
                0x00000000080090d8                FLASH_FlushCaches
 .text.HAL_Init
                0x0000000008009164       0x44 /home/demo_t/workspace/rtt_4_0_gcba/bsp/stm32/libraries/STM32F4xx_HAL/STM32F4xx_HAL_Driver/Src/stm32f4xx_hal.o
                0x0000000008009164                HAL_Init
 .text.HAL_RCCEx_PeriphCLKConfig
                0x00000000080091a8      0x1c4 /home/demo_t/workspace/rtt_4_0_gcba/bsp/stm32/libraries/STM32F4xx_HAL/STM32F4xx_HAL_Driver/Src/stm32f4xx_hal_rcc_ex.o
                0x00000000080091a8                HAL_RCCEx_PeriphCLKConfig
 .text.HAL_UART_Init
                0x000000000800936c       0x9a /home/demo_t/workspace/rtt_4_0_gcba/bsp/stm32/libraries/STM32F4xx_HAL/STM32F4xx_HAL_Driver/Src/stm32f4xx_hal_uart.o
                0x000000000800936c                HAL_UART_Init
 .text.HAL_UART_DeInit
                0x0000000008009406       0x5e /home/demo_t/workspace/rtt_4_0_gcba/bsp/stm32/libraries/STM32F4xx_HAL/STM32F4xx_HAL_Driver/Src/stm32f4xx_hal_uart.o
                0x0000000008009406                HAL_UART_DeInit
 .text.HAL_UART_Transmit_DMA
                0x0000000008009464       0xfc /home/demo_t/workspace/rtt_4_0_gcba/bsp/stm32/libraries/STM32F4xx_HAL/STM32F4xx_HAL_Driver/Src/stm32f4xx_hal_uart.o
                0x0000000008009464                HAL_UART_Transmit_DMA
 .text.HAL_UART_Receive_DMA
                0x0000000008009560       0x60 /home/demo_t/workspace/rtt_4_0_gcba/bsp/stm32/libraries/STM32F4xx_HAL/STM32F4xx_HAL_Driver/Src/stm32f4xx_hal_uart.o
                0x0000000008009560                HAL_UART_Receive_DMA
 .text.HAL_UART_IRQHandler
                0x00000000080095c0      0x51c /home/demo_t/workspace/rtt_4_0_gcba/bsp/stm32/libraries/STM32F4xx_HAL/STM32F4xx_HAL_Driver/Src/stm32f4xx_hal_uart.o
                0x00000000080095c0                HAL_UART_IRQHandler
 .text.HAL_UART_TxHalfCpltCallback
                0x0000000008009adc       0x14 /home/demo_t/workspace/rtt_4_0_gcba/bsp/stm32/libraries/STM32F4xx_HAL/STM32F4xx_HAL_Driver/Src/stm32f4xx_hal_uart.o
                0x0000000008009adc                HAL_UART_TxHalfCpltCallback
 .text.HAL_UARTEx_RxEventCallback
                0x0000000008009af0       0x18 /home/demo_t/workspace/rtt_4_0_gcba/bsp/stm32/libraries/STM32F4xx_HAL/STM32F4xx_HAL_Driver/Src/stm32f4xx_hal_uart.o
                0x0000000008009af0                HAL_UARTEx_RxEventCallback
 .text.UART_DMATransmitCplt
                0x0000000008009b08       0x9a /home/demo_t/workspace/rtt_4_0_gcba/bsp/stm32/libraries/STM32F4xx_HAL/STM32F4xx_HAL_Driver/Src/stm32f4xx_hal_uart.o
 .text.UART_DMATxHalfCplt
                0x0000000008009ba2       0x1c /home/demo_t/workspace/rtt_4_0_gcba/bsp/stm32/libraries/STM32F4xx_HAL/STM32F4xx_HAL_Driver/Src/stm32f4xx_hal_uart.o
 .text.UART_DMAReceiveCplt
                0x0000000008009bbe      0x126 /home/demo_t/workspace/rtt_4_0_gcba/bsp/stm32/libraries/STM32F4xx_HAL/STM32F4xx_HAL_Driver/Src/stm32f4xx_hal_uart.o
 .text.UART_DMARxHalfCplt
                0x0000000008009ce4       0x36 /home/demo_t/workspace/rtt_4_0_gcba/bsp/stm32/libraries/STM32F4xx_HAL/STM32F4xx_HAL_Driver/Src/stm32f4xx_hal_uart.o
 .text.UART_DMAError
                0x0000000008009d1a       0x94 /home/demo_t/workspace/rtt_4_0_gcba/bsp/stm32/libraries/STM32F4xx_HAL/STM32F4xx_HAL_Driver/Src/stm32f4xx_hal_uart.o
 *fill*         0x0000000008009dae        0x2 00000000
 .text.UART_Start_Receive_DMA
                0x0000000008009db0      0x134 /home/demo_t/workspace/rtt_4_0_gcba/bsp/stm32/libraries/STM32F4xx_HAL/STM32F4xx_HAL_Driver/Src/stm32f4xx_hal_uart.o
                0x0000000008009db0                UART_Start_Receive_DMA
 .text.UART_EndTxTransfer
                0x0000000008009ee4       0x50 /home/demo_t/workspace/rtt_4_0_gcba/bsp/stm32/libraries/STM32F4xx_HAL/STM32F4xx_HAL_Driver/Src/stm32f4xx_hal_uart.o
 .text.UART_EndRxTransfer
                0x0000000008009f34       0xc6 /home/demo_t/workspace/rtt_4_0_gcba/bsp/stm32/libraries/STM32F4xx_HAL/STM32F4xx_HAL_Driver/Src/stm32f4xx_hal_uart.o
 .text.UART_DMAAbortOnError
                0x0000000008009ffa       0x28 /home/demo_t/workspace/rtt_4_0_gcba/bsp/stm32/libraries/STM32F4xx_HAL/STM32F4xx_HAL_Driver/Src/stm32f4xx_hal_uart.o
 .text.UART_Transmit_IT
                0x000000000800a022       0xa0 /home/demo_t/workspace/rtt_4_0_gcba/bsp/stm32/libraries/STM32F4xx_HAL/STM32F4xx_HAL_Driver/Src/stm32f4xx_hal_uart.o
 .text.UART_EndTransmit_IT
                0x000000000800a0c2       0x30 /home/demo_t/workspace/rtt_4_0_gcba/bsp/stm32/libraries/STM32F4xx_HAL/STM32F4xx_HAL_Driver/Src/stm32f4xx_hal_uart.o
 .text.UART_Receive_IT
                0x000000000800a0f2      0x176 /home/demo_t/workspace/rtt_4_0_gcba/bsp/stm32/libraries/STM32F4xx_HAL/STM32F4xx_HAL_Driver/Src/stm32f4xx_hal_uart.o
 .text.UART_SetConfig
                0x000000000800a268      0x390 /home/demo_t/workspace/rtt_4_0_gcba/bsp/stm32/libraries/STM32F4xx_HAL/STM32F4xx_HAL_Driver/Src/stm32f4xx_hal_uart.o
 .text.HAL_FLASH_Program
                0x000000000800a5f8       0xa8 /home/demo_t/workspace/rtt_4_0_gcba/bsp/stm32/libraries/STM32F4xx_HAL/STM32F4xx_HAL_Driver/Src/stm32f4xx_hal_flash.o
                0x000000000800a5f8                HAL_FLASH_Program
 .text.HAL_FLASH_Unlock
                0x000000000800a6a0       0x44 /home/demo_t/workspace/rtt_4_0_gcba/bsp/stm32/libraries/STM32F4xx_HAL/STM32F4xx_HAL_Driver/Src/stm32f4xx_hal_flash.o
                0x000000000800a6a0                HAL_FLASH_Unlock
 .text.HAL_FLASH_Lock
                0x000000000800a6e4       0x20 /home/demo_t/workspace/rtt_4_0_gcba/bsp/stm32/libraries/STM32F4xx_HAL/STM32F4xx_HAL_Driver/Src/stm32f4xx_hal_flash.o
                0x000000000800a6e4                HAL_FLASH_Lock
 .text.FLASH_WaitForLastOperation
                0x000000000800a704       0x80 /home/demo_t/workspace/rtt_4_0_gcba/bsp/stm32/libraries/STM32F4xx_HAL/STM32F4xx_HAL_Driver/Src/stm32f4xx_hal_flash.o
                0x000000000800a704                FLASH_WaitForLastOperation
 .text.FLASH_Program_DoubleWord
                0x000000000800a784       0x64 /home/demo_t/workspace/rtt_4_0_gcba/bsp/stm32/libraries/STM32F4xx_HAL/STM32F4xx_HAL_Driver/Src/stm32f4xx_hal_flash.o
 .text.FLASH_Program_Word
                0x000000000800a7e8       0x44 /home/demo_t/workspace/rtt_4_0_gcba/bsp/stm32/libraries/STM32F4xx_HAL/STM32F4xx_HAL_Driver/Src/stm32f4xx_hal_flash.o
 .text.FLASH_Program_HalfWord
                0x000000000800a82c       0x48 /home/demo_t/workspace/rtt_4_0_gcba/bsp/stm32/libraries/STM32F4xx_HAL/STM32F4xx_HAL_Driver/Src/stm32f4xx_hal_flash.o
 .text.FLASH_Program_Byte
                0x000000000800a874       0x44 /home/demo_t/workspace/rtt_4_0_gcba/bsp/stm32/libraries/STM32F4xx_HAL/STM32F4xx_HAL_Driver/Src/stm32f4xx_hal_flash.o
 .text.FLASH_SetErrorCode
                0x000000000800a8b8       0xac /home/demo_t/workspace/rtt_4_0_gcba/bsp/stm32/libraries/STM32F4xx_HAL/STM32F4xx_HAL_Driver/Src/stm32f4xx_hal_flash.o
 .text.HAL_RCC_OscConfig
                0x000000000800a964      0x4f0 /home/demo_t/workspace/rtt_4_0_gcba/bsp/stm32/libraries/STM32F4xx_HAL/STM32F4xx_HAL_Driver/Src/stm32f4xx_hal_rcc.o
                0x000000000800a964                HAL_RCC_OscConfig
 .text.HAL_RCC_ClockConfig
                0x000000000800ae54      0x1cc /home/demo_t/workspace/rtt_4_0_gcba/bsp/stm32/libraries/STM32F4xx_HAL/STM32F4xx_HAL_Driver/Src/stm32f4xx_hal_rcc.o
                0x000000000800ae54                HAL_RCC_ClockConfig
 .text.HAL_RCC_GetSysClockFreq
                0x000000000800b020      0x16c /home/demo_t/workspace/rtt_4_0_gcba/bsp/stm32/libraries/STM32F4xx_HAL/STM32F4xx_HAL_Driver/Src/stm32f4xx_hal_rcc.o
                0x000000000800b020                HAL_RCC_GetSysClockFreq
 .text.HAL_RCC_GetHCLKFreq
                0x000000000800b18c       0x18 /home/demo_t/workspace/rtt_4_0_gcba/bsp/stm32/libraries/STM32F4xx_HAL/STM32F4xx_HAL_Driver/Src/stm32f4xx_hal_rcc.o
                0x000000000800b18c                HAL_RCC_GetHCLKFreq
 .text.HAL_RCC_GetPCLK1Freq
                0x000000000800b1a4       0x28 /home/demo_t/workspace/rtt_4_0_gcba/bsp/stm32/libraries/STM32F4xx_HAL/STM32F4xx_HAL_Driver/Src/stm32f4xx_hal_rcc.o
                0x000000000800b1a4                HAL_RCC_GetPCLK1Freq
 .text.HAL_RCC_GetPCLK2Freq
                0x000000000800b1cc       0x28 /home/demo_t/workspace/rtt_4_0_gcba/bsp/stm32/libraries/STM32F4xx_HAL/STM32F4xx_HAL_Driver/Src/stm32f4xx_hal_rcc.o
                0x000000000800b1cc                HAL_RCC_GetPCLK2Freq
 .text.GetSector
                0x000000000800b1f4      0x14c /home/demo_t/workspace/rtt_4_0_gcba/bsp/stm32/libraries/HAL_Drivers/drv_flash/drv_flash_f4.o
 .text.stm32_flash_read
                0x000000000800b340       0x78 /home/demo_t/workspace/rtt_4_0_gcba/bsp/stm32/libraries/HAL_Drivers/drv_flash/drv_flash_f4.o
                0x000000000800b340                stm32_flash_read
 .text.stm32_flash_write
                0x000000000800b3b8      0x1a8 /home/demo_t/workspace/rtt_4_0_gcba/bsp/stm32/libraries/HAL_Drivers/drv_flash/drv_flash_f4.o
                0x000000000800b3b8                stm32_flash_write
 .text.stm32_flash_erase
                0x000000000800b560       0xd4 /home/demo_t/workspace/rtt_4_0_gcba/bsp/stm32/libraries/HAL_Drivers/drv_flash/drv_flash_f4.o
                0x000000000800b560                stm32_flash_erase
 .text.fal_flash_read_128k
                0x000000000800b634       0x2c /home/demo_t/workspace/rtt_4_0_gcba/bsp/stm32/libraries/HAL_Drivers/drv_flash/drv_flash_f4.o
 .text.fal_flash_write_128k
                0x000000000800b660       0x2c /home/demo_t/workspace/rtt_4_0_gcba/bsp/stm32/libraries/HAL_Drivers/drv_flash/drv_flash_f4.o
 .text.fal_flash_erase_128k
                0x000000000800b68c       0x28 /home/demo_t/workspace/rtt_4_0_gcba/bsp/stm32/libraries/HAL_Drivers/drv_flash/drv_flash_f4.o
 .text.stm32_pin_get
                0x000000000800b6b4       0xb2 /home/demo_t/workspace/rtt_4_0_gcba/bsp/stm32/libraries/HAL_Drivers/drv_gpio.o
 .text.stm32_pin_write
                0x000000000800b766       0x54 /home/demo_t/workspace/rtt_4_0_gcba/bsp/stm32/libraries/HAL_Drivers/drv_gpio.o
 .text.stm32_pin_read
                0x000000000800b7ba       0x58 /home/demo_t/workspace/rtt_4_0_gcba/bsp/stm32/libraries/HAL_Drivers/drv_gpio.o
 .text.stm32_pin_mode
                0x000000000800b812       0xb0 /home/demo_t/workspace/rtt_4_0_gcba/bsp/stm32/libraries/HAL_Drivers/drv_gpio.o
 .text.bit2bitno
                0x000000000800b8c2       0x3e /home/demo_t/workspace/rtt_4_0_gcba/bsp/stm32/libraries/HAL_Drivers/drv_gpio.o
 .text.get_pin_irq_map
                0x000000000800b900       0x34 /home/demo_t/workspace/rtt_4_0_gcba/bsp/stm32/libraries/HAL_Drivers/drv_gpio.o
 .text.stm32_pin_attach_irq
                0x000000000800b934      0x150 /home/demo_t/workspace/rtt_4_0_gcba/bsp/stm32/libraries/HAL_Drivers/drv_gpio.o
 .text.stm32_pin_dettach_irq
                0x000000000800ba84       0xd8 /home/demo_t/workspace/rtt_4_0_gcba/bsp/stm32/libraries/HAL_Drivers/drv_gpio.o
 .text.stm32_pin_irq_enable
                0x000000000800bb5c      0x230 /home/demo_t/workspace/rtt_4_0_gcba/bsp/stm32/libraries/HAL_Drivers/drv_gpio.o
 .text.pin_irq_hdr
                0x000000000800bd8c       0x54 /home/demo_t/workspace/rtt_4_0_gcba/bsp/stm32/libraries/HAL_Drivers/drv_gpio.o
 .text.HAL_GPIO_EXTI_Callback
                0x000000000800bde0       0x22 /home/demo_t/workspace/rtt_4_0_gcba/bsp/stm32/libraries/HAL_Drivers/drv_gpio.o
                0x000000000800bde0                HAL_GPIO_EXTI_Callback
 .text.EXTI0_IRQHandler
                0x000000000800be02       0x16 /home/demo_t/workspace/rtt_4_0_gcba/bsp/stm32/libraries/HAL_Drivers/drv_gpio.o
                0x000000000800be02                EXTI0_IRQHandler
 .text.EXTI1_IRQHandler
                0x000000000800be18       0x16 /home/demo_t/workspace/rtt_4_0_gcba/bsp/stm32/libraries/HAL_Drivers/drv_gpio.o
                0x000000000800be18                EXTI1_IRQHandler
 .text.EXTI2_IRQHandler
                0x000000000800be2e       0x16 /home/demo_t/workspace/rtt_4_0_gcba/bsp/stm32/libraries/HAL_Drivers/drv_gpio.o
                0x000000000800be2e                EXTI2_IRQHandler
 .text.EXTI3_IRQHandler
                0x000000000800be44       0x16 /home/demo_t/workspace/rtt_4_0_gcba/bsp/stm32/libraries/HAL_Drivers/drv_gpio.o
                0x000000000800be44                EXTI3_IRQHandler
 .text.EXTI4_IRQHandler
                0x000000000800be5a       0x16 /home/demo_t/workspace/rtt_4_0_gcba/bsp/stm32/libraries/HAL_Drivers/drv_gpio.o
                0x000000000800be5a                EXTI4_IRQHandler
 .text.EXTI9_5_IRQHandler
                0x000000000800be70       0x32 /home/demo_t/workspace/rtt_4_0_gcba/bsp/stm32/libraries/HAL_Drivers/drv_gpio.o
                0x000000000800be70                EXTI9_5_IRQHandler
 .text.EXTI15_10_IRQHandler
                0x000000000800bea2       0x40 /home/demo_t/workspace/rtt_4_0_gcba/bsp/stm32/libraries/HAL_Drivers/drv_gpio.o
                0x000000000800bea2                EXTI15_10_IRQHandler
 *fill*         0x000000000800bee2        0x2 00000000
 .text.rt_hw_pin_init
                0x000000000800bee4      0x124 /home/demo_t/workspace/rtt_4_0_gcba/bsp/stm32/libraries/HAL_Drivers/drv_gpio.o
                0x000000000800bee4                rt_hw_pin_init
 .text.__NVIC_SetPriority
                0x000000000800c008       0x54 /home/demo_t/workspace/rtt_4_0_gcba/bsp/stm32/libraries/HAL_Drivers/drv_common.o
 .text.reboot   0x000000000800c05c       0x18 /home/demo_t/workspace/rtt_4_0_gcba/bsp/stm32/libraries/HAL_Drivers/drv_common.o
 .text.rt_hw_systick_init
                0x000000000800c074       0x44 /home/demo_t/workspace/rtt_4_0_gcba/bsp/stm32/libraries/HAL_Drivers/drv_common.o
                0x000000000800c074                rt_hw_systick_init
 .text.SysTick_Handler
                0x000000000800c0b8       0x28 /home/demo_t/workspace/rtt_4_0_gcba/bsp/stm32/libraries/HAL_Drivers/drv_common.o
                0x000000000800c0b8                SysTick_Handler
 .text.HAL_GetTick
                0x000000000800c0e0       0x24 /home/demo_t/workspace/rtt_4_0_gcba/bsp/stm32/libraries/HAL_Drivers/drv_common.o
                0x000000000800c0e0                HAL_GetTick
 .text.HAL_IncTick
                0x000000000800c104       0x24 /home/demo_t/workspace/rtt_4_0_gcba/bsp/stm32/libraries/HAL_Drivers/drv_common.o
                0x000000000800c104                HAL_IncTick
 .text.HAL_InitTick
                0x000000000800c128       0x16 /home/demo_t/workspace/rtt_4_0_gcba/bsp/stm32/libraries/HAL_Drivers/drv_common.o
                0x000000000800c128                HAL_InitTick
 *fill*         0x000000000800c13e        0x2 00000000
 .text._Error_Handler
                0x000000000800c140       0x30 /home/demo_t/workspace/rtt_4_0_gcba/bsp/stm32/libraries/HAL_Drivers/drv_common.o
                0x000000000800c140                _Error_Handler
 .text.rt_hw_board_init
                0x000000000800c170       0x38 /home/demo_t/workspace/rtt_4_0_gcba/bsp/stm32/libraries/HAL_Drivers/drv_common.o
                0x000000000800c170                rt_hw_board_init
 .text.__NVIC_DisableIRQ
                0x000000000800c1a8       0x48 /home/demo_t/workspace/rtt_4_0_gcba/bsp/stm32/libraries/HAL_Drivers/drv_usart.o
 .text.stm32_configure
                0x000000000800c1f0      0x174 /home/demo_t/workspace/rtt_4_0_gcba/bsp/stm32/libraries/HAL_Drivers/drv_usart.o
 .text.stm32_control
                0x000000000800c364      0x188 /home/demo_t/workspace/rtt_4_0_gcba/bsp/stm32/libraries/HAL_Drivers/drv_usart.o
 .text.stm32_uart_get_mask
                0x000000000800c4ec       0x4a /home/demo_t/workspace/rtt_4_0_gcba/bsp/stm32/libraries/HAL_Drivers/drv_usart.o
                0x000000000800c4ec                stm32_uart_get_mask
 *fill*         0x000000000800c536        0x2 00000000
 .text.stm32_putc
                0x000000000800c538       0x5c /home/demo_t/workspace/rtt_4_0_gcba/bsp/stm32/libraries/HAL_Drivers/drv_usart.o
 .text.stm32_getc
                0x000000000800c594       0x64 /home/demo_t/workspace/rtt_4_0_gcba/bsp/stm32/libraries/HAL_Drivers/drv_usart.o
 .text.stm32_dma_transmit
                0x000000000800c5f8       0x7c /home/demo_t/workspace/rtt_4_0_gcba/bsp/stm32/libraries/HAL_Drivers/drv_usart.o
 .text.uart_isr
                0x000000000800c674      0x22c /home/demo_t/workspace/rtt_4_0_gcba/bsp/stm32/libraries/HAL_Drivers/drv_usart.o
 .text.dma_isr  0x000000000800c8a0       0xb8 /home/demo_t/workspace/rtt_4_0_gcba/bsp/stm32/libraries/HAL_Drivers/drv_usart.o
 .text.USART1_IRQHandler
                0x000000000800c958       0x1c /home/demo_t/workspace/rtt_4_0_gcba/bsp/stm32/libraries/HAL_Drivers/drv_usart.o
                0x000000000800c958                USART1_IRQHandler
 .text.stm32_uart_get_dma_config
                0x000000000800c974       0x1c /home/demo_t/workspace/rtt_4_0_gcba/bsp/stm32/libraries/HAL_Drivers/drv_usart.o
 .text.stm32_dma_config
                0x000000000800c990      0x1fc /home/demo_t/workspace/rtt_4_0_gcba/bsp/stm32/libraries/HAL_Drivers/drv_usart.o
 .text.HAL_UART_ErrorCallback
                0x000000000800cb8c       0x30 /home/demo_t/workspace/rtt_4_0_gcba/bsp/stm32/libraries/HAL_Drivers/drv_usart.o
                0x000000000800cb8c                HAL_UART_ErrorCallback
 .text.HAL_UART_RxCpltCallback
                0x000000000800cbbc       0x3c /home/demo_t/workspace/rtt_4_0_gcba/bsp/stm32/libraries/HAL_Drivers/drv_usart.o
                0x000000000800cbbc                HAL_UART_RxCpltCallback
 .text.HAL_UART_RxHalfCpltCallback
                0x000000000800cbf8       0x3c /home/demo_t/workspace/rtt_4_0_gcba/bsp/stm32/libraries/HAL_Drivers/drv_usart.o
                0x000000000800cbf8                HAL_UART_RxHalfCpltCallback
 .text._dma_tx_complete
                0x000000000800cc34       0x58 /home/demo_t/workspace/rtt_4_0_gcba/bsp/stm32/libraries/HAL_Drivers/drv_usart.o
 .text.HAL_UART_TxCpltCallback
                0x000000000800cc8c       0x3c /home/demo_t/workspace/rtt_4_0_gcba/bsp/stm32/libraries/HAL_Drivers/drv_usart.o
                0x000000000800cc8c                HAL_UART_TxCpltCallback
 .text.rt_hw_usart_init
                0x000000000800ccc8      0x108 /home/demo_t/workspace/rtt_4_0_gcba/bsp/stm32/libraries/HAL_Drivers/drv_usart.o
                0x000000000800ccc8                rt_hw_usart_init
 .text.fal_show_part_table
                0x000000000800cdd0      0x16c build/packages/fal-v0.5.0/src/fal_partition.o
                0x000000000800cdd0                fal_show_part_table
 .text.fal_partition_find
                0x000000000800cf3c       0x7c build/packages/fal-v0.5.0/src/fal_partition.o
                0x000000000800cf3c                fal_partition_find
 .text.fal_partition_read
                0x000000000800cfb8      0x10c build/packages/fal-v0.5.0/src/fal_partition.o
                0x000000000800cfb8                fal_partition_read
 .text.fal_partition_write
                0x000000000800d0c4      0x10c build/packages/fal-v0.5.0/src/fal_partition.o
                0x000000000800d0c4                fal_partition_write
 .text.fal_partition_erase
                0x000000000800d1d0       0xf4 build/packages/fal-v0.5.0/src/fal_partition.o
                0x000000000800d1d0                fal_partition_erase
 .text.fal      0x000000000800d2c4      0x84c build/packages/fal-v0.5.0/src/fal_rtt.o
 .text.fal_flash_device_find
                0x000000000800db10       0x7c build/packages/fal-v0.5.0/src/fal_flash.o
                0x000000000800db10                fal_flash_device_find
 .text.fal_init_check
                0x000000000800db8c       0x18 build/packages/fal-v0.5.0/src/fal.o
                0x000000000800db8c                fal_init_check
 .text.startup  0x000000000800dba4       0x14 /usr/lib/gcc/arm-none-eabi/9.2.1/../../../arm-none-eabi/lib/thumb/v7e-m+fp/hard/libc.a(lib_a-__call_atexit.o)
 *(.rodata)
 .rodata        0x000000000800dbb8        0xe build/board/board.o
 *fill*         0x000000000800dbc6        0x2 00000000
 .rodata        0x000000000800dbc8       0x30 build/packages/_hello/src/hello.o
 .rodata        0x000000000800dbf8      0x107 build/kernel/src/kservice.o
 *fill*         0x000000000800dcff        0x1 00000000
 .rodata        0x000000000800dd00      0x13c build/kernel/src/memheap.o
 .rodata        0x000000000800de3c       0x65 build/kernel/src/scheduler.o
 *fill*         0x000000000800dea1        0x3 00000000
 .rodata        0x000000000800dea4       0x53 build/kernel/src/components.o
 *fill*         0x000000000800def7        0x1 00000000
 .rodata        0x000000000800def8       0xf4 build/kernel/src/device.o
 .rodata        0x000000000800dfec      0x19f build/kernel/src/thread.o
 *fill*         0x000000000800e18b        0x1 00000000
 .rodata        0x000000000800e18c      0x4de build/kernel/src/ipc.o
 *fill*         0x000000000800e66a        0x2 00000000
 .rodata        0x000000000800e66c        0x8 build/kernel/src/idle.o
 .rodata        0x000000000800e674       0xde build/kernel/src/timer.o
 *fill*         0x000000000800e752        0x2 00000000
 .rodata        0x000000000800e754       0x91 build/kernel/src/object.o
 *fill*         0x000000000800e7e5        0x3 00000000
 .rodata        0x000000000800e7e8      0x2ce build/kernel/libcpu/arm/cortex-m4/cpuport.o
 *fill*         0x000000000800eab6        0x2 00000000
 .rodata        0x000000000800eab8       0x78 build/kernel/components/finsh/msh.o
 .rodata        0x000000000800eb30       0x91 build/kernel/components/finsh/shell.o
 *fill*         0x000000000800ebc1        0x3 00000000
 .rodata        0x000000000800ebc4       0x37 build/kernel/components/drivers/misc/pin.o
 *fill*         0x000000000800ebfb        0x1 00000000
 .rodata        0x000000000800ebfc      0x1a2 build/kernel/components/drivers/serial/serial.o
 *fill*         0x000000000800ed9e        0x2 00000000
 .rodata        0x000000000800eda0       0xf4 build/kernel/components/drivers/ipc/dataqueue.o
 .rodata        0x000000000800ee94       0xd7 build/kernel/components/drivers/ipc/completion.o
 *fill*         0x000000000800ef6b        0x1 00000000
 .rodata        0x000000000800ef6c       0xa6 /home/demo_t/workspace/rtt_4_0_gcba/bsp/stm32/libraries/HAL_Drivers/drv_flash/drv_flash_f4.o
 *fill*         0x000000000800f012        0x2 00000000
 .rodata        0x000000000800f014        0x4 /home/demo_t/workspace/rtt_4_0_gcba/bsp/stm32/libraries/HAL_Drivers/drv_gpio.o
 .rodata        0x000000000800f018       0x46 /home/demo_t/workspace/rtt_4_0_gcba/bsp/stm32/libraries/HAL_Drivers/drv_common.o
 *fill*         0x000000000800f05e        0x2 00000000
 .rodata        0x000000000800f060       0xac /home/demo_t/workspace/rtt_4_0_gcba/bsp/stm32/libraries/HAL_Drivers/drv_usart.o
 .rodata        0x000000000800f10c      0x465 build/packages/fal-v0.5.0/src/fal_partition.o
 *fill*         0x000000000800f571        0x3 00000000
 .rodata        0x000000000800f574      0x82c build/packages/fal-v0.5.0/src/fal_rtt.o
 .rodata        0x000000000800fda0       0xf5 build/packages/fal-v0.5.0/src/fal_flash.o
 *fill*         0x000000000800fe95        0x3 00000000
 .rodata        0x000000000800fe98        0x4 /usr/lib/gcc/arm-none-eabi/9.2.1/../../../arm-none-eabi/lib/thumb/v7e-m+fp/hard/libc.a(lib_a-impure.o)
                0x000000000800fe98                _global_impure_ptr
 .rodata        0x000000000800fe9c      0x101 /usr/lib/gcc/arm-none-eabi/9.2.1/../../../arm-none-eabi/lib/thumb/v7e-m+fp/hard/libc.a(lib_a-ctype_.o)
                0x000000000800fe9c                _ctype_
 *(.rodata*)
 *fill*         0x000000000800ff9d        0x3 00000000
 .rodata.__rti_hello_init_name
                0x000000000800ffa0        0xb build/packages/_hello/src/hello.o
                0x000000000800ffa0                __rti_hello_init_name
 *fill*         0x000000000800ffab        0x1 00000000
 .rodata.__lowest_bit_bitmap
                0x000000000800ffac      0x100 build/kernel/src/kservice.o
                0x000000000800ffac                __lowest_bit_bitmap
 .rodata.large_digits.6702
                0x00000000080100ac       0x11 build/kernel/src/kservice.o
 *fill*         0x00000000080100bd        0x3 00000000
 .rodata.small_digits.6701
                0x00000000080100c0       0x11 build/kernel/src/kservice.o
 *fill*         0x00000000080100d1        0x3 00000000
 .rodata.__FUNCTION__.6856
                0x00000000080100d4       0x14 build/kernel/src/kservice.o
 .rodata.__FUNCTION__.6839
                0x00000000080100e8        0xd build/kernel/src/kservice.o
 *fill*         0x00000000080100f5        0x3 00000000
 .rodata.__FUNCTION__.6530
                0x00000000080100f8       0x10 build/kernel/src/memheap.o
 .rodata.__FUNCTION__.6542
                0x0000000008010108       0x11 build/kernel/src/memheap.o
 *fill*         0x0000000008010119        0x3 00000000
 .rodata.__FUNCTION__.6569
                0x000000000801011c       0x10 build/kernel/src/memheap.o
 .rodata.__FUNCTION__.6529
                0x000000000801012c       0x1a build/kernel/src/scheduler.o
 *fill*         0x0000000008010146        0x2 00000000
 .rodata.__FUNCTION__.6567
                0x0000000008010148       0x1a build/kernel/src/scheduler.o
 *fill*         0x0000000008010162        0x2 00000000
 .rodata.__FUNCTION__.6573
                0x0000000008010164       0x1a build/kernel/src/scheduler.o
 *fill*         0x000000000801017e        0x2 00000000
 .rodata.__rti_rti_start_name
                0x0000000008010180        0xa build/kernel/src/components.o
                0x0000000008010180                __rti_rti_start_name
 *fill*         0x000000000801018a        0x2 00000000
 .rodata.__rti_rti_board_start_name
                0x000000000801018c       0x10 build/kernel/src/components.o
                0x000000000801018c                __rti_rti_board_start_name
 .rodata.__rti_rti_board_end_name
                0x000000000801019c        0xe build/kernel/src/components.o
                0x000000000801019c                __rti_rti_board_end_name
 *fill*         0x00000000080101aa        0x2 00000000
 .rodata.__rti_rti_end_name
                0x00000000080101ac        0x8 build/kernel/src/components.o
                0x00000000080101ac                __rti_rti_end_name
 .rodata.__FUNCTION__.10995
                0x00000000080101b4       0x14 build/kernel/src/components.o
 .rodata.__FUNCTION__.6478
                0x00000000080101c8        0xf build/kernel/src/device.o
 *fill*         0x00000000080101d7        0x1 00000000
 .rodata.__FUNCTION__.6483
                0x00000000080101d8       0x10 build/kernel/src/device.o
 .rodata.__FUNCTION__.6490
                0x00000000080101e8        0xf build/kernel/src/device.o
 *fill*         0x00000000080101f7        0x1 00000000
 .rodata.__FUNCTION__.6497
                0x00000000080101f8       0x10 build/kernel/src/device.o
 .rodata.__FUNCTION__.6510
                0x0000000008010208       0x1a build/kernel/src/device.o
 *fill*         0x0000000008010222        0x2 00000000
 .rodata.__FUNCTION__.6537
                0x0000000008010224       0x10 build/kernel/src/thread.o
 .rodata.__FUNCTION__.6549
                0x0000000008010234        0xd build/kernel/src/thread.o
 *fill*         0x0000000008010241        0x3 00000000
 .rodata.__FUNCTION__.6561
                0x0000000008010244        0xf build/kernel/src/thread.o
 *fill*         0x0000000008010253        0x1 00000000
 .rodata.__FUNCTION__.6570
                0x0000000008010254       0x12 build/kernel/src/thread.o
 *fill*         0x0000000008010266        0x2 00000000
 .rodata.__FUNCTION__.6575
                0x0000000008010268       0x11 build/kernel/src/thread.o
 *fill*         0x0000000008010279        0x3 00000000
 .rodata.__FUNCTION__.6591
                0x000000000801027c       0x11 build/kernel/src/thread.o
 *fill*         0x000000000801028d        0x3 00000000
 .rodata.__FUNCTION__.6602
                0x0000000008010290       0x10 build/kernel/src/thread.o
 .rodata.__FUNCTION__.6625
                0x00000000080102a0       0x12 build/kernel/src/thread.o
 *fill*         0x00000000080102b2        0x2 00000000
 .rodata.__FUNCTION__.6637
                0x00000000080102b4       0x12 build/kernel/src/thread.o
 *fill*         0x00000000080102c6        0x2 00000000
 .rodata.__FUNCTION__.6642
                0x00000000080102c8       0x11 build/kernel/src/thread.o
 *fill*         0x00000000080102d9        0x3 00000000
 .rodata.__FUNCTION__.6556
                0x00000000080102dc        0xc build/kernel/src/ipc.o
 .rodata.__FUNCTION__.6580
                0x00000000080102e8        0xc build/kernel/src/ipc.o
 .rodata.__FUNCTION__.6537
                0x00000000080102f4       0x12 build/kernel/src/ipc.o
 *fill*         0x0000000008010306        0x2 00000000
 .rodata.__FUNCTION__.6592
                0x0000000008010308        0xf build/kernel/src/ipc.o
 *fill*         0x0000000008010317        0x1 00000000
 .rodata.__FUNCTION__.6606
                0x0000000008010318        0xe build/kernel/src/ipc.o
 *fill*         0x0000000008010326        0x2 00000000
 .rodata.__FUNCTION__.6630
                0x0000000008010328        0xe build/kernel/src/ipc.o
 *fill*         0x0000000008010336        0x2 00000000
 .rodata.__FUNCTION__.6642
                0x0000000008010338       0x11 build/kernel/src/ipc.o
 *fill*         0x0000000008010349        0x3 00000000
 .rodata.__FUNCTION__.6555
                0x000000000801034c        0xe build/kernel/src/timer.o
 *fill*         0x000000000801035a        0x2 00000000
 .rodata.__FUNCTION__.6560
                0x000000000801035c       0x10 build/kernel/src/timer.o
 .rodata.__FUNCTION__.6586
                0x000000000801036c        0xf build/kernel/src/timer.o
 *fill*         0x000000000801037b        0x1 00000000
 .rodata.__FUNCTION__.6603
                0x000000000801037c        0xe build/kernel/src/timer.o
 *fill*         0x000000000801038a        0x2 00000000
 .rodata.__FUNCTION__.6610
                0x000000000801038c       0x11 build/kernel/src/timer.o
 *fill*         0x000000000801039d        0x3 00000000
 .rodata.__FUNCTION__.6572
                0x00000000080103a0        0xf build/kernel/src/object.o
 *fill*         0x00000000080103af        0x1 00000000
 .rodata.__FUNCTION__.6581
                0x00000000080103b0       0x11 build/kernel/src/object.o
 *fill*         0x00000000080103c1        0x3 00000000
 .rodata.__FUNCTION__.6590
                0x00000000080103c4       0x13 build/kernel/src/object.o
 *fill*         0x00000000080103d7        0x1 00000000
 .rodata.__FUNCTION__.6595
                0x00000000080103d8       0x11 build/kernel/src/object.o
 *fill*         0x00000000080103e9        0x3 00000000
 .rodata.__FUNCTION__.6599
                0x00000000080103ec       0x1a build/kernel/src/object.o
 *fill*         0x0000000008010406        0x2 00000000
 .rodata.__FUNCTION__.6603
                0x0000000008010408       0x13 build/kernel/src/object.o
 *fill*         0x000000000801041b        0x1 00000000
 .rodata.__FUNCTION__.6612
                0x000000000801041c        0xf build/kernel/src/object.o
 *fill*         0x000000000801042b        0x1 00000000
 .rodata.name   0x000000000801042c       0x20 build/kernel/components/finsh/msh.o
                0x000000000801042c                __fsym_help_name
                0x0000000008010434                __fsym_help_desc
 .rodata.__FUNCTION__.6850
                0x000000000801044c        0xe build/kernel/components/finsh/msh.o
 *fill*         0x000000000801045a        0x2 00000000
 .rodata.__rti_finsh_system_init_name
                0x000000000801045c       0x12 build/kernel/components/finsh/shell.o
                0x000000000801045c                __rti_finsh_system_init_name
 *fill*         0x000000000801046e        0x2 00000000
 .rodata.__FUNCTION__.7466
                0x0000000008010470       0x16 build/kernel/components/finsh/shell.o
 *fill*         0x0000000008010486        0x2 00000000
 .rodata.__FUNCTION__.7472
                0x0000000008010488        0xe build/kernel/components/finsh/shell.o
 *fill*         0x0000000008010496        0x2 00000000
 .rodata.__FUNCTION__.7480
                0x0000000008010498        0xd build/kernel/components/finsh/shell.o
 *fill*         0x00000000080104a5        0x3 00000000
 .rodata.__FUNCTION__.7485
                0x00000000080104a8       0x11 build/kernel/components/finsh/shell.o
 *fill*         0x00000000080104b9        0x3 00000000
 .rodata.__FUNCTION__.6523
                0x00000000080104bc        0xa build/kernel/components/drivers/misc/pin.o
 *fill*         0x00000000080104c6        0x2 00000000
 .rodata.__FUNCTION__.6532
                0x00000000080104c8        0xb build/kernel/components/drivers/misc/pin.o
 *fill*         0x00000000080104d3        0x1 00000000
 .rodata.__FUNCTION__.6540
                0x00000000080104d4        0xd build/kernel/components/drivers/misc/pin.o
 *fill*         0x00000000080104e1        0x3 00000000
 .rodata.__FUNCTION__.6567
                0x00000000080104e4        0xc build/kernel/components/drivers/misc/pin.o
 .rodata.__FUNCTION__.6572
                0x00000000080104f0        0xd build/kernel/components/drivers/misc/pin.o
 *fill*         0x00000000080104fd        0x3 00000000
 .rodata.__FUNCTION__.6974
                0x0000000008010500       0x1d build/kernel/components/drivers/serial/serial.o
 *fill*         0x000000000801051d        0x3 00000000
 .rodata.__FUNCTION__.6983
                0x0000000008010520       0x1d build/kernel/components/drivers/serial/serial.o
 *fill*         0x000000000801053d        0x3 00000000
 .rodata.__FUNCTION__.6989
                0x0000000008010540       0x1d build/kernel/components/drivers/serial/serial.o
 *fill*         0x000000000801055d        0x3 00000000
 .rodata.__FUNCTION__.7015
                0x0000000008010560        0xf build/kernel/components/drivers/serial/serial.o
 *fill*         0x000000000801056f        0x1 00000000
 .rodata.__FUNCTION__.7022
                0x0000000008010570        0xf build/kernel/components/drivers/serial/serial.o
 *fill*         0x000000000801057f        0x1 00000000
 .rodata.__FUNCTION__.7032
                0x0000000008010580       0x10 build/kernel/components/drivers/serial/serial.o
 .rodata.__FUNCTION__.7045
                0x0000000008010590        0xf build/kernel/components/drivers/serial/serial.o
 *fill*         0x000000000801059f        0x1 00000000
 .rodata.__FUNCTION__.6949
                0x00000000080105a0        0xf build/kernel/components/drivers/serial/serial.o
 *fill*         0x00000000080105af        0x1 00000000
 .rodata.__FUNCTION__.6996
                0x00000000080105b0        0xf build/kernel/components/drivers/serial/serial.o
 *fill*         0x00000000080105bf        0x1 00000000
 .rodata.__FUNCTION__.6928
                0x00000000080105c0       0x10 build/kernel/components/drivers/serial/serial.o
 .rodata.__FUNCTION__.7053
                0x00000000080105d0       0x10 build/kernel/components/drivers/serial/serial.o
 .rodata.__FUNCTION__.6962
                0x00000000080105e0        0xf build/kernel/components/drivers/serial/serial.o
 *fill*         0x00000000080105ef        0x1 00000000
 .rodata.__FUNCTION__.6938
                0x00000000080105f0       0x10 build/kernel/components/drivers/serial/serial.o
 .rodata.__FUNCTION__.7061
                0x0000000008010600       0x12 build/kernel/components/drivers/serial/serial.o
 *fill*         0x0000000008010612        0x2 00000000
 .rodata.__FUNCTION__.7076
                0x0000000008010614       0x16 build/kernel/components/drivers/serial/serial.o
 *fill*         0x000000000801062a        0x2 00000000
 .rodata.__FUNCTION__.7085
                0x000000000801062c       0x11 build/kernel/components/drivers/serial/serial.o
 *fill*         0x000000000801063d        0x3 00000000
 .rodata.__FUNCTION__.6931
                0x0000000008010640       0x13 build/kernel/components/drivers/ipc/dataqueue.o
 *fill*         0x0000000008010653        0x1 00000000
 .rodata.__FUNCTION__.6941
                0x0000000008010654       0x13 build/kernel/components/drivers/ipc/dataqueue.o
 *fill*         0x0000000008010667        0x1 00000000
 .rodata.__FUNCTION__.6958
                0x0000000008010668       0x12 build/kernel/components/drivers/ipc/dataqueue.o
 *fill*         0x000000000801067a        0x2 00000000
 .rodata.__FUNCTION__.6972
                0x000000000801067c       0x13 build/kernel/components/drivers/ipc/dataqueue.o
 *fill*         0x000000000801068f        0x1 00000000
 .rodata.__FUNCTION__.6978
                0x0000000008010690       0x14 build/kernel/components/drivers/ipc/dataqueue.o
 .rodata.__FUNCTION__.6989
                0x00000000080106a4       0x15 build/kernel/components/drivers/ipc/dataqueue.o
 *fill*         0x00000000080106b9        0x3 00000000
 .rodata.__FUNCTION__.6995
                0x00000000080106bc       0x12 build/kernel/components/drivers/ipc/dataqueue.o
 *fill*         0x00000000080106ce        0x2 00000000
 .rodata.__FUNCTION__.6925
                0x00000000080106d0       0x13 build/kernel/components/drivers/ipc/completion.o
 *fill*         0x00000000080106e3        0x1 00000000
 .rodata.__FUNCTION__.6933
                0x00000000080106e4       0x13 build/kernel/components/drivers/ipc/completion.o
 *fill*         0x00000000080106f7        0x1 00000000
 .rodata.__FUNCTION__.6942
                0x00000000080106f8       0x13 build/kernel/components/drivers/ipc/completion.o
 *fill*         0x000000000801070b        0x1 00000000
 .rodata.AHBPrescTable
                0x000000000801070c       0x10 /home/demo_t/workspace/rtt_4_0_gcba/bsp/stm32/libraries/STM32F4xx_HAL/CMSIS/Device/ST/STM32F4xx/Source/Templates/system_stm32f4xx.o
                0x000000000801070c                AHBPrescTable
 .rodata.APBPrescTable
                0x000000000801071c        0x8 /home/demo_t/workspace/rtt_4_0_gcba/bsp/stm32/libraries/STM32F4xx_HAL/CMSIS/Device/ST/STM32F4xx/Source/Templates/system_stm32f4xx.o
                0x000000000801071c                APBPrescTable
 .rodata.flagBitshiftOffset.9629
                0x0000000008010724        0x8 /home/demo_t/workspace/rtt_4_0_gcba/bsp/stm32/libraries/STM32F4xx_HAL/STM32F4xx_HAL_Driver/Src/stm32f4xx_hal_dma.o
 .rodata.stm32_onchip_flash_128k
                0x000000000801072c       0x38 /home/demo_t/workspace/rtt_4_0_gcba/bsp/stm32/libraries/HAL_Drivers/drv_flash/drv_flash_f4.o
                0x000000000801072c                stm32_onchip_flash_128k
 .rodata.pin_irq_map
                0x0000000008010764       0x40 /home/demo_t/workspace/rtt_4_0_gcba/bsp/stm32/libraries/HAL_Drivers/drv_gpio.o
 .rodata._stm32_pin_ops
                0x00000000080107a4       0x1c /home/demo_t/workspace/rtt_4_0_gcba/bsp/stm32/libraries/HAL_Drivers/drv_gpio.o
 .rodata.name   0x00000000080107c0       0x16 /home/demo_t/workspace/rtt_4_0_gcba/bsp/stm32/libraries/HAL_Drivers/drv_common.o
                0x00000000080107c0                __fsym_reboot_name
                0x00000000080107c8                __fsym_reboot_desc
 *fill*         0x00000000080107d6        0x2 00000000
 .rodata.stm32_uart_ops
                0x00000000080107d8       0x14 /home/demo_t/workspace/rtt_4_0_gcba/bsp/stm32/libraries/HAL_Drivers/drv_usart.o
 .rodata.__FUNCTION__.10977
                0x00000000080107ec       0x10 /home/demo_t/workspace/rtt_4_0_gcba/bsp/stm32/libraries/HAL_Drivers/drv_usart.o
 .rodata.__FUNCTION__.11002
                0x00000000080107fc        0xe /home/demo_t/workspace/rtt_4_0_gcba/bsp/stm32/libraries/HAL_Drivers/drv_usart.o
 *fill*         0x000000000801080a        0x2 00000000
 .rodata.__FUNCTION__.11018
                0x000000000801080c        0xb /home/demo_t/workspace/rtt_4_0_gcba/bsp/stm32/libraries/HAL_Drivers/drv_usart.o
 *fill*         0x0000000008010817        0x1 00000000
 .rodata.__FUNCTION__.11027
                0x0000000008010818        0xb /home/demo_t/workspace/rtt_4_0_gcba/bsp/stm32/libraries/HAL_Drivers/drv_usart.o
 *fill*         0x0000000008010823        0x1 00000000
 .rodata.__FUNCTION__.11035
                0x0000000008010824       0x13 /home/demo_t/workspace/rtt_4_0_gcba/bsp/stm32/libraries/HAL_Drivers/drv_usart.o
 *fill*         0x0000000008010837        0x1 00000000
 .rodata.__FUNCTION__.11043
                0x0000000008010838        0x9 /home/demo_t/workspace/rtt_4_0_gcba/bsp/stm32/libraries/HAL_Drivers/drv_usart.o
 *fill*         0x0000000008010841        0x3 00000000
 .rodata.__FUNCTION__.11056
                0x0000000008010844        0x8 /home/demo_t/workspace/rtt_4_0_gcba/bsp/stm32/libraries/HAL_Drivers/drv_usart.o
 .rodata.__FUNCTION__.11071
                0x000000000801084c       0x11 /home/demo_t/workspace/rtt_4_0_gcba/bsp/stm32/libraries/HAL_Drivers/drv_usart.o
 *fill*         0x000000000801085d        0x3 00000000
 .rodata.__FUNCTION__.11076
                0x0000000008010860       0x17 /home/demo_t/workspace/rtt_4_0_gcba/bsp/stm32/libraries/HAL_Drivers/drv_usart.o
 *fill*         0x0000000008010877        0x1 00000000
 .rodata.__FUNCTION__.11082
                0x0000000008010878       0x18 /home/demo_t/workspace/rtt_4_0_gcba/bsp/stm32/libraries/HAL_Drivers/drv_usart.o
 .rodata.__FUNCTION__.11087
                0x0000000008010890       0x1c /home/demo_t/workspace/rtt_4_0_gcba/bsp/stm32/libraries/HAL_Drivers/drv_usart.o
 .rodata.__FUNCTION__.11094