Archive member included to satisfy reference by file (symbol)

/usr/lib/gcc/arm-none-eabi/9.2.1/../../../arm-none-eabi/lib/thumb/v7e-m+fp/hard/libc.a(lib_a-atexit.o)
                              /usr/lib/gcc/arm-none-eabi/9.2.1/../../../arm-none-eabi/lib/thumb/v7e-m+fp/hard/crt0.o (atexit)
/usr/lib/gcc/arm-none-eabi/9.2.1/../../../arm-none-eabi/lib/thumb/v7e-m+fp/hard/libc.a(lib_a-atol.o)
                              build/packages/ota_downloader/src/ymodem_ota.o (atol)
/usr/lib/gcc/arm-none-eabi/9.2.1/../../../arm-none-eabi/lib/thumb/v7e-m+fp/hard/libc.a(lib_a-exit.o)
                              /usr/lib/gcc/arm-none-eabi/9.2.1/../../../arm-none-eabi/lib/thumb/v7e-m+fp/hard/crt0.o (exit)
/usr/lib/gcc/arm-none-eabi/9.2.1/../../../arm-none-eabi/lib/thumb/v7e-m+fp/hard/libc.a(lib_a-fini.o)
                              /usr/lib/gcc/arm-none-eabi/9.2.1/../../../arm-none-eabi/lib/thumb/v7e-m+fp/hard/crt0.o (__libc_fini_array)
/usr/lib/gcc/arm-none-eabi/9.2.1/../../../arm-none-eabi/lib/thumb/v7e-m+fp/hard/libc.a(lib_a-impure.o)
                              /usr/lib/gcc/arm-none-eabi/9.2.1/../../../arm-none-eabi/lib/thumb/v7e-m+fp/hard/libc.a(lib_a-exit.o) (_global_impure_ptr)
/usr/lib/gcc/arm-none-eabi/9.2.1/../../../arm-none-eabi/lib/thumb/v7e-m+fp/hard/libc.a(lib_a-memcmp.o)
                              build/kernel/components/finsh/shell.o (memcmp)
/usr/lib/gcc/arm-none-eabi/9.2.1/../../../arm-none-eabi/lib/thumb/v7e-m+fp/hard/libc.a(lib_a-memcpy.o)
                              build/packages/fal-v0.5.0/src/fal_rtt.o (memcpy)
/usr/lib/gcc/arm-none-eabi/9.2.1/../../../arm-none-eabi/lib/thumb/v7e-m+fp/hard/libc.a(lib_a-memset.o)
                              /usr/lib/gcc/arm-none-eabi/9.2.1/../../../arm-none-eabi/lib/thumb/v7e-m+fp/hard/crt0.o (memset)
/usr/lib/gcc/arm-none-eabi/9.2.1/../../../arm-none-eabi/lib/thumb/v7e-m+fp/hard/libc.a(lib_a-strcmp.o)
                              build/packages/qboot-latest/src/qboot.o (strcmp)
/usr/lib/gcc/arm-none-eabi/9.2.1/../../../arm-none-eabi/lib/thumb/v7e-m+fp/hard/libc.a(lib_a-strcpy.o)
                              build/kernel/components/finsh/shell.o (strcpy)
/usr/lib/gcc/arm-none-eabi/9.2.1/../../../arm-none-eabi/lib/thumb/v7e-m+fp/hard/libc.a(lib_a-strlen.o)
                              build/packages/qboot-latest/src/qboot.o (strlen)
/usr/lib/gcc/arm-none-eabi/9.2.1/../../../arm-none-eabi/lib/thumb/v7e-m+fp/hard/libc.a(lib_a-strncmp.o)
                              build/kernel/components/finsh/msh.o (strncmp)
/usr/lib/gcc/arm-none-eabi/9.2.1/../../../arm-none-eabi/lib/thumb/v7e-m+fp/hard/libc.a(lib_a-strncpy.o)
                              build/kernel/components/finsh/shell.o (strncpy)
/usr/lib/gcc/arm-none-eabi/9.2.1/../../../arm-none-eabi/lib/thumb/v7e-m+fp/hard/libc.a(lib_a-strtol.o)
                              /usr/lib/gcc/arm-none-eabi/9.2.1/../../../arm-none-eabi/lib/thumb/v7e-m+fp/hard/libc.a(lib_a-atol.o) (_strtol_r)
/usr/lib/gcc/arm-none-eabi/9.2.1/../../../arm-none-eabi/lib/thumb/v7e-m+fp/hard/libc.a(lib_a-__atexit.o)
                              /usr/lib/gcc/arm-none-eabi/9.2.1/../../../arm-none-eabi/lib/thumb/v7e-m+fp/hard/libc.a(lib_a-atexit.o) (__register_exitproc)
/usr/lib/gcc/arm-none-eabi/9.2.1/../../../arm-none-eabi/lib/thumb/v7e-m+fp/hard/libc.a(lib_a-__call_atexit.o)
                              /usr/lib/gcc/arm-none-eabi/9.2.1/../../../arm-none-eabi/lib/thumb/v7e-m+fp/hard/libc.a(lib_a-exit.o) (__call_exitprocs)
/usr/lib/gcc/arm-none-eabi/9.2.1/../../../arm-none-eabi/lib/thumb/v7e-m+fp/hard/libc.a(lib_a-ctype_.o)
                              /usr/lib/gcc/arm-none-eabi/9.2.1/../../../arm-none-eabi/lib/thumb/v7e-m+fp/hard/libc.a(lib_a-strtol.o) (_ctype_)
/usr/lib/gcc/arm-none-eabi/9.2.1/thumb/v7e-m+fp/hard/libgcc.a(_aeabi_ldivmod.o)
                              build/kernel/components/libc/compilers/common/time.o (__aeabi_ldivmod)
/usr/lib/gcc/arm-none-eabi/9.2.1/thumb/v7e-m+fp/hard/libgcc.a(_aeabi_uldivmod.o)
                              /home/demo_t/workspace/rtt_4_0_gcba/bsp/stm32/libraries/STM32F4xx_HAL/STM32F4xx_HAL_Driver/Src/stm32f4xx_hal_uart.o (__aeabi_uldivmod)
/usr/lib/gcc/arm-none-eabi/9.2.1/thumb/v7e-m+fp/hard/libgcc.a(_udivmoddi4.o)
                              /usr/lib/gcc/arm-none-eabi/9.2.1/thumb/v7e-m+fp/hard/libgcc.a(_aeabi_ldivmod.o) (__udivmoddi4)
/usr/lib/gcc/arm-none-eabi/9.2.1/thumb/v7e-m+fp/hard/libgcc.a(_dvmd_tls.o)
                              /usr/lib/gcc/arm-none-eabi/9.2.1/thumb/v7e-m+fp/hard/libgcc.a(_aeabi_ldivmod.o) (__aeabi_ldiv0)

Allocating common symbols
Common symbol       size              file

rt_interrupt_to_thread
                    0x4               build/kernel/libcpu/arm/cortex-m4/cpuport.o
rt_interrupt_from_thread
                    0x4               build/kernel/libcpu/arm/cortex-m4/cpuport.o
shell               0x4               build/kernel/components/finsh/shell.o
rt_thread_switch_interrupt_flag
[...]
Memory Configuration

Name             Origin             Length             Attributes
ROM              0x0000000008000000 0x00000000000e0000 xr
RAM              0x0000000020000000 0x0000000000020000 rw
*default*        0x0000000000000000 0xffffffffffffffff

Linker script and memory map

LOAD /usr/lib/gcc/arm-none-eabi/9.2.1/thumb/v7e-m+fp/hard/crti.o
LOAD /usr/lib/gcc/arm-none-eabi/9.2.1/thumb/v7e-m+fp/hard/crtbegin.o
LOAD /usr/lib/gcc/arm-none-eabi/9.2.1/../../../arm-none-eabi/lib/thumb/v7e-m+fp/hard/crt0.o
LOAD /home/demo_t/workspace/rtt_4_0_gcba/bsp/stm32/libraries/STM32F4xx_HAL/CMSIS/Device/ST/STM32F4xx/Source/Templates/gcc/startup_stm32f407xx.o
LOAD build/board/board.o
LOAD build/board/CubeMX_Config/Src/stm32f4xx_hal_msp.o
LOAD build/applications/main.o
LOAD build/packages/qboot-latest/src/qboot.o
LOAD build/packages/qboot-latest/src/qboot_fastlz.o
LOAD build/packages/qboot-latest/src/qboot_aes.o
LOAD build/packages/qboot-latest/src/qboot_gzip.o
LOAD build/packages/qboot-latest/src/qboot_stm32.o
LOAD build/packages/qboot-latest/src/qboot_at32.o
LOAD build/packages/qboot-latest/src/qboot_quicklz.o
LOAD build/packages/ota_downloader/src/ymodem_ota.o
LOAD build/packages/_hello/src/hello.o
LOAD build/packages/crclib-v1.00/src/crc8.o
LOAD build/packages/crclib-v1.00/src/crc32.o
LOAD build/packages/crclib-v1.00/src/crc16.o
LOAD build/kernel/src/mempool.o
LOAD build/kernel/src/components.o
LOAD build/kernel/src/scheduler.o
LOAD build/kernel/src/mem.o
LOAD build/kernel/src/memheap.o
LOAD build/kernel/src/irq.o
LOAD build/kernel/src/object.o
LOAD build/kernel/src/thread.o
LOAD build/kernel/src/clock.o
LOAD build/kernel/src/timer.o
LOAD build/kernel/src/device.o
LOAD build/kernel/src/idle.o
LOAD build/kernel/src/kservice.o
LOAD build/kernel/src/ipc.o
LOAD build/kernel/libcpu/arm/common/backtrace.o
LOAD build/kernel/libcpu/arm/common/showmem.o
LOAD build/kernel/libcpu/arm/common/div0.o
LOAD build/kernel/libcpu/arm/cortex-m4/cpuport.o
LOAD build/kernel/libcpu/arm/cortex-m4/context_gcc.o
LOAD build/kernel/components/finsh/shell.o
LOAD build/kernel/components/finsh/msh.o
LOAD build/kernel/components/libc/compilers/newlib/syscalls.o
LOAD build/kernel/components/libc/compilers/common/stdlib.o
LOAD build/kernel/components/libc/compilers/common/time.o
LOAD build/kernel/components/drivers/misc/pin.o
LOAD build/kernel/components/drivers/watchdog/watchdog.o
LOAD build/kernel/components/drivers/serial/serial.o
LOAD build/kernel/components/drivers/ipc/ringblk_buf.o
LOAD build/kernel/components/drivers/ipc/waitqueue.o
LOAD build/kernel/components/drivers/ipc/completion.o
LOAD build/kernel/components/drivers/ipc/ringbuffer.o
LOAD build/kernel/components/drivers/ipc/pipe.o
LOAD build/kernel/components/drivers/ipc/workqueue.o
LOAD build/kernel/components/drivers/ipc/dataqueue.o
LOAD build/kernel/components/utilities/ymodem/ymodem.o
LOAD /home/demo_t/workspace/rtt_4_0_gcba/bsp/stm32/libraries/STM32F4xx_HAL/STM32F4xx_HAL_Driver/Src/stm32f4xx_hal_uart.o
LOAD /home/demo_t/workspace/rtt_4_0_gcba/bsp/stm32/libraries/STM32F4xx_HAL/STM32F4xx_HAL_Driver/Src/stm32f4xx_hal_gpio.o
LOAD /home/demo_t/workspace/rtt_4_0_gcba/bsp/stm32/libraries/STM32F4xx_HAL/STM32F4xx_HAL_Driver/Src/stm32f4xx_hal_dma.o
LOAD /home/demo_t/workspace/rtt_4_0_gcba/bsp/stm32/libraries/STM32F4xx_HAL/CMSIS/Device/ST/STM32F4xx/Source/Templates/system_stm32f4xx.o
LOAD /home/demo_t/workspace/rtt_4_0_gcba/bsp/stm32/libraries/STM32F4xx_HAL/STM32F4xx_HAL_Driver/Src/stm32f4xx_hal_iwdg.o
LOAD /home/demo_t/workspace/rtt_4_0_gcba/bsp/stm32/libraries/STM32F4xx_HAL/STM32F4xx_HAL_Driver/Src/stm32f4xx_hal_flash_ramfunc.o
LOAD /home/demo_t/workspace/rtt_4_0_gcba/bsp/stm32/libraries/STM32F4xx_HAL/STM32F4xx_HAL_Driver/Src/stm32f4xx_hal_rng.o
LOAD /home/demo_t/workspace/rtt_4_0_gcba/bsp/stm32/libraries/STM32F4xx_HAL/STM32F4xx_HAL_Driver/Src/stm32f4xx_hal_crc.o
LOAD /home/demo_t/workspace/rtt_4_0_gcba/bsp/stm32/libraries/STM32F4xx_HAL/STM32F4xx_HAL_Driver/Src/stm32f4xx_hal_cryp_ex.o
LOAD /home/demo_t/workspace/rtt_4_0_gcba/bsp/stm32/libraries/STM32F4xx_HAL/STM32F4xx_HAL_Driver/Src/stm32f4xx_hal_pwr_ex.o
LOAD /home/demo_t/workspace/rtt_4_0_gcba/bsp/stm32/libraries/STM32F4xx_HAL/STM32F4xx_HAL_Driver/Src/stm32f4xx_hal_cortex.o
LOAD /home/demo_t/workspace/rtt_4_0_gcba/bsp/stm32/libraries/STM32F4xx_HAL/STM32F4xx_HAL_Driver/Src/stm32f4xx_hal_rcc_ex.o
LOAD /home/demo_t/workspace/rtt_4_0_gcba/bsp/stm32/libraries/STM32F4xx_HAL/STM32F4xx_HAL_Driver/Src/stm32f4xx_hal.o
LOAD /home/demo_t/workspace/rtt_4_0_gcba/bsp/stm32/libraries/STM32F4xx_HAL/STM32F4xx_HAL_Driver/Src/stm32f4xx_hal_wwdg.o
LOAD /home/demo_t/workspace/rtt_4_0_gcba/bsp/stm32/libraries/STM32F4xx_HAL/STM32F4xx_HAL_Driver/Src/stm32f4xx_hal_dma_ex.o
LOAD /home/demo_t/workspace/rtt_4_0_gcba/bsp/stm32/libraries/STM32F4xx_HAL/STM32F4xx_HAL_Driver/Src/stm32f4xx_hal_flash_ex.o
LOAD /home/demo_t/workspace/rtt_4_0_gcba/bsp/stm32/libraries/STM32F4xx_HAL/STM32F4xx_HAL_Driver/Src/stm32f4xx_hal_rcc.o
LOAD /home/demo_t/workspace/rtt_4_0_gcba/bsp/stm32/libraries/STM32F4xx_HAL/STM32F4xx_HAL_Driver/Src/stm32f4xx_hal_flash.o
LOAD /home/demo_t/workspace/rtt_4_0_gcba/bsp/stm32/libraries/STM32F4xx_HAL/STM32F4xx_HAL_Driver/Src/stm32f4xx_hal_pwr.o
LOAD /home/demo_t/workspace/rtt_4_0_gcba/bsp/stm32/libraries/STM32F4xx_HAL/STM32F4xx_HAL_Driver/Src/stm32f4xx_hal_cec.o
LOAD /home/demo_t/workspace/rtt_4_0_gcba/bsp/stm32/libraries/STM32F4xx_HAL/STM32F4xx_HAL_Driver/Src/stm32f4xx_hal_cryp.o
LOAD /home/demo_t/workspace/rtt_4_0_gcba/bsp/stm32/libraries/STM32F4xx_HAL/STM32F4xx_HAL_Driver/Src/stm32f4xx_hal_usart.o
LOAD /home/demo_t/workspace/rtt_4_0_gcba/bsp/stm32/libraries/HAL_Drivers/drv_usart.o
LOAD /home/demo_t/workspace/rtt_4_0_gcba/bsp/stm32/libraries/HAL_Drivers/drv_flash/drv_flash_f4.o
LOAD /home/demo_t/workspace/rtt_4_0_gcba/bsp/stm32/libraries/HAL_Drivers/drv_common.o
LOAD /home/demo_t/workspace/rtt_4_0_gcba/bsp/stm32/libraries/HAL_Drivers/drv_gpio.o
LOAD build/packages/fal-v0.5.0/src/fal_rtt.o
LOAD build/packages/fal-v0.5.0/src/fal_partition.o
LOAD build/packages/fal-v0.5.0/src/fal.o
LOAD build/packages/fal-v0.5.0/src/fal_flash.o
LOAD /usr/lib/gcc/arm-none-eabi/9.2.1/../../../arm-none-eabi/lib/thumb/v7e-m+fp/hard/libm.a
LOAD /usr/lib/gcc/arm-none-eabi/9.2.1/../../../arm-none-eabi/lib/thumb/v7e-m+fp/hard/libc.a
START GROUP
LOAD /usr/lib/gcc/arm-none-eabi/9.2.1/thumb/v7e-m+fp/hard/libgcc.a
LOAD /usr/lib/gcc/arm-none-eabi/9.2.1/../../../arm-none-eabi/lib/thumb/v7e-m+fp/hard/libc.a
END GROUP
LOAD /usr/lib/gcc/arm-none-eabi/9.2.1/thumb/v7e-m+fp/hard/crtend.o
LOAD /usr/lib/gcc/arm-none-eabi/9.2.1/thumb/v7e-m+fp/hard/crtn.o
                0x0000000000000200                _system_stack_size = 0x200

.text           0x0000000008000000    0x14b4c
                0x0000000008000000                . = ALIGN (0x4)
                0x0000000008000000                _stext = .
 *(.isr_vector)
 .isr_vector    0x0000000008000000      0x188 /home/demo_t/workspace/rtt_4_0_gcba/bsp/stm32/libraries/STM32F4xx_HAL/CMSIS/Device/ST/STM32F4xx/Source/Templates/gcc/startup_stm32f407xx.o
                0x0000000008000000                g_pfnVectors
                0x0000000008000188                . = ALIGN (0x4)
 *(.text)
 .text          0x0000000008000188       0x88 /usr/lib/gcc/arm-none-eabi/9.2.1/thumb/v7e-m+fp/hard/crtbegin.o
 .text          0x0000000008000210      0x13c build/kernel/libcpu/arm/cortex-m4/context_gcc.o
                0x0000000008000210                rt_hw_interrupt_disable
                0x0000000008000218                rt_hw_interrupt_enable
                0x000000000800021e                rt_hw_context_switch_interrupt
                0x000000000800021e                rt_hw_context_switch
                0x000000000800023e                PendSV_Handler
                0x00000000080002aa                rt_hw_context_switch_to
                0x00000000080002f0                rt_hw_interrupt_thread_switch
                0x00000000080002f4                HardFault_Handler
 .text          0x000000000800034c        0xc /usr/lib/gcc/arm-none-eabi/9.2.1/../../../arm-none-eabi/lib/thumb/v7e-m+fp/hard/libc.a(lib_a-atexit.o)
                0x000000000800034c                atexit
 .text          0x0000000008000358       0x10 /usr/lib/gcc/arm-none-eabi/9.2.1/../../../arm-none-eabi/lib/thumb/v7e-m+fp/hard/libc.a(lib_a-atol.o)
                0x0000000008000358                atol
                0x0000000008000360                _atol_r
 .text          0x0000000008000368       0x34 /usr/lib/gcc/arm-none-eabi/9.2.1/../../../arm-none-eabi/lib/thumb/v7e-m+fp/hard/libc.a(lib_a-fini.o)
                0x0000000008000368                __libc_fini_array
 .text          0x000000000800039c       0x60 /usr/lib/gcc/arm-none-eabi/9.2.1/../../../arm-none-eabi/lib/thumb/v7e-m+fp/hard/libc.a(lib_a-memcmp.o)
                0x000000000800039c                memcmp
 .text          0x00000000080003fc       0xa0 /usr/lib/gcc/arm-none-eabi/9.2.1/../../../arm-none-eabi/lib/thumb/v7e-m+fp/hard/libc.a(lib_a-memset.o)
                0x00000000080003fc                memset
 *fill*         0x000000000800049c        0x4 00000000
 .text          0x00000000080004a0      0x2dc /usr/lib/gcc/arm-none-eabi/9.2.1/../../../arm-none-eabi/lib/thumb/v7e-m+fp/hard/libc.a(lib_a-strcmp.o)
                0x00000000080004a8                strcmp
 .text          0x000000000800077c       0xbc /usr/lib/gcc/arm-none-eabi/9.2.1/../../../arm-none-eabi/lib/thumb/v7e-m+fp/hard/libc.a(lib_a-strcpy.o)
                0x000000000800077c                strcpy
 *fill*         0x0000000008000838        0x8 00000000
 .text          0x0000000008000840       0xdc /usr/lib/gcc/arm-none-eabi/9.2.1/../../../arm-none-eabi/lib/thumb/v7e-m+fp/hard/libc.a(lib_a-strlen.o)
                0x0000000008000840                strlen
 .text          0x000000000800091c       0xa4 /usr/lib/gcc/arm-none-eabi/9.2.1/../../../arm-none-eabi/lib/thumb/v7e-m+fp/hard/libc.a(lib_a-strncmp.o)
                0x000000000800091c                strncmp
 .text          0x00000000080009c0       0x74 /usr/lib/gcc/arm-none-eabi/9.2.1/../../../arm-none-eabi/lib/thumb/v7e-m+fp/hard/libc.a(lib_a-strncpy.o)
                0x00000000080009c0                strncpy
 .text          0x0000000008000a34      0x168 /usr/lib/gcc/arm-none-eabi/9.2.1/../../../arm-none-eabi/lib/thumb/v7e-m+fp/hard/libc.a(lib_a-strtol.o)
                0x0000000008000b68                _strtol_r
                0x0000000008000b6c                strtol_l
                0x0000000008000b84                strtol
 .text          0x0000000008000b9c       0x68 /usr/lib/gcc/arm-none-eabi/9.2.1/../../../arm-none-eabi/lib/thumb/v7e-m+fp/hard/libc.a(lib_a-__atexit.o)
                0x0000000008000b9c                __register_exitproc
 .text          0x0000000008000c04       0x30 /usr/lib/gcc/arm-none-eabi/9.2.1/thumb/v7e-m+fp/hard/libgcc.a(_aeabi_uldivmod.o)
                0x0000000008000c04                __aeabi_uldivmod
 .text          0x0000000008000c34      0x2c4 /usr/lib/gcc/arm-none-eabi/9.2.1/thumb/v7e-m+fp/hard/libgcc.a(_udivmoddi4.o)
                0x0000000008000c34                __udivmoddi4
 .text          0x0000000008000ef8        0x4 /usr/lib/gcc/arm-none-eabi/9.2.1/thumb/v7e-m+fp/hard/libgcc.a(_dvmd_tls.o)
                0x0000000008000ef8                __aeabi_ldiv0
                0x0000000008000ef8                __aeabi_idiv0
 *(.text.*)
 .text.Reset_Handler
                0x0000000008000efc       0x50 /home/demo_t/workspace/rtt_4_0_gcba/bsp/stm32/libraries/STM32F4xx_HAL/CMSIS/Device/ST/STM32F4xx/Source/Templates/gcc/startup_stm32f407xx.o
                0x0000000008000efc                Reset_Handler
 .text.Default_Handler
                0x0000000008000f4c        0x2 /home/demo_t/workspace/rtt_4_0_gcba/bsp/stm32/libraries/STM32F4xx_HAL/CMSIS/Device/ST/STM32F4xx/Source/Templates/gcc/startup_stm32f407xx.o
                0x0000000008000f4c                RTC_Alarm_IRQHandler
                0x0000000008000f4c                HASH_RNG_IRQHandler
                0x0000000008000f4c                TIM8_CC_IRQHandler
                0x0000000008000f4c                DebugMon_Handler
                0x0000000008000f4c                TIM1_CC_IRQHandler
                0x0000000008000f4c                DMA2_Stream5_IRQHandler
                0x0000000008000f4c                DMA1_Stream5_IRQHandler
                0x0000000008000f4c                PVD_IRQHandler
                0x0000000008000f4c                SDIO_IRQHandler
                0x0000000008000f4c                TAMP_STAMP_IRQHandler
                0x0000000008000f4c                NMI_Handler
                0x0000000008000f4c                CAN2_RX1_IRQHandler
                0x0000000008000f4c                TIM8_TRG_COM_TIM14_IRQHandler
                0x0000000008000f4c                TIM1_UP_TIM10_IRQHandler
                0x0000000008000f4c                TIM8_UP_TIM13_IRQHandler
                0x0000000008000f4c                I2C3_ER_IRQHandler
                0x0000000008000f4c                I2C2_EV_IRQHandler
                0x0000000008000f4c                DMA1_Stream2_IRQHandler
                0x0000000008000f4c                CAN1_RX0_IRQHandler
                0x0000000008000f4c                FPU_IRQHandler
                0x0000000008000f4c                OTG_HS_WKUP_IRQHandler
                0x0000000008000f4c                UsageFault_Handler
                0x0000000008000f4c                CAN2_SCE_IRQHandler
                0x0000000008000f4c                DMA2_Stream2_IRQHandler
                0x0000000008000f4c                SPI1_IRQHandler
                0x0000000008000f4c                TIM6_DAC_IRQHandler
                0x0000000008000f4c                TIM1_BRK_TIM9_IRQHandler
                0x0000000008000f4c                DCMI_IRQHandler
                0x0000000008000f4c                CAN2_RX0_IRQHandler
                0x0000000008000f4c                DMA2_Stream3_IRQHandler
                0x0000000008000f4c                USART6_IRQHandler
                0x0000000008000f4c                USART3_IRQHandler
                0x0000000008000f4c                CAN1_RX1_IRQHandler
                0x0000000008000f4c                UART5_IRQHandler
                0x0000000008000f4c                DMA2_Stream0_IRQHandler
                0x0000000008000f4c                TIM4_IRQHandler
                0x0000000008000f4c                I2C1_EV_IRQHandler
                0x0000000008000f4c                DMA1_Stream6_IRQHandler
                0x0000000008000f4c                DMA1_Stream1_IRQHandler
                0x0000000008000f4c                UART4_IRQHandler
                0x0000000008000f4c                TIM3_IRQHandler
                0x0000000008000f4c                RCC_IRQHandler
                0x0000000008000f4c                TIM8_BRK_TIM12_IRQHandler
                0x0000000008000f4c                Default_Handler
                0x0000000008000f4c                ADC_IRQHandler
                0x0000000008000f4c                DMA1_Stream7_IRQHandler
                0x0000000008000f4c                TIM7_IRQHandler
                0x0000000008000f4c                CAN2_TX_IRQHandler
                0x0000000008000f4c                TIM5_IRQHandler
                0x0000000008000f4c                DMA2_Stream7_IRQHandler
                0x0000000008000f4c                I2C3_EV_IRQHandler
                0x0000000008000f4c                RTC_WKUP_IRQHandler
                0x0000000008000f4c                ETH_WKUP_IRQHandler
                0x0000000008000f4c                SPI2_IRQHandler
                0x0000000008000f4c                OTG_HS_EP1_IN_IRQHandler
                0x0000000008000f4c                MemManage_Handler
                0x0000000008000f4c                DMA1_Stream0_IRQHandler
                0x0000000008000f4c                CAN1_TX_IRQHandler
                0x0000000008000f4c                SVC_Handler
                0x0000000008000f4c                FSMC_IRQHandler
                0x0000000008000f4c                ETH_IRQHandler
                0x0000000008000f4c                OTG_HS_EP1_OUT_IRQHandler
                0x0000000008000f4c                WWDG_IRQHandler
                0x0000000008000f4c                TIM2_IRQHandler
                0x0000000008000f4c                OTG_FS_WKUP_IRQHandler
                0x0000000008000f4c                TIM1_TRG_COM_TIM11_IRQHandler
                0x0000000008000f4c                OTG_HS_IRQHandler
                0x0000000008000f4c                USART2_IRQHandler
                0x0000000008000f4c                I2C2_ER_IRQHandler
                0x0000000008000f4c                DMA2_Stream1_IRQHandler
                0x0000000008000f4c                CAN1_SCE_IRQHandler
                0x0000000008000f4c                FLASH_IRQHandler
                0x0000000008000f4c                DMA2_Stream4_IRQHandler
                0x0000000008000f4c                BusFault_Handler
                0x0000000008000f4c                OTG_FS_IRQHandler
                0x0000000008000f4c                SPI3_IRQHandler
                0x0000000008000f4c                DMA1_Stream4_IRQHandler
                0x0000000008000f4c                I2C1_ER_IRQHandler
                0x0000000008000f4c                DMA2_Stream6_IRQHandler
                0x0000000008000f4c                DMA1_Stream3_IRQHandler
 *fill*         0x0000000008000f4e        0x2 00000000
 .text.SystemClock_Config
                0x0000000008000f50      0x11c build/board/board.o
                0x0000000008000f50                SystemClock_Config
 .text.HAL_MspInit
                0x000000000800106c       0x50 build/board/CubeMX_Config/Src/stm32f4xx_hal_msp.o
                0x000000000800106c                HAL_MspInit
 .text.HAL_UART_MspInit
                0x00000000080010bc       0xf8 build/board/CubeMX_Config/Src/stm32f4xx_hal_msp.o
                0x00000000080010bc                HAL_UART_MspInit
 .text.HAL_UART_MspDeInit
                0x00000000080011b4       0x60 build/board/CubeMX_Config/Src/stm32f4xx_hal_msp.o
                0x00000000080011b4                HAL_UART_MspDeInit
 .text.main     0x0000000008001214       0x50 build/applications/main.o
                0x0000000008001214                main
 .text.qbt_part_is_exist
                0x0000000008001264       0x22 build/packages/qboot-latest/src/qboot.o
 .text.qbt_fw_info_read
                0x0000000008001286       0x48 build/packages/qboot-latest/src/qboot.o
 .text.qbt_fw_info_write
                0x00000000080012ce       0x48 build/packages/qboot-latest/src/qboot.o
 *fill*         0x0000000008001316        0x2 00000000
 .text.qbt_fw_info_check
                0x0000000008001318       0x40 build/packages/qboot-latest/src/qboot.o
 .text.qbt_fw_crc_check
                0x0000000008001358       0xd4 build/packages/qboot-latest/src/qboot.o
 .text.qbt_release_sign_check
                0x000000000800142c       0x70 build/packages/qboot-latest/src/qboot.o
 .text.qbt_release_sign_write
                0x000000000800149c       0x64 build/packages/qboot-latest/src/qboot.o
 .text.qbt_fw_decrypt_init
                0x0000000008001500       0x22 build/packages/qboot-latest/src/qboot.o
 .text.qbt_fw_decompress_init
                0x0000000008001522       0x22 build/packages/qboot-latest/src/qboot.o
 .text.qbt_fw_decompress_deinit
                0x0000000008001544       0x22 build/packages/qboot-latest/src/qboot.o
 .text.qbt_fw_pkg_read
                0x0000000008001566       0x3a build/packages/qboot-latest/src/qboot.o
 .text.qbt_dest_part_write
                0x00000000080015a0       0x68 build/packages/qboot-latest/src/qboot.o
 .text.qbt_app_crc_cal
                0x0000000008001608       0x70 build/packages/qboot-latest/src/qboot.o
 .text.qbt_app_crc_check
                0x0000000008001678      0x1b0 build/packages/qboot-latest/src/qboot.o
 .text.qbt_fw_release
                0x0000000008001828      0x234 build/packages/qboot-latest/src/qboot.o
 .text.qbt_dest_part_verify
                0x0000000008001a5c       0x9c build/packages/qboot-latest/src/qboot.o
 .text.qbt_fw_check
                0x0000000008001af8      0x11c build/packages/qboot-latest/src/qboot.o
 .text.qbt_fw_update
                0x0000000008001c14       0xb4 build/packages/qboot-latest/src/qboot.o
 .text.qbt_jump_to_app
                0x0000000008001cc8       0xe8 build/packages/qboot-latest/src/qboot.o
                0x0000000008001cc8                qbt_jump_to_app
 .text.qbt_close_sys_shell
                0x0000000008001db0       0x3c build/packages/qboot-latest/src/qboot.o
 .text.qbt_open_sys_shell
                0x0000000008001dec       0x30 build/packages/qboot-latest/src/qboot.o
 .text.qbt_shell_rx_ind
                0x0000000008001e1c       0x24 build/packages/qboot-latest/src/qboot.o
 .text.qbt_shell_init
                0x0000000008001e40       0xf4 build/packages/qboot-latest/src/qboot.o
 .text.qbt_shell_key_check
                0x0000000008001f34       0x68 build/packages/qboot-latest/src/qboot.o
 .text.qbt_startup_shell
                0x0000000008001f9c       0x78 build/packages/qboot-latest/src/qboot.o
 .text.qbt_show_msg
                0x0000000008002014       0x2c build/packages/qboot-latest/src/qboot.o
 .text.qbt_app_resume_from
                0x0000000008002040       0xb0 build/packages/qboot-latest/src/qboot.o
 .text.qbt_release_from_part
                0x00000000080020f0       0x98 build/packages/qboot-latest/src/qboot.o
 .text.qbt_thread_entry
                0x0000000008002188      0x120 build/packages/qboot-latest/src/qboot.o
 .text.qbt_startup
                0x00000000080022a8       0x60 build/packages/qboot-latest/src/qboot.o
 .text.qbt_fw_clone
                0x0000000008002308      0x130 build/packages/qboot-latest/src/qboot.o
 .text.qbt_fw_info_show
                0x0000000008002438      0x25c build/packages/qboot-latest/src/qboot.o
 .text.qbt_fw_delete
                0x0000000008002694       0x68 build/packages/qboot-latest/src/qboot.o
 .text.qbt_shell_cmd
                0x00000000080026fc      0x2a4 build/packages/qboot-latest/src/qboot.o
 .text.ymodem_on_begin
                0x00000000080029a0      0x12c build/packages/ota_downloader/src/ymodem_ota.o
 .text.ymodem_on_data
                0x0000000008002acc       0x6c build/packages/ota_downloader/src/ymodem_ota.o
 .text.ymodem_ota
                0x0000000008002b38      0x100 build/packages/ota_downloader/src/ymodem_ota.o
                0x0000000008002b38                ymodem_ota
 .text.hello_init
                0x0000000008002c38       0x14 build/packages/_hello/src/hello.o
                0x0000000008002c38                hello_init
 .text.crc32_cyc_cal
                0x0000000008002c4c       0x48 build/packages/crclib-v1.00/src/crc32.o
                0x0000000008002c4c                crc32_cyc_cal
 .text.crc32_cal
                0x0000000008002c94       0x22 build/packages/crclib-v1.00/src/crc32.o
                0x0000000008002c94                crc32_cal
 .text.rti_start
                0x0000000008002cb6       0x10 build/kernel/src/components.o
 .text.rti_board_start
                0x0000000008002cc6       0x10 build/kernel/src/components.o
 .text.rti_board_end
                0x0000000008002cd6       0x10 build/kernel/src/components.o
 .text.rti_end  0x0000000008002ce6       0x10 build/kernel/src/components.o
 *fill*         0x0000000008002cf6        0x2 00000000
 .text.rt_components_board_init
                0x0000000008002cf8       0x50 build/kernel/src/components.o
                0x0000000008002cf8                rt_components_board_init
 .text.rt_components_init
                0x0000000008002d48       0x5c build/kernel/src/components.o
                0x0000000008002d48                rt_components_init
 .text.entry    0x0000000008002da4        0xe build/kernel/src/components.o
                0x0000000008002da4                entry
 .text.main_thread_entry
                0x0000000008002db2       0x18 build/kernel/src/components.o
                0x0000000008002db2                main_thread_entry
 *fill*         0x0000000008002dca        0x2 00000000
 .text.rt_application_init
                0x0000000008002dcc       0x4c build/kernel/src/components.o
                0x0000000008002dcc                rt_application_init
 .text.rtthread_startup
                0x0000000008002e18       0x2e build/kernel/src/components.o
                0x0000000008002e18                rtthread_startup
 .text.rt_list_init
                0x0000000008002e46       0x22 build/kernel/src/scheduler.o
 .text.rt_list_insert_before
                0x0000000008002e68       0x32 build/kernel/src/scheduler.o
 .text.rt_list_remove
                0x0000000008002e9a       0x36 build/kernel/src/scheduler.o
 .text.rt_list_isempty
                0x0000000008002ed0       0x24 build/kernel/src/scheduler.o
 .text._rt_scheduler_stack_check
                0x0000000008002ef4       0x94 build/kernel/src/scheduler.o
 .text._scheduler_get_highest_priority_thread
                0x0000000008002f88       0x38 build/kernel/src/scheduler.o
 .text.rt_system_scheduler_init
                0x0000000008002fc0       0x38 build/kernel/src/scheduler.o
                0x0000000008002fc0                rt_system_scheduler_init
 .text.rt_system_scheduler_start
                0x0000000008002ff8       0x38 build/kernel/src/scheduler.o
                0x0000000008002ff8                rt_system_scheduler_start
 .text.rt_schedule
                0x0000000008003030      0x170 build/kernel/src/scheduler.o
                0x0000000008003030                rt_schedule
 .text.rt_schedule_insert_thread
                0x00000000080031a0       0xac build/kernel/src/scheduler.o
                0x00000000080031a0                rt_schedule_insert_thread
 .text.rt_schedule_remove_thread
                0x000000000800324c       0x70 build/kernel/src/scheduler.o
                0x000000000800324c                rt_schedule_remove_thread
 .text.rt_enter_critical
                0x00000000080032bc       0x2c build/kernel/src/scheduler.o
                0x00000000080032bc                rt_enter_critical
 .text.rt_exit_critical
                0x00000000080032e8       0x54 build/kernel/src/scheduler.o
                0x00000000080032e8                rt_exit_critical
 .text.rt_critical_level
                0x000000000800333c       0x1c build/kernel/src/scheduler.o
                0x000000000800333c                rt_critical_level
 .text.rt_memheap_init
                0x0000000008003358      0x148 build/kernel/src/memheap.o
                0x0000000008003358                rt_memheap_init
 .text.rt_memheap_alloc
                0x00000000080034a0      0x22c build/kernel/src/memheap.o
                0x00000000080034a0                rt_memheap_alloc
 .text.rt_memheap_free
                0x00000000080036cc      0x1d4 build/kernel/src/memheap.o
                0x00000000080036cc                rt_memheap_free
 .text._memheap_alloc
                0x00000000080038a0       0x1e build/kernel/src/memheap.o
                0x00000000080038a0                _memheap_alloc
 .text._memheap_free
                0x00000000080038be       0x16 build/kernel/src/memheap.o
                0x00000000080038be                _memheap_free
 .text.rt_interrupt_enter
                0x00000000080038d4       0x2c build/kernel/src/irq.o
                0x00000000080038d4                rt_interrupt_enter
 .text.rt_interrupt_leave
                0x0000000008003900       0x2c build/kernel/src/irq.o
                0x0000000008003900                rt_interrupt_leave
 .text.rt_interrupt_get_nest
                0x000000000800392c       0x28 build/kernel/src/irq.o
                0x000000000800392c                rt_interrupt_get_nest
 .text.rt_list_insert_after
                0x0000000008003954       0x32 build/kernel/src/object.o
 .text.rt_list_remove
                0x0000000008003986       0x36 build/kernel/src/object.o
 .text.rt_object_get_information
                0x00000000080039bc       0x48 build/kernel/src/object.o
                0x00000000080039bc                rt_object_get_information
 .text.rt_object_init
                0x0000000008003a04       0xb8 build/kernel/src/object.o
                0x0000000008003a04                rt_object_init
 .text.rt_object_detach
                0x0000000008003abc       0x48 build/kernel/src/object.o
                0x0000000008003abc                rt_object_detach
 .text.rt_object_allocate
                0x0000000008003b04       0xc4 build/kernel/src/object.o
                0x0000000008003b04                rt_object_allocate
 .text.rt_object_delete
                0x0000000008003bc8       0x68 build/kernel/src/object.o
                0x0000000008003bc8                rt_object_delete
 .text.rt_object_is_systemobject
                0x0000000008003c30       0x3c build/kernel/src/object.o
                0x0000000008003c30                rt_object_is_systemobject
 .text.rt_object_get_type
                0x0000000008003c6c       0x34 build/kernel/src/object.o
                0x0000000008003c6c                rt_object_get_type
 .text.rt_object_find
                0x0000000008003ca0       0xb4 build/kernel/src/object.o
                0x0000000008003ca0                rt_object_find
 .text.rt_list_init
                0x0000000008003d54       0x22 build/kernel/src/thread.o
 .text.rt_list_remove
                0x0000000008003d76       0x36 build/kernel/src/thread.o
 .text._thread_exit
                0x0000000008003dac       0x42 build/kernel/src/thread.o
 *fill*         0x0000000008003dee        0x2 00000000
 .text._thread_timeout
                0x0000000008003df0       0x8c build/kernel/src/thread.o
 .text._thread_init
                0x0000000008003e7c       0xf0 build/kernel/src/thread.o
 .text.rt_thread_init
                0x0000000008003f6c       0x70 build/kernel/src/thread.o
                0x0000000008003f6c                rt_thread_init
 .text.rt_thread_self
                0x0000000008003fdc       0x18 build/kernel/src/thread.o
                0x0000000008003fdc                rt_thread_self
 .text.rt_thread_startup
                0x0000000008003ff4       0x94 build/kernel/src/thread.o
                0x0000000008003ff4                rt_thread_startup
 .text.rt_thread_detach
                0x0000000008004088       0xb0 build/kernel/src/thread.o
                0x0000000008004088                rt_thread_detach
 .text.rt_thread_create
                0x0000000008004138       0x62 build/kernel/src/thread.o
                0x0000000008004138                rt_thread_create
 *fill*         0x000000000800419a        0x2 00000000
 .text.rt_thread_delete
                0x000000000800419c       0xb0 build/kernel/src/thread.o
                0x000000000800419c                rt_thread_delete
 .text.rt_thread_sleep
                0x000000000800424c       0x94 build/kernel/src/thread.o
                0x000000000800424c                rt_thread_sleep
 .text.rt_thread_delay
                0x00000000080042e0       0x18 build/kernel/src/thread.o
                0x00000000080042e0                rt_thread_delay
 .text.rt_thread_mdelay
                0x00000000080042f8       0x20 build/kernel/src/thread.o
                0x00000000080042f8                rt_thread_mdelay
 .text.rt_thread_control
                0x0000000008004318       0xfc build/kernel/src/thread.o
                0x0000000008004318                rt_thread_control
 .text.rt_thread_suspend
                0x0000000008004414       0xb4 build/kernel/src/thread.o
                0x0000000008004414                rt_thread_suspend
 .text.rt_thread_resume
                0x00000000080044c8       0x84 build/kernel/src/thread.o
                0x00000000080044c8                rt_thread_resume
 .text.rt_thread_find
                0x000000000800454c       0x1a build/kernel/src/thread.o
                0x000000000800454c                rt_thread_find
 *fill*         0x0000000008004566        0x2 00000000
 .text.rt_tick_get
                0x0000000008004568       0x18 build/kernel/src/clock.o
                0x0000000008004568                rt_tick_get
 .text.rt_tick_increase
                0x0000000008004580       0x6c build/kernel/src/clock.o
                0x0000000008004580                rt_tick_increase
 .text.rt_tick_from_millisecond
                0x00000000080045ec       0x74 build/kernel/src/clock.o
                0x00000000080045ec                rt_tick_from_millisecond
 .text.rt_list_init
                0x0000000008004660       0x22 build/kernel/src/timer.o
 .text.rt_list_insert_after
                0x0000000008004682       0x32 build/kernel/src/timer.o
 .text.rt_list_remove
                0x00000000080046b4       0x36 build/kernel/src/timer.o
 .text.rt_list_isempty
                0x00000000080046ea       0x24 build/kernel/src/timer.o
 .text._timer_init
                0x000000000800470e       0x6a build/kernel/src/timer.o
 .text._timer_remove
                0x0000000008004778       0x36 build/kernel/src/timer.o
 *fill*         0x00000000080047ae        0x2 00000000
 .text.rt_timer_init
                0x00000000080047b0       0x7c build/kernel/src/timer.o
                0x00000000080047b0                rt_timer_init
 .text.rt_timer_detach
                0x000000000800482c       0x90 build/kernel/src/timer.o
                0x000000000800482c                rt_timer_detach
 .text.rt_timer_start
                0x00000000080048bc      0x1c8 build/kernel/src/timer.o
                0x00000000080048bc                rt_timer_start
 .text.rt_timer_stop
                0x0000000008004a84       0x7c build/kernel/src/timer.o
                0x0000000008004a84                rt_timer_stop
 .text.rt_timer_control
                0x0000000008004b00       0xdc build/kernel/src/timer.o
                0x0000000008004b00                rt_timer_control
 .text.rt_timer_check
                0x0000000008004bdc       0xe0 build/kernel/src/timer.o
                0x0000000008004bdc                rt_timer_check
 .text.rt_system_timer_init
                0x0000000008004cbc       0x34 build/kernel/src/timer.o
                0x0000000008004cbc                rt_system_timer_init
 .text.rt_system_timer_thread_init
                0x0000000008004cf0        0xe build/kernel/src/timer.o
                0x0000000008004cf0                rt_system_timer_thread_init
 .text.rt_device_register
                0x0000000008004cfe       0x54 build/kernel/src/device.o
                0x0000000008004cfe                rt_device_register
 .text.rt_device_find
                0x0000000008004d52       0x1a build/kernel/src/device.o
                0x0000000008004d52                rt_device_find
 .text.rt_device_open
                0x0000000008004d6c      0x118 build/kernel/src/device.o
                0x0000000008004d6c                rt_device_open
 .text.rt_device_close
                0x0000000008004e84       0x9c build/kernel/src/device.o
                0x0000000008004e84                rt_device_close
 .text.rt_device_read
                0x0000000008004f20       0x88 build/kernel/src/device.o
                0x0000000008004f20                rt_device_read
 .text.rt_device_write
                0x0000000008004fa8       0x88 build/kernel/src/device.o
                0x0000000008004fa8                rt_device_write
 .text.rt_device_set_rx_indicate
                0x0000000008005030       0x54 build/kernel/src/device.o
                0x0000000008005030                rt_device_set_rx_indicate
 .text.rt_list_insert_after
                0x0000000008005084       0x32 build/kernel/src/idle.o
 .text.rt_list_remove
                0x00000000080050b6       0x36 build/kernel/src/idle.o
 .text.rt_thread_defunct_enqueue
                0x00000000080050ec       0x20 build/kernel/src/idle.o
                0x00000000080050ec                rt_thread_defunct_enqueue
 .text.rt_thread_defunct_dequeue
                0x000000000800510c       0x44 build/kernel/src/idle.o
                0x000000000800510c                rt_thread_defunct_dequeue
 .text.rt_defunct_execute
                0x0000000008005150       0x54 build/kernel/src/idle.o
 .text.rt_thread_idle_entry
                0x00000000080051a4       0x38 build/kernel/src/idle.o
 .text.rt_thread_idle_init
                0x00000000080051dc       0x78 build/kernel/src/idle.o
                0x00000000080051dc                rt_thread_idle_init
 .text.rt_set_errno
                0x0000000008005254       0x40 build/kernel/src/kservice.o
                0x0000000008005254                rt_set_errno
 .text._rt_errno
                0x0000000008005294       0x34 build/kernel/src/kservice.o
                0x0000000008005294                _rt_errno
 .text.rt_memset
                0x00000000080052c8       0xb6 build/kernel/src/kservice.o
                0x00000000080052c8                rt_memset
 .text.rt_memcpy
                0x000000000800537e       0xd2 build/kernel/src/kservice.o
                0x000000000800537e                rt_memcpy
 .text.rt_memmove
                0x0000000008005450       0x82 build/kernel/src/kservice.o
                0x0000000008005450                rt_memmove
 .text.rt_strncpy
                0x00000000080054d2       0x64 build/kernel/src/kservice.o
                0x00000000080054d2                rt_strncpy
 .text.rt_strncmp
                0x0000000008005536       0x4a build/kernel/src/kservice.o
                0x0000000008005536                rt_strncmp
 .text.rt_strcmp
                0x0000000008005580       0x44 build/kernel/src/kservice.o
                0x0000000008005580                rt_strcmp
 .text.rt_strlen
                0x00000000080055c4       0x2e build/kernel/src/kservice.o
                0x00000000080055c4                rt_strlen
 *fill*         0x00000000080055f2        0x2 00000000
 .text.rt_show_version
                0x00000000080055f4       0x4c build/kernel/src/kservice.o
                0x00000000080055f4                rt_show_version
 .text.divide   0x0000000008005640       0x68 build/kernel/src/kservice.o
 .text.skip_atoi
                0x00000000080056a8       0x40 build/kernel/src/kservice.o
 .text.print_number
                0x00000000080056e8      0x1dc build/kernel/src/kservice.o
 .text.rt_vsnprintf
                0x00000000080058c4      0x4ac build/kernel/src/kservice.o
                0x00000000080058c4                rt_vsnprintf
 .text.rt_vsprintf
                0x0000000008005d70       0x24 build/kernel/src/kservice.o
                0x0000000008005d70                rt_vsprintf
 .text.rt_sprintf
                0x0000000008005d94       0x2c build/kernel/src/kservice.o
                0x0000000008005d94                rt_sprintf
 .text.rt_console_get_device
                0x0000000008005dc0       0x18 build/kernel/src/kservice.o
                0x0000000008005dc0                rt_console_get_device
 .text.rt_console_set_device
                0x0000000008005dd8       0x58 build/kernel/src/kservice.o
                0x0000000008005dd8                rt_console_set_device
 .text.rt_hw_console_output
                0x0000000008005e30       0x14 build/kernel/src/kservice.o
                0x0000000008005e30                rt_hw_console_output
 .text.rt_kprintf
                0x0000000008005e44       0x60 build/kernel/src/kservice.o
                0x0000000008005e44                rt_kprintf
 .text._heap_lock_init
                0x0000000008005ea4       0x1c build/kernel/src/kservice.o
 .text._heap_lock
                0x0000000008005ec0       0x28 build/kernel/src/kservice.o
 .text._heap_unlock
                0x0000000008005ee8       0x40 build/kernel/src/kservice.o
 .text.rt_system_heap_init
                0x0000000008005f28       0x5c build/kernel/src/kservice.o
                0x0000000008005f28                rt_system_heap_init
 .text.rt_malloc
                0x0000000008005f84       0x2c build/kernel/src/kservice.o
                0x0000000008005f84                rt_malloc
 .text.rt_calloc
                0x0000000008005fb0       0x3c build/kernel/src/kservice.o
                0x0000000008005fb0                rt_calloc
 .text.rt_free  0x0000000008005fec       0x22 build/kernel/src/kservice.o
                0x0000000008005fec                rt_free
 *fill*         0x000000000800600e        0x2 00000000
 .text.__rt_ffs
                0x0000000008006010       0x70 build/kernel/src/kservice.o
                0x0000000008006010                __rt_ffs
 .text.rt_assert_handler
                0x0000000008006080       0x4c build/kernel/src/kservice.o
                0x0000000008006080                rt_assert_handler
 .text.rt_list_init
                0x00000000080060cc       0x22 build/kernel/src/ipc.o
 .text.rt_list_insert_before
                0x00000000080060ee       0x32 build/kernel/src/ipc.o
 .text.rt_list_isempty
                0x0000000008006120       0x24 build/kernel/src/ipc.o
 .text._ipc_object_init
                0x0000000008006144       0x1c build/kernel/src/ipc.o
 .text._ipc_list_suspend
                0x0000000008006160       0xa4 build/kernel/src/ipc.o
 .text._ipc_list_resume
                0x0000000008006204       0x20 build/kernel/src/ipc.o
 .text._ipc_list_resume_all
                0x0000000008006224       0x46 build/kernel/src/ipc.o
 *fill*         0x000000000800626a        0x2 00000000
 .text.rt_sem_init
                0x000000000800626c       0x88 build/kernel/src/ipc.o
                0x000000000800626c                rt_sem_init
 .text.rt_sem_detach
                0x00000000080062f4       0x7c build/kernel/src/ipc.o
                0x00000000080062f4                rt_sem_detach
 .text.rt_sem_create
                0x0000000008006370       0xac build/kernel/src/ipc.o
                0x0000000008006370                rt_sem_create
 .text.rt_sem_take
                0x000000000800641c      0x168 build/kernel/src/ipc.o
                0x000000000800641c                rt_sem_take
 .text.rt_sem_release
                0x0000000008006584       0xa4 build/kernel/src/ipc.o
                0x0000000008006584                rt_sem_release
 .text.rt_mutex_init
                0x0000000008006628       0x64 build/kernel/src/ipc.o
                0x0000000008006628                rt_mutex_init
 .text.rt_mutex_take
                0x000000000800668c      0x1f0 build/kernel/src/ipc.o
                0x000000000800668c                rt_mutex_take
 .text.rt_mutex_release
                0x000000000800687c      0x1a8 build/kernel/src/ipc.o
                0x000000000800687c                rt_mutex_release
 .text.rt_hw_stack_init
                0x0000000008006a24       0x90 build/kernel/libcpu/arm/cortex-m4/cpuport.o
                0x0000000008006a24                rt_hw_stack_init
 .text.usage_fault_track
                0x0000000008006ab4       0xc4 build/kernel/libcpu/arm/cortex-m4/cpuport.o
 .text.bus_fault_track
                0x0000000008006b78       0xcc build/kernel/libcpu/arm/cortex-m4/cpuport.o
 .text.mem_manage_fault_track
                0x0000000008006c44       0xb4 build/kernel/libcpu/arm/cortex-m4/cpuport.o
 .text.hard_fault_track
                0x0000000008006cf8       0x78 build/kernel/libcpu/arm/cortex-m4/cpuport.o
 .text.rt_hw_hard_fault_exception
                0x0000000008006d70      0x180 build/kernel/libcpu/arm/cortex-m4/cpuport.o
                0x0000000008006d70                rt_hw_hard_fault_exception
 .text.rt_hw_cpu_reset
                0x0000000008006ef0       0x1c build/kernel/libcpu/arm/cortex-m4/cpuport.o
                0x0000000008006ef0                rt_hw_cpu_reset
 .text.finsh_set_prompt
                0x0000000008006f0c       0x60 build/kernel/components/finsh/shell.o
                0x0000000008006f0c                finsh_set_prompt
 .text.finsh_get_prompt
                0x0000000008006f6c       0x7c build/kernel/components/finsh/shell.o
                0x0000000008006f6c                finsh_get_prompt
 .text.finsh_set_prompt_mode
                0x0000000008006fe8       0x48 build/kernel/components/finsh/shell.o
                0x0000000008006fe8                finsh_set_prompt_mode
 .text.finsh_getchar
                0x0000000008007030       0x6c build/kernel/components/finsh/shell.o
                0x0000000008007030                finsh_getchar
 .text.finsh_rx_ind
                0x000000000800709c       0x3c build/kernel/components/finsh/shell.o
 .text.finsh_set_device
                0x00000000080070d8       0xd8 build/kernel/components/finsh/shell.o
                0x00000000080070d8                finsh_set_device
 .text.shell_auto_complete
                0x00000000080071b0       0x34 build/kernel/components/finsh/shell.o
 .text.shell_handle_history
                0x00000000080071e4       0x34 build/kernel/components/finsh/shell.o
 .text.shell_push_history
                0x0000000008007218      0x15e build/kernel/components/finsh/shell.o
 *fill*         0x0000000008007376        0x2 00000000
 .text.finsh_thread_entry
                0x0000000008007378      0x5d0 build/kernel/components/finsh/shell.o
                0x0000000008007378                finsh_thread_entry
 .text.finsh_system_function_init
                0x0000000008007948       0x2c build/kernel/components/finsh/shell.o
                0x0000000008007948                finsh_system_function_init
 .text.finsh_system_init
                0x0000000008007974       0x9c build/kernel/components/finsh/shell.o
                0x0000000008007974                finsh_system_init
 .text.msh_help
                0x0000000008007a10       0x5c build/kernel/components/finsh/msh.o
                0x0000000008007a10                msh_help
 .text.msh_split
                0x0000000008007a6c      0x170 build/kernel/components/finsh/msh.o
 .text.msh_get_cmd
                0x0000000008007bdc       0x64 build/kernel/components/finsh/msh.o
 .text._msh_exec_cmd
                0x0000000008007c40       0xd4 build/kernel/components/finsh/msh.o
 .text.msh_exec
                0x0000000008007d14       0x8c build/kernel/components/finsh/msh.o
                0x0000000008007d14                msh_exec
 .text.str_common
                0x0000000008007da0       0x4a build/kernel/components/finsh/msh.o
 *fill*         0x0000000008007dea        0x2 00000000
 .text.msh_auto_complete
                0x0000000008007dec       0xb0 build/kernel/components/finsh/msh.o
                0x0000000008007dec                msh_auto_complete
 .text.__libc_init_array
                0x0000000008007e9c        0xe build/kernel/components/libc/compilers/newlib/syscalls.o
                0x0000000008007e9c                __libc_init_array
 .text.__errno  0x0000000008007eaa        0xe build/kernel/components/libc/compilers/newlib/syscalls.o
                0x0000000008007eaa                __errno
 .text._pin_read
                0x0000000008007eb8       0x60 build/kernel/components/drivers/misc/pin.o
 .text._pin_write
                0x0000000008007f18       0x5c build/kernel/components/drivers/misc/pin.o
 .text._pin_control
                0x0000000008007f74       0x58 build/kernel/components/drivers/misc/pin.o
 .text.rt_device_pin_register
                0x0000000008007fcc       0x74 build/kernel/components/drivers/misc/pin.o
                0x0000000008007fcc                rt_device_pin_register
 .text.rt_pin_mode
                0x0000000008008040       0x40 build/kernel/components/drivers/misc/pin.o
                0x0000000008008040                rt_pin_mode
 .text.rt_pin_write
                0x0000000008008080       0x40 build/kernel/components/drivers/misc/pin.o
                0x0000000008008080                rt_pin_write
 .text._serial_poll_rx
                0x00000000080080c0       0x80 build/kernel/components/drivers/serial/serial.o
 .text._serial_poll_tx
                0x0000000008008140       0x7c build/kernel/components/drivers/serial/serial.o
 .text._serial_int_rx
                0x00000000080081bc       0xd8 build/kernel/components/drivers/serial/serial.o
 .text._serial_int_tx
                0x0000000008008294       0xc4 build/kernel/components/drivers/serial/serial.o
 .text._serial_check_buffer_size
                0x0000000008008358       0x38 build/kernel/components/drivers/serial/serial.o
 .text._serial_fifo_calc_recved_len
                0x0000000008008390       0x88 build/kernel/components/drivers/serial/serial.o
 .text.rt_dma_calc_recved_len
                0x0000000008008418       0x18 build/kernel/components/drivers/serial/serial.o
 .text.rt_dma_recv_update_get_index
                0x0000000008008430       0xa4 build/kernel/components/drivers/serial/serial.o
 .text.rt_dma_recv_update_put_index
                0x00000000080084d4       0xf8 build/kernel/components/drivers/serial/serial.o
 .text._serial_dma_rx
                0x00000000080085cc      0x198 build/kernel/components/drivers/serial/serial.o
 .text._serial_dma_tx
                0x0000000008008764       0x70 build/kernel/components/drivers/serial/serial.o
 .text.rt_serial_init
                0x00000000080087d4       0x5c build/kernel/components/drivers/serial/serial.o
 .text.rt_serial_open
                0x0000000008008830      0x36c build/kernel/components/drivers/serial/serial.o
 .text.rt_serial_close
                0x0000000008008b9c      0x1e0 build/kernel/components/drivers/serial/serial.o
 .text.rt_serial_read
                0x0000000008008d7c       0x84 build/kernel/components/drivers/serial/serial.o
 .text.rt_serial_write
                0x0000000008008e00       0x84 build/kernel/components/drivers/serial/serial.o
 .text.rt_serial_control
                0x0000000008008e84       0xd8 build/kernel/components/drivers/serial/serial.o
 .text.rt_hw_serial_register
                0x0000000008008f5c       0x9c build/kernel/components/drivers/serial/serial.o
                0x0000000008008f5c                rt_hw_serial_register
 .text.rt_hw_serial_isr
                0x0000000008008ff8      0x260 build/kernel/components/drivers/serial/serial.o
                0x0000000008008ff8                rt_hw_serial_isr
 .text.rt_list_init
                0x0000000008009258       0x22 build/kernel/components/drivers/ipc/completion.o
 .text.rt_list_insert_before
                0x000000000800927a       0x32 build/kernel/components/drivers/ipc/completion.o
 .text.rt_list_isempty
                0x00000000080092ac       0x24 build/kernel/components/drivers/ipc/completion.o
 .text.rt_completion_init
                0x00000000080092d0       0x44 build/kernel/components/drivers/ipc/completion.o
                0x00000000080092d0                rt_completion_init
 .text.rt_completion_wait
                0x0000000008009314      0x15c build/kernel/components/drivers/ipc/completion.o
                0x0000000008009314                rt_completion_wait
 .text.rt_completion_done
                0x0000000008009470       0x70 build/kernel/components/drivers/ipc/completion.o
                0x0000000008009470                rt_completion_done
 .text.rt_list_init
                0x00000000080094e0       0x22 build/kernel/components/drivers/ipc/dataqueue.o
 .text.rt_list_insert_before
                0x0000000008009502       0x32 build/kernel/components/drivers/ipc/dataqueue.o
 .text.rt_list_isempty
                0x0000000008009534       0x24 build/kernel/components/drivers/ipc/dataqueue.o
 .text.rt_data_queue_init
                0x0000000008009558       0xc0 build/kernel/components/drivers/ipc/dataqueue.o
                0x0000000008009558                rt_data_queue_init
 .text.rt_data_queue_push
                0x0000000008009618      0x250 build/kernel/components/drivers/ipc/dataqueue.o
                0x0000000008009618                rt_data_queue_push
 .text.rt_data_queue_pop
                0x0000000008009868      0x2ac build/kernel/components/drivers/ipc/dataqueue.o
                0x0000000008009868                rt_data_queue_pop
 .text.rt_data_queue_peek
                0x0000000008009b14       0xa4 build/kernel/components/drivers/ipc/dataqueue.o
                0x0000000008009b14                rt_data_queue_peek
 .text.rt_data_queue_reset
                0x0000000008009bb8       0xfc build/kernel/components/drivers/ipc/dataqueue.o
                0x0000000008009bb8                rt_data_queue_reset
 .text.rt_data_queue_deinit
                0x0000000008009cb4       0x70 build/kernel/components/drivers/ipc/dataqueue.o
                0x0000000008009cb4                rt_data_queue_deinit
 .text.rt_data_queue_len
                0x0000000008009d24       0xc4 build/kernel/components/drivers/ipc/dataqueue.o
                0x0000000008009d24                rt_data_queue_len
 .text.CRC16    0x0000000008009de8       0x72 build/kernel/components/utilities/ymodem/ymodem.o
 *fill*         0x0000000008009e5a        0x2 00000000
 .text._rym_rx_ind
                0x0000000008009e5c       0x24 build/kernel/components/utilities/ymodem/ymodem.o
 .text._rym_read_code
                0x0000000008009e80       0x66 build/kernel/components/utilities/ymodem/ymodem.o
 .text._rym_read_data
                0x0000000008009ee6       0x60 build/kernel/components/utilities/ymodem/ymodem.o
 .text._rym_putchar
                0x0000000008009f46       0x24 build/kernel/components/utilities/ymodem/ymodem.o
 .text._rym_do_handshake
                0x0000000008009f6a      0x14e build/kernel/components/utilities/ymodem/ymodem.o
 .text._rym_trans_data
                0x000000000800a0b8       0xe0 build/kernel/components/utilities/ymodem/ymodem.o
 .text._rym_do_trans
                0x000000000800a198       0xb2 build/kernel/components/utilities/ymodem/ymodem.o
 .text._rym_do_fin
                0x000000000800a24a      0x142 build/kernel/components/utilities/ymodem/ymodem.o
 .text._rym_do_recv
                0x000000000800a38c       0xa2 build/kernel/components/utilities/ymodem/ymodem.o
 *fill*         0x000000000800a42e        0x2 00000000
 .text.rym_recv_on_device
                0x000000000800a430       0xf0 build/kernel/components/utilities/ymodem/ymodem.o
                0x000000000800a430                rym_recv_on_device
 .text.HAL_UART_Init
                0x000000000800a520       0x9a /home/demo_t/workspace/rtt_4_0_gcba/bsp/stm32/libraries/STM32F4xx_HAL/STM32F4xx_HAL_Driver/Src/stm32f4xx_hal_uart.o
                0x000000000800a520                HAL_UART_Init
 .text.HAL_UART_DeInit
                0x000000000800a5ba       0x5e /home/demo_t/workspace/rtt_4_0_gcba/bsp/stm32/libraries/STM32F4xx_HAL/STM32F4xx_HAL_Driver/Src/stm32f4xx_hal_uart.o
                0x000000000800a5ba                HAL_UART_DeInit
 .text.HAL_UART_Transmit_DMA
                0x000000000800a618       0xfc /home/demo_t/workspace/rtt_4_0_gcba/bsp/stm32/libraries/STM32F4xx_HAL/STM32F4xx_HAL_Driver/Src/stm32f4xx_hal_uart.o
                0x000000000800a618                HAL_UART_Transmit_DMA
 .text.HAL_UART_Receive_DMA
                0x000000000800a714       0x60 /home/demo_t/workspace/rtt_4_0_gcba/bsp/stm32/libraries/STM32F4xx_HAL/STM32F4xx_HAL_Driver/Src/stm32f4xx_hal_uart.o
                0x000000000800a714                HAL_UART_Receive_DMA
 .text.HAL_UART_IRQHandler
                0x000000000800a774      0x51c /home/demo_t/workspace/rtt_4_0_gcba/bsp/stm32/libraries/STM32F4xx_HAL/STM32F4xx_HAL_Driver/Src/stm32f4xx_hal_uart.o
                0x000000000800a774                HAL_UART_IRQHandler
 .text.HAL_UART_TxHalfCpltCallback
                0x000000000800ac90       0x14 /home/demo_t/workspace/rtt_4_0_gcba/bsp/stm32/libraries/STM32F4xx_HAL/STM32F4xx_HAL_Driver/Src/stm32f4xx_hal_uart.o
                0x000000000800ac90                HAL_UART_TxHalfCpltCallback
 .text.HAL_UARTEx_RxEventCallback
                0x000000000800aca4       0x18 /home/demo_t/workspace/rtt_4_0_gcba/bsp/stm32/libraries/STM32F4xx_HAL/STM32F4xx_HAL_Driver/Src/stm32f4xx_hal_uart.o
                0x000000000800aca4                HAL_UARTEx_RxEventCallback
 .text.UART_DMATransmitCplt
                0x000000000800acbc       0x9a /home/demo_t/workspace/rtt_4_0_gcba/bsp/stm32/libraries/STM32F4xx_HAL/STM32F4xx_HAL_Driver/Src/stm32f4xx_hal_uart.o
 .text.UART_DMATxHalfCplt
                0x000000000800ad56       0x1c /home/demo_t/workspace/rtt_4_0_gcba/bsp/stm32/libraries/STM32F4xx_HAL/STM32F4xx_HAL_Driver/Src/stm32f4xx_hal_uart.o
 .text.UART_DMAReceiveCplt
                0x000000000800ad72      0x126 /home/demo_t/workspace/rtt_4_0_gcba/bsp/stm32/libraries/STM32F4xx_HAL/STM32F4xx_HAL_Driver/Src/stm32f4xx_hal_uart.o
 .text.UART_DMARxHalfCplt
                0x000000000800ae98       0x36 /home/demo_t/workspace/rtt_4_0_gcba/bsp/stm32/libraries/STM32F4xx_HAL/STM32F4xx_HAL_Driver/Src/stm32f4xx_hal_uart.o
 .text.UART_DMAError
                0x000000000800aece       0x94 /home/demo_t/workspace/rtt_4_0_gcba/bsp/stm32/libraries/STM32F4xx_HAL/STM32F4xx_HAL_Driver/Src/stm32f4xx_hal_uart.o
 *fill*         0x000000000800af62        0x2 00000000
 .text.UART_Start_Receive_DMA
                0x000000000800af64      0x134 /home/demo_t/workspace/rtt_4_0_gcba/bsp/stm32/libraries/STM32F4xx_HAL/STM32F4xx_HAL_Driver/Src/stm32f4xx_hal_uart.o
                0x000000000800af64                UART_Start_Receive_DMA
 .text.UART_EndTxTransfer
                0x000000000800b098       0x50 /home/demo_t/workspace/rtt_4_0_gcba/bsp/stm32/libraries/STM32F4xx_HAL/STM32F4xx_HAL_Driver/Src/stm32f4xx_hal_uart.o
 .text.UART_EndRxTransfer
                0x000000000800b0e8       0xc6 /home/demo_t/workspace/rtt_4_0_gcba/bsp/stm32/libraries/STM32F4xx_HAL/STM32F4xx_HAL_Driver/Src/stm32f4xx_hal_uart.o
 .text.UART_DMAAbortOnError
                0x000000000800b1ae       0x28 /home/demo_t/workspace/rtt_4_0_gcba/bsp/stm32/libraries/STM32F4xx_HAL/STM32F4xx_HAL_Driver/Src/stm32f4xx_hal_uart.o
 .text.UART_Transmit_IT
                0x000000000800b1d6       0xa0 /home/demo_t/workspace/rtt_4_0_gcba/bsp/stm32/libraries/STM32F4xx_HAL/STM32F4xx_HAL_Driver/Src/stm32f4xx_hal_uart.o
 .text.UART_EndTransmit_IT
                0x000000000800b276       0x30 /home/demo_t/workspace/rtt_4_0_gcba/bsp/stm32/libraries/STM32F4xx_HAL/STM32F4xx_HAL_Driver/Src/stm32f4xx_hal_uart.o
 .text.UART_Receive_IT
                0x000000000800b2a6      0x176 /home/demo_t/workspace/rtt_4_0_gcba/bsp/stm32/libraries/STM32F4xx_HAL/STM32F4xx_HAL_Driver/Src/stm32f4xx_hal_uart.o
 .text.UART_SetConfig
                0x000000000800b41c      0x390 /home/demo_t/workspace/rtt_4_0_gcba/bsp/stm32/libraries/STM32F4xx_HAL/STM32F4xx_HAL_Driver/Src/stm32f4xx_hal_uart.o
 .text.HAL_GPIO_Init
                0x000000000800b7ac      0x338 /home/demo_t/workspace/rtt_4_0_gcba/bsp/stm32/libraries/STM32F4xx_HAL/STM32F4xx_HAL_Driver/Src/stm32f4xx_hal_gpio.o
                0x000000000800b7ac                HAL_GPIO_Init
 .text.HAL_GPIO_DeInit
                0x000000000800bae4      0x1f8 /home/demo_t/workspace/rtt_4_0_gcba/bsp/stm32/libraries/STM32F4xx_HAL/STM32F4xx_HAL_Driver/Src/stm32f4xx_hal_gpio.o
                0x000000000800bae4                HAL_GPIO_DeInit
 .text.HAL_GPIO_ReadPin
                0x000000000800bcdc       0x30 /home/demo_t/workspace/rtt_4_0_gcba/bsp/stm32/libraries/STM32F4xx_HAL/STM32F4xx_HAL_Driver/Src/stm32f4xx_hal_gpio.o
                0x000000000800bcdc                HAL_GPIO_ReadPin
 .text.HAL_GPIO_WritePin
                0x000000000800bd0c       0x32 /home/demo_t/workspace/rtt_4_0_gcba/bsp/stm32/libraries/STM32F4xx_HAL/STM32F4xx_HAL_Driver/Src/stm32f4xx_hal_gpio.o
                0x000000000800bd0c                HAL_GPIO_WritePin
 *fill*         0x000000000800bd3e        0x2 00000000
 .text.HAL_GPIO_EXTI_IRQHandler
                0x000000000800bd40       0x30 /home/demo_t/workspace/rtt_4_0_gcba/bsp/stm32/libraries/STM32F4xx_HAL/STM32F4xx_HAL_Driver/Src/stm32f4xx_hal_gpio.o
                0x000000000800bd40                HAL_GPIO_EXTI_IRQHandler
 .text.HAL_DMA_Init
                0x000000000800bd70      0x15c /home/demo_t/workspace/rtt_4_0_gcba/bsp/stm32/libraries/STM32F4xx_HAL/STM32F4xx_HAL_Driver/Src/stm32f4xx_hal_dma.o
                0x000000000800bd70                HAL_DMA_Init
 .text.HAL_DMA_DeInit
                0x000000000800becc       0xbc /home/demo_t/workspace/rtt_4_0_gcba/bsp/stm32/libraries/STM32F4xx_HAL/STM32F4xx_HAL_Driver/Src/stm32f4xx_hal_dma.o
                0x000000000800becc                HAL_DMA_DeInit
 .text.HAL_DMA_Start_IT
                0x000000000800bf88       0xb0 /home/demo_t/workspace/rtt_4_0_gcba/bsp/stm32/libraries/STM32F4xx_HAL/STM32F4xx_HAL_Driver/Src/stm32f4xx_hal_dma.o
                0x000000000800bf88                HAL_DMA_Start_IT
 .text.HAL_DMA_Abort
                0x000000000800c038       0xe0 /home/demo_t/workspace/rtt_4_0_gcba/bsp/stm32/libraries/STM32F4xx_HAL/STM32F4xx_HAL_Driver/Src/stm32f4xx_hal_dma.o
                0x000000000800c038                HAL_DMA_Abort
 .text.HAL_DMA_Abort_IT
                0x000000000800c118       0x44 /home/demo_t/workspace/rtt_4_0_gcba/bsp/stm32/libraries/STM32F4xx_HAL/STM32F4xx_HAL_Driver/Src/stm32f4xx_hal_dma.o
                0x000000000800c118                HAL_DMA_Abort_IT
 .text.DMA_SetConfig
                0x000000000800c15c       0x5c /home/demo_t/workspace/rtt_4_0_gcba/bsp/stm32/libraries/STM32F4xx_HAL/STM32F4xx_HAL_Driver/Src/stm32f4xx_hal_dma.o
 .text.DMA_CalcBaseAndBitshift
                0x000000000800c1b8       0x6c /home/demo_t/workspace/rtt_4_0_gcba/bsp/stm32/libraries/STM32F4xx_HAL/STM32F4xx_HAL_Driver/Src/stm32f4xx_hal_dma.o
 .text.DMA_CheckFifoParam
                0x000000000800c224       0xf8 /home/demo_t/workspace/rtt_4_0_gcba/bsp/stm32/libraries/STM32F4xx_HAL/STM32F4xx_HAL_Driver/Src/stm32f4xx_hal_dma.o
 .text.SystemInit
                0x000000000800c31c       0x24 /home/demo_t/workspace/rtt_4_0_gcba/bsp/stm32/libraries/STM32F4xx_HAL/CMSIS/Device/ST/STM32F4xx/Source/Templates/system_stm32f4xx.o
                0x000000000800c31c                SystemInit
 .text.__NVIC_SetPriorityGrouping
                0x000000000800c340       0x48 /home/demo_t/workspace/rtt_4_0_gcba/bsp/stm32/libraries/STM32F4xx_HAL/STM32F4xx_HAL_Driver/Src/stm32f4xx_hal_cortex.o
 .text.__NVIC_GetPriorityGrouping
                0x000000000800c388       0x1c /home/demo_t/workspace/rtt_4_0_gcba/bsp/stm32/libraries/STM32F4xx_HAL/STM32F4xx_HAL_Driver/Src/stm32f4xx_hal_cortex.o
 .text.__NVIC_EnableIRQ
                0x000000000800c3a4       0x3c /home/demo_t/workspace/rtt_4_0_gcba/bsp/stm32/libraries/STM32F4xx_HAL/STM32F4xx_HAL_Driver/Src/stm32f4xx_hal_cortex.o
 .text.__NVIC_DisableIRQ
                0x000000000800c3e0       0x48 /home/demo_t/workspace/rtt_4_0_gcba/bsp/stm32/libraries/STM32F4xx_HAL/STM32F4xx_HAL_Driver/Src/stm32f4xx_hal_cortex.o
 .text.__NVIC_ClearPendingIRQ
                0x000000000800c428       0x3c /home/demo_t/workspace/rtt_4_0_gcba/bsp/stm32/libraries/STM32F4xx_HAL/STM32F4xx_HAL_Driver/Src/stm32f4xx_hal_cortex.o
 .text.__NVIC_SetPriority
                0x000000000800c464       0x54 /home/demo_t/workspace/rtt_4_0_gcba/bsp/stm32/libraries/STM32F4xx_HAL/STM32F4xx_HAL_Driver/Src/stm32f4xx_hal_cortex.o
 .text.NVIC_EncodePriority
                0x000000000800c4b8       0x66 /home/demo_t/workspace/rtt_4_0_gcba/bsp/stm32/libraries/STM32F4xx_HAL/STM32F4xx_HAL_Driver/Src/stm32f4xx_hal_cortex.o
 *fill*         0x000000000800c51e        0x2 00000000
 .text.SysTick_Config
                0x000000000800c520       0x44 /home/demo_t/workspace/rtt_4_0_gcba/bsp/stm32/libraries/STM32F4xx_HAL/STM32F4xx_HAL_Driver/Src/stm32f4xx_hal_cortex.o
 .text.HAL_NVIC_SetPriorityGrouping
                0x000000000800c564       0x16 /home/demo_t/workspace/rtt_4_0_gcba/bsp/stm32/libraries/STM32F4xx_HAL/STM32F4xx_HAL_Driver/Src/stm32f4xx_hal_cortex.o
                0x000000000800c564                HAL_NVIC_SetPriorityGrouping
 .text.HAL_NVIC_SetPriority
                0x000000000800c57a       0x38 /home/demo_t/workspace/rtt_4_0_gcba/bsp/stm32/libraries/STM32F4xx_HAL/STM32F4xx_HAL_Driver/Src/stm32f4xx_hal_cortex.o
                0x000000000800c57a                HAL_NVIC_SetPriority
 .text.HAL_NVIC_EnableIRQ
                0x000000000800c5b2       0x1c /home/demo_t/workspace/rtt_4_0_gcba/bsp/stm32/libraries/STM32F4xx_HAL/STM32F4xx_HAL_Driver/Src/stm32f4xx_hal_cortex.o
                0x000000000800c5b2                HAL_NVIC_EnableIRQ
 .text.HAL_NVIC_DisableIRQ
                0x000000000800c5ce       0x1c /home/demo_t/workspace/rtt_4_0_gcba/bsp/stm32/libraries/STM32F4xx_HAL/STM32F4xx_HAL_Driver/Src/stm32f4xx_hal_cortex.o
                0x000000000800c5ce                HAL_NVIC_DisableIRQ
 .text.HAL_SYSTICK_Config
                0x000000000800c5ea       0x18 /home/demo_t/workspace/rtt_4_0_gcba/bsp/stm32/libraries/STM32F4xx_HAL/STM32F4xx_HAL_Driver/Src/stm32f4xx_hal_cortex.o
                0x000000000800c5ea                HAL_SYSTICK_Config
 .text.HAL_NVIC_ClearPendingIRQ
                0x000000000800c602       0x1c /home/demo_t/workspace/rtt_4_0_gcba/bsp/stm32/libraries/STM32F4xx_HAL/STM32F4xx_HAL_Driver/Src/stm32f4xx_hal_cortex.o
                0x000000000800c602                HAL_NVIC_ClearPendingIRQ
 *fill*         0x000000000800c61e        0x2 00000000
 .text.HAL_RCCEx_PeriphCLKConfig
                0x000000000800c620      0x1c4 /home/demo_t/workspace/rtt_4_0_gcba/bsp/stm32/libraries/STM32F4xx_HAL/STM32F4xx_HAL_Driver/Src/stm32f4xx_hal_rcc_ex.o
                0x000000000800c620                HAL_RCCEx_PeriphCLKConfig
 .text.HAL_RCC_DeInit
                0x000000000800c7e4      0x19c /home/demo_t/workspace/rtt_4_0_gcba/bsp/stm32/libraries/STM32F4xx_HAL/STM32F4xx_HAL_Driver/Src/stm32f4xx_hal_rcc_ex.o
                0x000000000800c7e4                HAL_RCC_DeInit
 .text.HAL_Init
                0x000000000800c980       0x44 /home/demo_t/workspace/rtt_4_0_gcba/bsp/stm32/libraries/STM32F4xx_HAL/STM32F4xx_HAL_Driver/Src/stm32f4xx_hal.o
                0x000000000800c980                HAL_Init
 .text.HAL_DeInit
                0x000000000800c9c4       0x58 /home/demo_t/workspace/rtt_4_0_gcba/bsp/stm32/libraries/STM32F4xx_HAL/STM32F4xx_HAL_Driver/Src/stm32f4xx_hal.o
                0x000000000800c9c4                HAL_DeInit
 .text.HAL_MspDeInit
                0x000000000800ca1c        0xe /home/demo_t/workspace/rtt_4_0_gcba/bsp/stm32/libraries/STM32F4xx_HAL/STM32F4xx_HAL_Driver/Src/stm32f4xx_hal.o
                0x000000000800ca1c                HAL_MspDeInit
 *fill*         0x000000000800ca2a        0x2 00000000
 .text.HAL_FLASHEx_Erase
                0x000000000800ca2c       0xe0 /home/demo_t/workspace/rtt_4_0_gcba/bsp/stm32/libraries/STM32F4xx_HAL/STM32F4xx_HAL_Driver/Src/stm32f4xx_hal_flash_ex.o
                0x000000000800ca2c                HAL_FLASHEx_Erase
 .text.FLASH_MassErase
                0x000000000800cb0c       0x48 /home/demo_t/workspace/rtt_4_0_gcba/bsp/stm32/libraries/STM32F4xx_HAL/STM32F4xx_HAL_Driver/Src/stm32f4xx_hal_flash_ex.o
 .text.FLASH_Erase_Sector
                0x000000000800cb54       0x90 /home/demo_t/workspace/rtt_4_0_gcba/bsp/stm32/libraries/STM32F4xx_HAL/STM32F4xx_HAL_Driver/Src/stm32f4xx_hal_flash_ex.o
                0x000000000800cb54                FLASH_Erase_Sector
 .text.FLASH_FlushCaches
                0x000000000800cbe4       0x8c /home/demo_t/workspace/rtt_4_0_gcba/bsp/stm32/libraries/STM32F4xx_HAL/STM32F4xx_HAL_Driver/Src/stm32f4xx_hal_flash_ex.o
                0x000000000800cbe4                FLASH_FlushCaches
 .text.HAL_RCC_OscConfig
                0x000000000800cc70      0x4f0 /home/demo_t/workspace/rtt_4_0_gcba/bsp/stm32/libraries/STM32F4xx_HAL/STM32F4xx_HAL_Driver/Src/stm32f4xx_hal_rcc.o
                0x000000000800cc70                HAL_RCC_OscConfig
 .text.HAL_RCC_ClockConfig
                0x000000000800d160      0x1cc /home/demo_t/workspace/rtt_4_0_gcba/bsp/stm32/libraries/STM32F4xx_HAL/STM32F4xx_HAL_Driver/Src/stm32f4xx_hal_rcc.o
                0x000000000800d160                HAL_RCC_ClockConfig
 .text.HAL_RCC_GetSysClockFreq
                0x000000000800d32c      0x16c /home/demo_t/workspace/rtt_4_0_gcba/bsp/stm32/libraries/STM32F4xx_HAL/STM32F4xx_HAL_Driver/Src/stm32f4xx_hal_rcc.o
                0x000000000800d32c                HAL_RCC_GetSysClockFreq
 .text.HAL_RCC_GetHCLKFreq
                0x000000000800d498       0x18 /home/demo_t/workspace/rtt_4_0_gcba/bsp/stm32/libraries/STM32F4xx_HAL/STM32F4xx_HAL_Driver/Src/stm32f4xx_hal_rcc.o
                0x000000000800d498                HAL_RCC_GetHCLKFreq
 .text.HAL_RCC_GetPCLK1Freq
                0x000000000800d4b0       0x28 /home/demo_t/workspace/rtt_4_0_gcba/bsp/stm32/libraries/STM32F4xx_HAL/STM32F4xx_HAL_Driver/Src/stm32f4xx_hal_rcc.o
                0x000000000800d4b0                HAL_RCC_GetPCLK1Freq
 .text.HAL_RCC_GetPCLK2Freq
                0x000000000800d4d8       0x28 /home/demo_t/workspace/rtt_4_0_gcba/bsp/stm32/libraries/STM32F4xx_HAL/STM32F4xx_HAL_Driver/Src/stm32f4xx_hal_rcc.o
                0x000000000800d4d8                HAL_RCC_GetPCLK2Freq
 .text.HAL_FLASH_Program
                0x000000000800d500       0xa8 /home/demo_t/workspace/rtt_4_0_gcba/bsp/stm32/libraries/STM32F4xx_HAL/STM32F4xx_HAL_Driver/Src/stm32f4xx_hal_flash.o
                0x000000000800d500                HAL_FLASH_Program
 .text.HAL_FLASH_Unlock
                0x000000000800d5a8       0x44 /home/demo_t/workspace/rtt_4_0_gcba/bsp/stm32/libraries/STM32F4xx_HAL/STM32F4xx_HAL_Driver/Src/stm32f4xx_hal_flash.o
                0x000000000800d5a8                HAL_FLASH_Unlock
 .text.HAL_FLASH_Lock
                0x000000000800d5ec       0x20 /home/demo_t/workspace/rtt_4_0_gcba/bsp/stm32/libraries/STM32F4xx_HAL/STM32F4xx_HAL_Driver/Src/stm32f4xx_hal_flash.o
                0x000000000800d5ec                HAL_FLASH_Lock
 .text.FLASH_WaitForLastOperation
                0x000000000800d60c       0x80 /home/demo_t/workspace/rtt_4_0_gcba/bsp/stm32/libraries/STM32F4xx_HAL/STM32F4xx_HAL_Driver/Src/stm32f4xx_hal_flash.o
                0x000000000800d60c                FLASH_WaitForLastOperation
 .text.FLASH_Program_DoubleWord
                0x000000000800d68c       0x64 /home/demo_t/workspace/rtt_4_0_gcba/bsp/stm32/libraries/STM32F4xx_HAL/STM32F4xx_HAL_Driver/Src/stm32f4xx_hal_flash.o
 .text.FLASH_Program_Word
                0x000000000800d6f0       0x44 /home/demo_t/workspace/rtt_4_0_gcba/bsp/stm32/libraries/STM32F4xx_HAL/STM32F4xx_HAL_Driver/Src/stm32f4xx_hal_flash.o
 .text.FLASH_Program_HalfWord
                0x000000000800d734       0x48 /home/demo_t/workspace/rtt_4_0_gcba/bsp/stm32/libraries/STM32F4xx_HAL/STM32F4xx_HAL_Driver/Src/stm32f4xx_hal_flash.o
 .text.FLASH_Program_Byte
                0x000000000800d77c       0x44 /home/demo_t/workspace/rtt_4_0_gcba/bsp/stm32/libraries/STM32F4xx_HAL/STM32F4xx_HAL_Driver/Src/stm32f4xx_hal_flash.o
 .text.FLASH_SetErrorCode
                0x000000000800d7c0       0xac /home/demo_t/workspace/rtt_4_0_gcba/bsp/stm32/libraries/STM32F4xx_HAL/STM32F4xx_HAL_Driver/Src/stm32f4xx_hal_flash.o
 .text.__NVIC_DisableIRQ
                0x000000000800d86c       0x48 /home/demo_t/workspace/rtt_4_0_gcba/bsp/stm32/libraries/HAL_Drivers/drv_usart.o
 .text.stm32_configure
                0x000000000800d8b4      0x174 /home/demo_t/workspace/rtt_4_0_gcba/bsp/stm32/libraries/HAL_Drivers/drv_usart.o
 .text.stm32_control
                0x000000000800da28      0x188 /home/demo_t/workspace/rtt_4_0_gcba/bsp/stm32/libraries/HAL_Drivers/drv_usart.o
 .text.stm32_uart_get_mask
                0x000000000800dbb0       0x4a /home/demo_t/workspace/rtt_4_0_gcba/bsp/stm32/libraries/HAL_Drivers/drv_usart.o
                0x000000000800dbb0                stm32_uart_get_mask
 *fill*         0x000000000800dbfa        0x2 00000000
 .text.stm32_putc
                0x000000000800dbfc       0x5c /home/demo_t/workspace/rtt_4_0_gcba/bsp/stm32/libraries/HAL_Drivers/drv_usart.o
 .text.stm32_getc
                0x000000000800dc58       0x64 /home/demo_t/workspace/rtt_4_0_gcba/bsp/stm32/libraries/HAL_Drivers/drv_usart.o
 .text.stm32_dma_transmit
                0x000000000800dcbc       0x7c /home/demo_t/workspace/rtt_4_0_gcba/bsp/stm32/libraries/HAL_Drivers/drv_usart.o
 .text.uart_isr
                0x000000000800dd38      0x22c /home/demo_t/workspace/rtt_4_0_gcba/bsp/stm32/libraries/HAL_Drivers/drv_usart.o
 .text.dma_isr  0x000000000800df64       0xb8 /home/demo_t/workspace/rtt_4_0_gcba/bsp/stm32/libraries/HAL_Drivers/drv_usart.o
 .text.USART1_IRQHandler
                0x000000000800e01c       0x1c /home/demo_t/workspace/rtt_4_0_gcba/bsp/stm32/libraries/HAL_Drivers/drv_usart.o
                0x000000000800e01c                USART1_IRQHandler
 .text.stm32_uart_get_dma_config
                0x000000000800e038       0x1c /home/demo_t/workspace/rtt_4_0_gcba/bsp/stm32/libraries/HAL_Drivers/drv_usart.o
 .text.stm32_dma_config
                0x000000000800e054      0x1fc /home/demo_t/workspace/rtt_4_0_gcba/bsp/stm32/libraries/HAL_Drivers/drv_usart.o
 .text.HAL_UART_ErrorCallback
                0x000000000800e250       0x30 /home/demo_t/workspace/rtt_4_0_gcba/bsp/stm32/libraries/HAL_Drivers/drv_usart.o
                0x000000000800e250                HAL_UART_ErrorCallback
 .text.HAL_UART_RxCpltCallback
                0x000000000800e280       0x3c /home/demo_t/workspace/rtt_4_0_gcba/bsp/stm32/libraries/HAL_Drivers/drv_usart.o
                0x000000000800e280                HAL_UART_RxCpltCallback
 .text.HAL_UART_RxHalfCpltCallback
                0x000000000800e2bc       0x3c /home/demo_t/workspace/rtt_4_0_gcba/bsp/stm32/libraries/HAL_Drivers/drv_usart.o
                0x000000000800e2bc                HAL_UART_RxHalfCpltCallback
 .text._dma_tx_complete
                0x000000000800e2f8       0x58 /home/demo_t/workspace/rtt_4_0_gcba/bsp/stm32/libraries/HAL_Drivers/drv_usart.o
 .text.HAL_UART_TxCpltCallback
                0x000000000800e350       0x3c /home/demo_t/workspace/rtt_4_0_gcba/bsp/stm32/libraries/HAL_Drivers/drv_usart.o
                0x000000000800e350                HAL_UART_TxCpltCallback
 .text.rt_hw_usart_init
                0x000000000800e38c      0x108 /home/demo_t/workspace/rtt_4_0_gcba/bsp/stm32/libraries/HAL_Drivers/drv_usart.o
                0x000000000800e38c                rt_hw_usart_init
 .text.GetSector
                0x000000000800e494      0x14c /home/demo_t/workspace/rtt_4_0_gcba/bsp/stm32/libraries/HAL_Drivers/drv_flash/drv_flash_f4.o
 .text.stm32_flash_read
                0x000000000800e5e0       0x78 /home/demo_t/workspace/rtt_4_0_gcba/bsp/stm32/libraries/HAL_Drivers/drv_flash/drv_flash_f4.o
                0x000000000800e5e0                stm32_flash_read
 .text.stm32_flash_write
                0x000000000800e658      0x1a8 /home/demo_t/workspace/rtt_4_0_gcba/bsp/stm32/libraries/HAL_Drivers/drv_flash/drv_flash_f4.o
                0x000000000800e658                stm32_flash_write
 .text.stm32_flash_erase
                0x000000000800e800       0xd4 /home/demo_t/workspace/rtt_4_0_gcba/bsp/stm32/libraries/HAL_Drivers/drv_flash/drv_flash_f4.o
                0x000000000800e800                stm32_flash_erase
 .text.fal_flash_read_128k
                0x000000000800e8d4       0x2c /home/demo_t/workspace/rtt_4_0_gcba/bsp/stm32/libraries/HAL_Drivers/drv_flash/drv_flash_f4.o
 .text.fal_flash_write_128k
                0x000000000800e900       0x2c /home/demo_t/workspace/rtt_4_0_gcba/bsp/stm32/libraries/HAL_Drivers/drv_flash/drv_flash_f4.o
 .text.fal_flash_erase_128k
                0x000000000800e92c       0x28 /home/demo_t/workspace/rtt_4_0_gcba/bsp/stm32/libraries/HAL_Drivers/drv_flash/drv_flash_f4.o
 .text.__NVIC_SetPriority
                0x000000000800e954       0x54 /home/demo_t/workspace/rtt_4_0_gcba/bsp/stm32/libraries/HAL_Drivers/drv_common.o
 .text.reboot   0x000000000800e9a8       0x18 /home/demo_t/workspace/rtt_4_0_gcba/bsp/stm32/libraries/HAL_Drivers/drv_common.o
 .text.rt_hw_systick_init
                0x000000000800e9c0       0x44 /home/demo_t/workspace/rtt_4_0_gcba/bsp/stm32/libraries/HAL_Drivers/drv_common.o
                0x000000000800e9c0                rt_hw_systick_init
 .text.SysTick_Handler
                0x000000000800ea04       0x28 /home/demo_t/workspace/rtt_4_0_gcba/bsp/stm32/libraries/HAL_Drivers/drv_common.o
                0x000000000800ea04                SysTick_Handler
 .text.HAL_GetTick
                0x000000000800ea2c       0x24 /home/demo_t/workspace/rtt_4_0_gcba/bsp/stm32/libraries/HAL_Drivers/drv_common.o
                0x000000000800ea2c                HAL_GetTick
 .text.HAL_IncTick
                0x000000000800ea50       0x24 /home/demo_t/workspace/rtt_4_0_gcba/bsp/stm32/libraries/HAL_Drivers/drv_common.o
                0x000000000800ea50                HAL_IncTick
 .text.HAL_InitTick
                0x000000000800ea74       0x16 /home/demo_t/workspace/rtt_4_0_gcba/bsp/stm32/libraries/HAL_Drivers/drv_common.o
                0x000000000800ea74                HAL_InitTick
 *fill*         0x000000000800ea8a        0x2 00000000
 .text._Error_Handler
                0x000000000800ea8c       0x30 /home/demo_t/workspace/rtt_4_0_gcba/bsp/stm32/libraries/HAL_Drivers/drv_common.o
                0x000000000800ea8c                _Error_Handler
 .text.rt_hw_board_init
                0x000000000800eabc       0x38 /home/demo_t/workspace/rtt_4_0_gcba/bsp/stm32/libraries/HAL_Drivers/drv_common.o
                0x000000000800eabc                rt_hw_board_init
 .text.stm32_pin_get
                0x000000000800eaf4       0xb2 /home/demo_t/workspace/rtt_4_0_gcba/bsp/stm32/libraries/HAL_Drivers/drv_gpio.o
 .text.stm32_pin_write
                0x000000000800eba6       0x54 /home/demo_t/workspace/rtt_4_0_gcba/bsp/stm32/libraries/HAL_Drivers/drv_gpio.o
 .text.stm32_pin_read
                0x000000000800ebfa       0x58 /home/demo_t/workspace/rtt_4_0_gcba/bsp/stm32/libraries/HAL_Drivers/drv_gpio.o
 .text.stm32_pin_mode
                0x000000000800ec52       0xb0 /home/demo_t/workspace/rtt_4_0_gcba/bsp/stm32/libraries/HAL_Drivers/drv_gpio.o
 .text.bit2bitno
                0x000000000800ed02       0x3e /home/demo_t/workspace/rtt_4_0_gcba/bsp/stm32/libraries/HAL_Drivers/drv_gpio.o
 .text.get_pin_irq_map
                0x000000000800ed40       0x34 /home/demo_t/workspace/rtt_4_0_gcba/bsp/stm32/libraries/HAL_Drivers/drv_gpio.o
 .text.stm32_pin_attach_irq
                0x000000000800ed74      0x150 /home/demo_t/workspace/rtt_4_0_gcba/bsp/stm32/libraries/HAL_Drivers/drv_gpio.o
 .text.stm32_pin_dettach_irq
                0x000000000800eec4       0xd8 /home/demo_t/workspace/rtt_4_0_gcba/bsp/stm32/libraries/HAL_Drivers/drv_gpio.o
 .text.stm32_pin_irq_enable
                0x000000000800ef9c      0x230 /home/demo_t/workspace/rtt_4_0_gcba/bsp/stm32/libraries/HAL_Drivers/drv_gpio.o
 .text.pin_irq_hdr
                0x000000000800f1cc       0x54 /home/demo_t/workspace/rtt_4_0_gcba/bsp/stm32/libraries/HAL_Drivers/drv_gpio.o
 .text.HAL_GPIO_EXTI_Callback
                0x000000000800f220       0x22 /home/demo_t/workspace/rtt_4_0_gcba/bsp/stm32/libraries/HAL_Drivers/drv_gpio.o
                0x000000000800f220                HAL_GPIO_EXTI_Callback
 .text.EXTI0_IRQHandler
                0x000000000800f242       0x16 /home/demo_t/workspace/rtt_4_0_gcba/bsp/stm32/libraries/HAL_Drivers/drv_gpio.o
                0x000000000800f242                EXTI0_IRQHandler
 .text.EXTI1_IRQHandler
                0x000000000800f258       0x16 /home/demo_t/workspace/rtt_4_0_gcba/bsp/stm32/libraries/HAL_Drivers/drv_gpio.o
                0x000000000800f258                EXTI1_IRQHandler
 .text.EXTI2_IRQHandler
                0x000000000800f26e       0x16 /home/demo_t/workspace/rtt_4_0_gcba/bsp/stm32/libraries/HAL_Drivers/drv_gpio.o
                0x000000000800f26e                EXTI2_IRQHandler
 .text.EXTI3_IRQHandler
                0x000000000800f284       0x16 /home/demo_t/workspace/rtt_4_0_gcba/bsp/stm32/libraries/HAL_Drivers/drv_gpio.o
                0x000000000800f284                EXTI3_IRQHandler
 .text.EXTI4_IRQHandler
                0x000000000800f29a       0x16 /home/demo_t/workspace/rtt_4_0_gcba/bsp/stm32/libraries/HAL_Drivers/drv_gpio.o
                0x000000000800f29a                EXTI4_IRQHandler
 .text.EXTI9_5_IRQHandler
                0x000000000800f2b0       0x32 /home/demo_t/workspace/rtt_4_0_gcba/bsp/stm32/libraries/HAL_Drivers/drv_gpio.o
                0x000000000800f2b0                EXTI9_5_IRQHandler
 .text.EXTI15_10_IRQHandler
                0x000000000800f2e2       0x40 /home/demo_t/workspace/rtt_4_0_gcba/bsp/stm32/libraries/HAL_Drivers/drv_gpio.o
                0x000000000800f2e2                EXTI15_10_IRQHandler
 *fill*         0x000000000800f322        0x2 00000000
 .text.rt_hw_pin_init
                0x000000000800f324      0x124 /home/demo_t/workspace/rtt_4_0_gcba/bsp/stm32/libraries/HAL_Drivers/drv_gpio.o
                0x000000000800f324                rt_hw_pin_init
 .text.fal      0x000000000800f448      0x84c build/packages/fal-v0.5.0/src/fal_rtt.o
 .text.fal_show_part_table
                0x000000000800fc94      0x16c build/packages/fal-v0.5.0/src/fal_partition.o
                0x000000000800fc94                fal_show_part_table
 .text.fal_partition_init
                0x000000000800fe00      0x110 build/packages/fal-v0.5.0/src/fal_partition.o
                0x000000000800fe00                fal_partition_init
 .text.fal_partition_find
                0x000000000800ff10       0x7c build/packages/fal-v0.5.0/src/fal_partition.o
                0x000000000800ff10                fal_partition_find
 .text.fal_partition_read
                0x000000000800ff8c      0x10c build/packages/fal-v0.5.0/src/fal_partition.o
                0x000000000800ff8c                fal_partition_read
 .text.fal_partition_write
                0x0000000008010098      0x10c build/packages/fal-v0.5.0/src/fal_partition.o
                0x0000000008010098                fal_partition_write
 .text.fal_partition_erase
                0x00000000080101a4       0xf4 build/packages/fal-v0.5.0/src/fal_partition.o
                0x00000000080101a4                fal_partition_erase
 .text.fal_init
                0x0000000008010298       0x94 build/packages/fal-v0.5.0/src/fal.o
                0x0000000008010298                fal_init
 .text.fal_init_check
                0x000000000801032c       0x18 build/packages/fal-v0.5.0/src/fal.o
                0x000000000801032c                fal_init_check
 .text.fal_flash_init
                0x0000000008010344       0xdc build/packages/fal-v0.5.0/src/fal_flash.o
                0x0000000008010344                fal_flash_init
 .text.fal_flash_device_find
                0x0000000008010420       0x7c build/packages/fal-v0.5.0/src/fal_flash.o
                0x0000000008010420                fal_flash_device_find
 .text.startup  0x000000000801049c       0x14 /usr/lib/gcc/arm-none-eabi/9.2.1/../../../arm-none-eabi/lib/thumb/v7e-m+fp/hard/libc.a(lib_a-__call_atexit.o)
 *(.rodata)
 .rodata        0x00000000080104b0        0xe build/board/board.o
 *fill*         0x00000000080104be        0x2 00000000
 .rodata        0x00000000080104c0     0x1024 build/packages/qboot-latest/src/qboot.o
 .rodata        0x00000000080114e4      0x293 build/packages/ota_downloader/src/ymodem_ota.o
 *fill*         0x0000000008011777        0x1 00000000
 .rodata        0x0000000008011778       0x30 build/packages/_hello/src/hello.o
 .rodata        0x00000000080117a8       0x53 build/kernel/src/components.o
 *fill*         0x00000000080117fb        0x1 00000000
 .rodata        0x00000000080117fc       0x65 build/kernel/src/scheduler.o
 *fill*         0x0000000008011861        0x3 00000000
 .rodata        0x0000000008011864      0x13c build/kernel/src/memheap.o
 .rodata        0x00000000080119a0       0x91 build/kernel/src/object.o
 *fill*         0x0000000008011a31        0x3 00000000
 .rodata        0x0000000008011a34      0x19f build/kernel/src/thread.o
 *fill*         0x0000000008011bd3        0x1 00000000
 .rodata        0x0000000008011bd4       0xde build/kernel/src/timer.o
 *fill*         0x0000000008011cb2        0x2 00000000
 .rodata        0x0000000008011cb4       0xf4 build/kernel/src/device.o
 .rodata        0x0000000008011da8        0x8 build/kernel/src/idle.o
 .rodata        0x0000000008011db0      0x107 build/kernel/src/kservice.o
 *fill*         0x0000000008011eb7        0x1 00000000
 .rodata        0x0000000008011eb8      0x4de build/kernel/src/ipc.o
 *fill*         0x0000000008012396        0x2 00000000
 .rodata        0x0000000008012398      0x2ce build/kernel/libcpu/arm/cortex-m4/cpuport.o
 *fill*         0x0000000008012666        0x2 00000000
 .rodata        0x0000000008012668       0x91 build/kernel/components/finsh/shell.o
 *fill*         0x00000000080126f9        0x3 00000000
 .rodata        0x00000000080126fc       0x78 build/kernel/components/finsh/msh.o
 .rodata        0x0000000008012774       0x37 build/kernel/components/drivers/misc/pin.o
 *fill*         0x00000000080127ab        0x1 00000000
 .rodata        0x00000000080127ac      0x1a2 build/kernel/components/drivers/serial/serial.o
 *fill*         0x000000000801294e        0x2 00000000
 .rodata        0x0000000008012950       0xd7 build/kernel/components/drivers/ipc/completion.o
 *fill*         0x0000000008012a27        0x1 00000000
 .rodata        0x0000000008012a28       0xf4 build/kernel/components/drivers/ipc/dataqueue.o
 .rodata        0x0000000008012b1c       0x1b build/kernel/components/utilities/ymodem/ymodem.o
 *fill*         0x0000000008012b37        0x1 00000000
 .rodata        0x0000000008012b38       0xac /home/demo_t/workspace/rtt_4_0_gcba/bsp/stm32/libraries/HAL_Drivers/drv_usart.o
 .rodata        0x0000000008012be4       0xa6 /home/demo_t/workspace/rtt_4_0_gcba/bsp/stm32/libraries/HAL_Drivers/drv_flash/drv_flash_f4.o
 *fill*         0x0000000008012c8a        0x2 00000000
 .rodata        0x0000000008012c8c       0x46 /home/demo_t/workspace/rtt_4_0_gcba/bsp/stm32/libraries/HAL_Drivers/drv_common.o
 *fill*         0x0000000008012cd2        0x2 00000000
 .rodata        0x0000000008012cd4        0x4 /home/demo_t/workspace/rtt_4_0_gcba/bsp/stm32/libraries/HAL_Drivers/drv_gpio.o
 .rodata        0x0000000008012cd8      0x82c build/packages/fal-v0.5.0/src/fal_rtt.o
 .rodata        0x0000000008013504      0x465 build/packages/fal-v0.5.0/src/fal_partition.o
 *fill*         0x0000000008013969        0x3 00000000
 .rodata        0x000000000801396c       0xb7 build/packages/fal-v0.5.0/src/fal.o
 *fill*         0x0000000008013a23        0x1 00000000
 .rodata        0x0000000008013a24       0xf5 build/packages/fal-v0.5.0/src/fal_flash.o
 *fill*         0x0000000008013b19        0x3 00000000
 .rodata        0x0000000008013b1c        0x4 /usr/lib/gcc/arm-none-eabi/9.2.1/../../../arm-none-eabi/lib/thumb/v7e-m+fp/hard/libc.a(lib_a-impure.o)
                0x0000000008013b1c                _global_impure_ptr
 .rodata        0x0000000008013b20      0x101 /usr/lib/gcc/arm-none-eabi/9.2.1/../../../arm-none-eabi/lib/thumb/v7e-m+fp/hard/libc.a(lib_a-ctype_.o)
                0x0000000008013b20                _ctype_
 *(.rodata*)
 *fill*         0x0000000008013c21        0x3 00000000
 .rodata.__rti_qbt_startup_name
                0x0000000008013c24        0xc build/packages/qboot-latest/src/qboot.o
                0x0000000008013c24                __rti_qbt_startup_name
 .rodata.name   0x0000000008013c30       0x27 build/packages/qboot-latest/src/qboot.o
                0x0000000008013c30                __fsym_qboot_name
                0x0000000008013c38                __fsym_qboot_desc
 *fill*         0x0000000008013c57        0x1 00000000
 .rodata.name   0x0000000008013c58       0x31 build/packages/ota_downloader/src/ymodem_ota.o
                0x0000000008013c58                __fsym_ymodem_ota_name
                0x0000000008013c64                __fsym_ymodem_ota_desc
 *fill*         0x0000000008013c89        0x3 00000000
 .rodata.__rti_hello_init_name
                0x0000000008013c8c        0xb build/packages/_hello/src/hello.o
                0x0000000008013c8c                __rti_hello_init_name
 *fill*         0x0000000008013c97        0x1 00000000
 .rodata.crc32_table
                0x0000000008013c98      0x400 build/packages/crclib-v1.00/src/crc32.o
                0x0000000008013c98                crc32_table
 .rodata.__rti_rti_start_name
                0x0000000008014098        0xa build/kernel/src/components.o
                0x0000000008014098                __rti_rti_start_name
 *fill*         0x00000000080140a2        0x2 00000000
 .rodata.__rti_rti_board_start_name
                0x00000000080140a4       0x10 build/kernel/src/components.o
                0x00000000080140a4                __rti_rti_board_start_name
 .rodata.__rti_rti_board_end_name
                0x00000000080140b4        0xe build/kernel/src/components.o
                0x00000000080140b4                __rti_rti_board_end_name
 *fill*         0x00000000080140c2        0x2 00000000
 .rodata.__rti_rti_end_name
                0x00000000080140c4        0x8 build/kernel/src/components.o
                0x00000000080140c4                __rti_rti_end_name
 .rodata.__FUNCTION__.11011
                0x00000000080140cc       0x14 build/kernel/src/components.o
 .rodata.__FUNCTION__.6529
                0x00000000080140e0       0x1a build/kernel/src/scheduler.o
 *fill*         0x00000000080140fa        0x2 00000000
 .rodata.__FUNCTION__.6567
                0x00000000080140fc       0x1a build/kernel/src/scheduler.o
 *fill*         0x0000000008014116        0x2 00000000
 .rodata.__FUNCTION__.6573
                0x0000000008014118       0x1a build/kernel/src/scheduler.o
 *fill*         0x0000000008014132        0x2 00000000
 .rodata.__FUNCTION__.6530
                0x0000000008014134       0x10 build/kernel/src/memheap.o
 .rodata.__FUNCTION__.6542
                0x0000000008014144       0x11 build/kernel/src/memheap.o
 *fill*         0x0000000008014155        0x3 00000000
 .rodata.__FUNCTION__.6569
                0x0000000008014158       0x10 build/kernel/src/memheap.o
 .rodata.__FUNCTION__.6572
                0x0000000008014168        0xf build/kernel/src/object.o
 *fill*         0x0000000008014177        0x1 00000000
 .rodata.__FUNCTION__.6581
                0x0000000008014178       0x11 build/kernel/src/object.o
 *fill*         0x0000000008014189        0x3 00000000
 .rodata.__FUNCTION__.6590
                0x000000000801418c       0x13 build/kernel/src/object.o
 *fill*         0x000000000801419f        0x1 00000000
 .rodata.__FUNCTION__.6595
                0x00000000080141a0       0x11 build/kernel/src/object.o
 *fill*         0x00000000080141b1        0x3 00000000
 .rodata.__FUNCTION__.6599
                0x00000000080141b4       0x1a build/kernel/src/object.o
 *fill*         0x00000000080141ce        0x2 00000000
 .rodata.__FUNCTION__.6603
                0x00000000080141d0       0x13 build/kernel/src/object.o
 *fill*         0x00000000080141e3        0x1 00000000
 .rodata.__FUNCTION__.6612
                0x00000000080141e4        0xf build/kernel/src/object.o
 *fill*         0x00000000080141f3        0x1 00000000
 .rodata.__FUNCTION__.6537
                0x00000000080141f4       0x10 build/kernel/src/thread.o
 .rodata.__FUNCTION__.6549
                0x0000000008014204        0xd build/kernel/src/thread.o
 *fill*         0x0000000008014211        0x3 00000000
 .rodata.__FUNCTION__.6561
                0x0000000008014214        0xf build/kernel/src/thread.o
 *fill*         0x0000000008014223        0x1 00000000
 .rodata.__FUNCTION__.6570
                0x0000000008014224       0x12 build/kernel/src/thread.o
 *fill*         0x0000000008014236        0x2 00000000
 .rodata.__FUNCTION__.6575
                0x0000000008014238       0x11 build/kernel/src/thread.o
 *fill*         0x0000000008014249        0x3 00000000
 .rodata.__FUNCTION__.6591
                0x000000000801424c       0x11 build/kernel/src/thread.o
 *fill*         0x000000000801425d        0x3 00000000
 .rodata.__FUNCTION__.6602
                0x0000000008014260       0x10 build/kernel/src/thread.o
 .rodata.__FUNCTION__.6625
                0x0000000008014270       0x12 build/kernel/src/thread.o
 *fill*         0x0000000008014282        0x2 00000000
 .rodata.__FUNCTION__.6637
                0x0000000008014284       0x12 build/kernel/src/thread.o
 *fill*         0x0000000008014296        0x2 00000000
 .rodata.__FUNCTION__.6642
                0x0000000008014298       0x11 build/kernel/src/thread.o
 *fill*         0x00000000080142a9        0x3 00000000
 .rodata.__FUNCTION__.6555
                0x00000000080142ac        0xe build/kernel/src/timer.o
 *fill*         0x00000000080142ba        0x2 00000000
 .rodata.__FUNCTION__.6560
                0x00000000080142bc       0x10 build/kernel/src/timer.o
 .rodata.__FUNCTION__.6586
                0x00000000080142cc        0xf build/kernel/src/timer.o
 *fill*         0x00000000080142db        0x1 00000000
 .rodata.__FUNCTION__.6603
                0x00000000080142dc        0xe build/kernel/src/timer.o
 *fill*         0x00000000080142ea        0x2 00000000
 .rodata.__FUNCTION__.6610
                0x00000000080142ec       0x11 build/kernel/src/timer.o
 *fill*         0x00000000080142fd        0x3 00000000
 .rodata.__FUNCTION__.6478
                0x0000000008014300        0xf build/kernel/src/device.o
 *fill*         0x000000000801430f        0x1 00000000
 .rodata.__FUNCTION__.6483
                0x0000000008014310       0x10 build/kernel/src/device.o
 .rodata.__FUNCTION__.6490
                0x0000000008014320        0xf build/kernel/src/device.o
 *fill*         0x000000000801432f        0x1 00000000
 .rodata.__FUNCTION__.6497
                0x0000000008014330       0x10 build/kernel/src/device.o
 .rodata.__FUNCTION__.6510
                0x0000000008014340       0x1a build/kernel/src/device.o
 *fill*         0x000000000801435a        0x2 00000000
 .rodata.__lowest_bit_bitmap
                0x000000000801435c      0x100 build/kernel/src/kservice.o
                0x000000000801435c                __lowest_bit_bitmap
 .rodata.large_digits.6702
                0x000000000801445c       0x11 build/kernel/src/kservice.o
 *fill*         0x000000000801446d        0x3 00000000
 .rodata.small_digits.6701
                0x0000000008014470       0x11 build/kernel/src/kservice.o
 *fill*         0x0000000008014481        0x3 00000000
 .rodata.__FUNCTION__.6856
                0x0000000008014484       0x14 build/kernel/src/kservice.o
 .rodata.__FUNCTION__.6839